Generating types for 'specification/logic/resource-manager/Microsoft.Logic/Logic/readme.md'
AutoRest code generation utility [cli version: 3.8.0; node: v22.23.1]
(C) 2018 Microsoft Corporation.
https://aka.ms/autorest
⚠️ AutoRest is deprecated and will be retired on July 1, 2026. Please migrate to TypeSpec: https://typespec.io — details: https://github.com/Azure/autorest/issues/5175
warning | DeprecatedConfig | Using directive.0.suppress which is deprecated and will be removed in the future.
warning | DeprecatedConfig | Using directive.1.suppress which is deprecated and will be removed in the future.
warning | DeprecatedConfig | Using directive.0.suppress which is deprecated and will be removed in the future.
warning | DeprecatedConfig | Using directive.0.suppress which is deprecated and will be removed in the future.
warning | DeprecatedConfig | Using directive.1.suppress which is deprecated and will be removed in the future.
warning | DeprecatedConfig | Using directive.0.suppress which is deprecated and will be removed in the future.
warning | SkippedSemanticValidation | Semantic validation was skipped.
warning | PreCheck/CheckDuplicateSchemas | Checking for duplicate schemas, this could take a (long) while.  Run with --verbose for more detail.
warning | DeprecatedConfig | Using directive.0.suppress which is deprecated and will be removed in the future.
warning | DeprecatedConfig | Using directive.1.suppress which is deprecated and will be removed in the future.
warning | DeprecatedConfig | Using directive.0.suppress which is deprecated and will be removed in the future.
warning | SkippedSemanticValidation | Semantic validation was skipped.
warning | PreCheck/SchemaMissingType | The schema 'Resource' with an undefined type and declared properties is a bit ambiguous. This has been auto-corrected to 'type:object'
    - file:///home/runner/work/bicep-types-az/bicep-types-az/workflow-temp/azure-rest-api-specs/specification/logic/resource-manager/Microsoft.Logic/Logic/stable/2019-05-01/logic.json:6408:5
warning | PreCheck/SchemaMissingType | The schema 'SubResource' with an undefined type and declared properties is a bit ambiguous. This has been auto-corrected to 'type:object'
    - file:///home/runner/work/bicep-types-az/bicep-types-az/workflow-temp/azure-rest-api-specs/specification/logic/resource-manager/Microsoft.Logic/Logic/stable/2019-05-01/logic.json:6440:5
warning | PreCheck/SchemaMissingType | The schema 'OperationListResult' with an undefined type and declared properties is a bit ambiguous. This has been auto-corrected to 'type:object'
    - file:///home/runner/work/bicep-types-az/bicep-types-az/workflow-temp/azure-rest-api-specs/specification/logic/resource-manager/Microsoft.Logic/Logic/stable/2019-05-01/logic.json:12240:5
warning | PreCheck/CheckDuplicateSchemas | Checking for duplicate schemas, this could take a (long) while.  Run with --verbose for more detail.
warning | PreCheck/PropertyRedeclarationWarning | Schema 'WorkflowTriggerReference' has a property 'name' that is already declared the parent schema 'ResourceReference' but 'readonly' has been changed -- this is not permitted. The property has been removed from WorkflowTriggerReference
warning | PreCheck/PropertyRedeclarationWarning | Schema 'WorkflowReference' has a property 'name' that is already declared the parent schema 'ResourceReference' but 'readonly' has been changed -- this is not permitted. The property has been removed from WorkflowReference
warning | PreCheck/PropertyRedeclarationWarning | Schema 'KeyVaultReference' has a property 'name' that is already declared the parent schema 'ResourceReference' but 'readonly' has been changed -- this is not permitted. The property has been removed from KeyVaultReference
warning | PreCheck/PropertyRedeclarationWarning | Schema 'BatchConfigurationProperties' has a property 'createdTime' that is already declared the parent schema 'ArtifactProperties' but isn't significantly different. The property has been removed from BatchConfigurationProperties
warning | PreCheck/PropertyRedeclarationWarning | Schema 'BatchConfigurationProperties' has a property 'changedTime' that is already declared the parent schema 'ArtifactProperties' but isn't significantly different. The property has been removed from BatchConfigurationProperties
warning | Modeler/MissingType | The schema 'Expression-value' has no type or format information whatsoever. Location:
   file:///home/runner/work/bicep-types-az/bicep-types-az/workflow-temp/azure-rest-api-specs/specification/logic/resource-manager/Microsoft.Logic/Logic/stable/2019-05-01/logic.json#/components/schemas/Expression-value
warning | Modeler/MissingType | The schema 'OperationResultProperties-error' has no type or format information whatsoever. Location:
   file:///home/runner/work/bicep-types-az/bicep-types-az/workflow-temp/azure-rest-api-specs/specification/logic/resource-manager/Microsoft.Logic/Logic/stable/2019-05-01/logic.json#/components/schemas/OperationResultProperties-error
warning | Modeler/MissingType | The schema 'ArtifactContentPropertiesDefinition-content' has no type or format information whatsoever. Location:
   file:///home/runner/work/bicep-types-az/bicep-types-az/workflow-temp/azure-rest-api-specs/specification/logic/resource-manager/Microsoft.Logic/Logic/stable/2019-05-01/logic.json#/components/schemas/ArtifactContentPropertiesDefinition-content
warning | Modeler/MissingType | The schema 'ArtifactProperties-metadata' has no type or format information whatsoever. Location:
   file:///home/runner/work/bicep-types-az/bicep-types-az/workflow-temp/azure-rest-api-specs/specification/logic/resource-manager/Microsoft.Logic/Logic/stable/2019-05-01/logic.json#/components/schemas/ArtifactProperties-metadata
warning | Unrecognized property type: any-object. Returning 'any'.
warning | Unrecognized property type: any-object. Returning 'any'.
warning | Unrecognized property type: any-object. Returning 'any'.
warning | Unrecognized property type: any-object. Returning 'any'.
warning | Unrecognized property type: any-object. Returning 'any'.
warning | Unrecognized property type: any-object. Returning 'any'.
warning | Unrecognized property type: any-object. Returning 'any'.
warning | Unrecognized property type: any-object. Returning 'any'.
warning | Unrecognized property type: any-object. Returning 'any'.
warning | Unrecognized property type: any-object. Returning 'any'.
warning | Unrecognized property type: any-object. Returning 'any'.
warning | Unrecognized property type: any-object. Returning 'any'.
warning | Unrecognized property type: any-object. Returning 'any'.
warning | Unrecognized property type: any-object. Returning 'any'.
warning | Unrecognized property type: any-object. Returning 'any'.
warning | Unrecognized property type: any-object. Returning 'any'.
warning | Unrecognized property type: any-object. Returning 'any'.
warning | Unrecognized property type: any-object. Returning 'any'.
warning | Unrecognized property type: any-object. Returning 'any'.
warning | Unrecognized property type: any-object. Returning 'any'.
warning | Unrecognized property type: any-object. Returning 'any'.
warning | Unrecognized property type: any-object. Returning 'any'.
warning | Unrecognized property type: any-object. Returning 'any'.
warning | Unrecognized property type: any-object. Returning 'any'.
warning | Unrecognized property type: any-object. Returning 'any'.
warning | Unrecognized property type: any-object. Returning 'any'.
warning | Unrecognized property type: any-object. Returning 'any'.
warning | Unrecognized property type: any-object. Returning 'any'.
warning | Skipping resource action disable under path '/subscriptions/{subscriptionId}/resourceGroups/{resourceGroupName}/providers/Microsoft.Logic/workflows/{workflowName}/disable': failed to find a response schema
warning | Skipping resource action enable under path '/subscriptions/{subscriptionId}/resourceGroups/{resourceGroupName}/providers/Microsoft.Logic/workflows/{workflowName}/enable': failed to find a response schema
warning | Unrecognized property type: any-object. Returning 'any'.
warning | Unrecognized property type: any-object. Returning 'any'.
warning | Skipping resource action move under path '/subscriptions/{subscriptionId}/resourceGroups/{resourceGroupName}/providers/Microsoft.Logic/workflows/{workflowName}/move': failed to find a response schema
warning | Skipping resource action regenerateAccessKey under path '/subscriptions/{subscriptionId}/resourceGroups/{resourceGroupName}/providers/Microsoft.Logic/workflows/{workflowName}/regenerateAccessKey': failed to find a response schema
warning | Skipping resource action validate under path '/subscriptions/{subscriptionId}/resourceGroups/{resourceGroupName}/providers/Microsoft.Logic/workflows/{workflowName}/validate': failed to find a response schema
warning | Skipping resource action validate under path '/subscriptions/{subscriptionId}/resourceGroups/{resourceGroupName}/providers/Microsoft.Logic/locations/{location}/workflows/{workflowName}/validate': failed to find a response schema
warning | Skipping resource action reset under path '/subscriptions/{subscriptionId}/resourceGroups/{resourceGroupName}/providers/Microsoft.Logic/workflows/{workflowName}/triggers/{triggerName}/reset': failed to find a response schema
warning | Skipping resource action run under path '/subscriptions/{subscriptionId}/resourceGroups/{resourceGroupName}/providers/Microsoft.Logic/workflows/{workflowName}/triggers/{triggerName}/run': failed to find a response schema
warning | Skipping resource action setState under path '/subscriptions/{subscriptionId}/resourceGroups/{resourceGroupName}/providers/Microsoft.Logic/workflows/{workflowName}/triggers/{triggerName}/setState': failed to find a response schema
warning | Skipping resource action cancel under path '/subscriptions/{subscriptionId}/resourceGroups/{resourceGroupName}/providers/Microsoft.Logic/workflows/{workflowName}/runs/{runName}/cancel': failed to find a response schema
warning | Unrecognized property type: any-object. Returning 'any'.
warning | Skipping resource action logTrackingEvents under path '/subscriptions/{subscriptionId}/resourceGroups/{resourceGroupName}/providers/Microsoft.Logic/integrationAccounts/{integrationAccountName}/logTrackingEvents': failed to find a response schema
warning | Skipping resource action restart under path '/subscriptions/{subscriptionId}/resourceGroups/{resourceGroup}/providers/Microsoft.Logic/integrationServiceEnvironments/{integrationServiceEnvironmentName}/restart': failed to find a response schema
warning | DeprecatedConfig | Using directive.0.suppress which is deprecated and will be removed in the future.
warning | DeprecatedConfig | Using directive.1.suppress which is deprecated and will be removed in the future.
warning | DeprecatedConfig | Using directive.0.suppress which is deprecated and will be removed in the future.
warning | SkippedSemanticValidation | Semantic validation was skipped.
warning | PreCheck/SchemaMissingType | The schema 'Resource' with an undefined type and declared properties is a bit ambiguous. This has been auto-corrected to 'type:object'
    - file:///home/runner/work/bicep-types-az/bicep-types-az/workflow-temp/azure-rest-api-specs/specification/logic/resource-manager/Microsoft.Logic/Logic/preview/2018-07-01-preview/logic.json:5169:5
warning | PreCheck/SchemaMissingType | The schema 'SubResource' with an undefined type and declared properties is a bit ambiguous. This has been auto-corrected to 'type:object'
    - file:///home/runner/work/bicep-types-az/bicep-types-az/workflow-temp/azure-rest-api-specs/specification/logic/resource-manager/Microsoft.Logic/Logic/preview/2018-07-01-preview/logic.json:5201:5
warning | PreCheck/SchemaMissingType | The schema 'Operation-display' with an undefined type and declared properties is a bit ambiguous. This has been auto-corrected to 'type:object'
    - file:///home/runner/work/bicep-types-az/bicep-types-az/workflow-temp/azure-rest-api-specs/specification/logic/resource-manager/Microsoft.Logic/Logic/preview/2018-07-01-preview/logic.json:9246:9
warning | PreCheck/SchemaMissingType | The schema 'OperationListResult' with an undefined type and declared properties is a bit ambiguous. This has been auto-corrected to 'type:object'
    - file:///home/runner/work/bicep-types-az/bicep-types-az/workflow-temp/azure-rest-api-specs/specification/logic/resource-manager/Microsoft.Logic/Logic/preview/2018-07-01-preview/logic.json:9265:5
warning | PreCheck/CheckDuplicateSchemas | Checking for duplicate schemas, this could take a (long) while.  Run with --verbose for more detail.
warning | PreCheck/PropertyRedeclarationWarning | Schema 'KeyVaultReference' has a property 'name' that is already declared the parent schema 'ResourceReference' but 'readonly' has been changed -- this is not permitted. The property has been removed from KeyVaultReference
warning | PreCheck/PropertyRedeclarationWarning | Schema 'BatchConfigurationProperties' has a property 'createdTime' that is already declared the parent schema 'ArtifactProperties' but isn't significantly different. The property has been removed from BatchConfigurationProperties
warning | PreCheck/PropertyRedeclarationWarning | Schema 'BatchConfigurationProperties' has a property 'changedTime' that is already declared the parent schema 'ArtifactProperties' but isn't significantly different. The property has been removed from BatchConfigurationProperties
warning | Modeler/MissingType | The schema 'Expression-value' has no type or format information whatsoever. Location:
   file:///home/runner/work/bicep-types-az/bicep-types-az/workflow-temp/azure-rest-api-specs/specification/logic/resource-manager/Microsoft.Logic/Logic/preview/2018-07-01-preview/logic.json#/components/schemas/Expression-value
warning | Modeler/MissingType | The schema 'OperationResultProperties-error' has no type or format information whatsoever. Location:
   file:///home/runner/work/bicep-types-az/bicep-types-az/workflow-temp/azure-rest-api-specs/specification/logic/resource-manager/Microsoft.Logic/Logic/preview/2018-07-01-preview/logic.json#/components/schemas/OperationResultProperties-error
warning | Modeler/MissingType | The schema 'ArtifactContentPropertiesDefinition-content' has no type or format information whatsoever. Location:
   file:///home/runner/work/bicep-types-az/bicep-types-az/workflow-temp/azure-rest-api-specs/specification/logic/resource-manager/Microsoft.Logic/Logic/preview/2018-07-01-preview/logic.json#/components/schemas/ArtifactContentPropertiesDefinition-content
warning | Modeler/MissingType | The schema 'ArtifactProperties-metadata' has no type or format information whatsoever. Location:
   file:///home/runner/work/bicep-types-az/bicep-types-az/workflow-temp/azure-rest-api-specs/specification/logic/resource-manager/Microsoft.Logic/Logic/preview/2018-07-01-preview/logic.json#/components/schemas/ArtifactProperties-metadata
warning | Unrecognized property type: any-object. Returning 'any'.
warning | Unrecognized property type: any-object. Returning 'any'.
warning | Unrecognized property type: any-object. Returning 'any'.
warning | Unrecognized property type: any-object. Returning 'any'.
warning | Unrecognized property type: any-object. Returning 'any'.
warning | Unrecognized property type: any-object. Returning 'any'.
warning | Unrecognized property type: any-object. Returning 'any'.
warning | Unrecognized property type: any-object. Returning 'any'.
warning | Unrecognized property type: any-object. Returning 'any'.
warning | Unrecognized property type: any-object. Returning 'any'.
warning | Unrecognized property type: any-object. Returning 'any'.
warning | Unrecognized property type: any-object. Returning 'any'.
warning | Unrecognized property type: any-object. Returning 'any'.
warning | Unrecognized property type: any-object. Returning 'any'.
warning | Unrecognized property type: any-object. Returning 'any'.
warning | Unrecognized property type: any-object. Returning 'any'.
warning | Unrecognized property type: any-object. Returning 'any'.
warning | Unrecognized property type: any-object. Returning 'any'.
warning | Unrecognized property type: any-object. Returning 'any'.
warning | Unrecognized property type: any-object. Returning 'any'.
warning | Unrecognized property type: any-object. Returning 'any'.
warning | Unrecognized property type: any-object. Returning 'any'.
warning | Unrecognized property type: any-object. Returning 'any'.
warning | Unrecognized property type: any-object. Returning 'any'.
warning | Unrecognized property type: any-object. Returning 'any'.
warning | Unrecognized property type: any-object. Returning 'any'.
warning | Unrecognized property type: any-object. Returning 'any'.
warning | Unrecognized property type: any-object. Returning 'any'.
warning | Skipping resource action disable under path '/subscriptions/{subscriptionId}/resourceGroups/{resourceGroupName}/providers/Microsoft.Logic/workflows/{workflowName}/disable': failed to find a response schema
warning | Skipping resource action enable under path '/subscriptions/{subscriptionId}/resourceGroups/{resourceGroupName}/providers/Microsoft.Logic/workflows/{workflowName}/enable': failed to find a response schema
warning | Unrecognized property type: any-object. Returning 'any'.
warning | Unrecognized property type: any-object. Returning 'any'.
warning | Skipping resource action move under path '/subscriptions/{subscriptionId}/resourceGroups/{resourceGroupName}/providers/Microsoft.Logic/workflows/{workflowName}/move': failed to find a response schema
warning | Skipping resource action regenerateAccessKey under path '/subscriptions/{subscriptionId}/resourceGroups/{resourceGroupName}/providers/Microsoft.Logic/workflows/{workflowName}/regenerateAccessKey': failed to find a response schema
warning | Skipping resource action validate under path '/subscriptions/{subscriptionId}/resourceGroups/{resourceGroupName}/providers/Microsoft.Logic/workflows/{workflowName}/validate': failed to find a response schema
warning | Skipping resource action validate under path '/subscriptions/{subscriptionId}/resourceGroups/{resourceGroupName}/providers/Microsoft.Logic/locations/{location}/workflows/{workflowName}/validate': failed to find a response schema
warning | Skipping resource action reset under path '/subscriptions/{subscriptionId}/resourceGroups/{resourceGroupName}/providers/Microsoft.Logic/workflows/{workflowName}/triggers/{triggerName}/reset': failed to find a response schema
warning | Skipping resource action setState under path '/subscriptions/{subscriptionId}/resourceGroups/{resourceGroupName}/providers/Microsoft.Logic/workflows/{workflowName}/triggers/{triggerName}/setState': failed to find a response schema
warning | Skipping resource action cancel under path '/subscriptions/{subscriptionId}/resourceGroups/{resourceGroupName}/providers/Microsoft.Logic/workflows/{workflowName}/runs/{runName}/cancel': failed to find a response schema
warning | Skipping resource action logTrackingEvents under path '/subscriptions/{subscriptionId}/resourceGroups/{resourceGroupName}/providers/Microsoft.Logic/integrationAccounts/{integrationAccountName}/logTrackingEvents': failed to find a response schema
warning | Unrecognized property type: any-object. Returning 'any'.
warning | DeprecatedConfig | Using directive.0.suppress which is deprecated and will be removed in the future.
warning | DeprecatedConfig | Using directive.1.suppress which is deprecated and will be removed in the future.
warning | DeprecatedConfig | Using directive.0.suppress which is deprecated and will be removed in the future.
warning | SkippedSemanticValidation | Semantic validation was skipped.
warning | PreCheck/SchemaMissingType | The schema 'Resource' with an undefined type and declared properties is a bit ambiguous. This has been auto-corrected to 'type:object'
    - file:///home/runner/work/bicep-types-az/bicep-types-az/workflow-temp/azure-rest-api-specs/specification/logic/resource-manager/Microsoft.Logic/Logic/stable/2016-06-01/logic.json:5419:5
warning | PreCheck/SchemaMissingType | The schema 'SubResource' with an undefined type and declared properties is a bit ambiguous. This has been auto-corrected to 'type:object'
    - file:///home/runner/work/bicep-types-az/bicep-types-az/workflow-temp/azure-rest-api-specs/specification/logic/resource-manager/Microsoft.Logic/Logic/stable/2016-06-01/logic.json:5451:5
warning | PreCheck/SchemaMissingType | The schema 'Operation-display' with an undefined type and declared properties is a bit ambiguous. This has been auto-corrected to 'type:object'
    - file:///home/runner/work/bicep-types-az/bicep-types-az/workflow-temp/azure-rest-api-specs/specification/logic/resource-manager/Microsoft.Logic/Logic/stable/2016-06-01/logic.json:9823:9
warning | PreCheck/SchemaMissingType | The schema 'OperationListResult' with an undefined type and declared properties is a bit ambiguous. This has been auto-corrected to 'type:object'
    - file:///home/runner/work/bicep-types-az/bicep-types-az/workflow-temp/azure-rest-api-specs/specification/logic/resource-manager/Microsoft.Logic/Logic/stable/2016-06-01/logic.json:9842:5
warning | PreCheck/CheckDuplicateSchemas | Checking for duplicate schemas, this could take a (long) while.  Run with --verbose for more detail.
warning | PreCheck/PropertyRedeclarationWarning | Schema 'KeyVaultReference' has a property 'name' that is already declared the parent schema 'ResourceReference' but 'readonly' has been changed -- this is not permitted. The property has been removed from KeyVaultReference
warning | PreCheck/PropertyRedeclarationWarning | Schema 'BatchConfigurationProperties' has a property 'createdTime' that is already declared the parent schema 'ArtifactProperties' but isn't significantly different. The property has been removed from BatchConfigurationProperties
warning | PreCheck/PropertyRedeclarationWarning | Schema 'BatchConfigurationProperties' has a property 'changedTime' that is already declared the parent schema 'ArtifactProperties' but isn't significantly different. The property has been removed from BatchConfigurationProperties
warning | Modeler/MissingType | The schema 'Expression-value' has no type or format information whatsoever. Location:
   file:///home/runner/work/bicep-types-az/bicep-types-az/workflow-temp/azure-rest-api-specs/specification/logic/resource-manager/Microsoft.Logic/Logic/stable/2016-06-01/logic.json#/components/schemas/Expression-value
warning | Modeler/MissingType | The schema 'OperationResultProperties-error' has no type or format information whatsoever. Location:
   file:///home/runner/work/bicep-types-az/bicep-types-az/workflow-temp/azure-rest-api-specs/specification/logic/resource-manager/Microsoft.Logic/Logic/stable/2016-06-01/logic.json#/components/schemas/OperationResultProperties-error
warning | Modeler/MissingType | The schema 'ArtifactContentPropertiesDefinition-content' has no type or format information whatsoever. Location:
   file:///home/runner/work/bicep-types-az/bicep-types-az/workflow-temp/azure-rest-api-specs/specification/logic/resource-manager/Microsoft.Logic/Logic/stable/2016-06-01/logic.json#/components/schemas/ArtifactContentPropertiesDefinition-content
warning | Modeler/MissingType | The schema 'ArtifactProperties-metadata' has no type or format information whatsoever. Location:
   file:///home/runner/work/bicep-types-az/bicep-types-az/workflow-temp/azure-rest-api-specs/specification/logic/resource-manager/Microsoft.Logic/Logic/stable/2016-06-01/logic.json#/components/schemas/ArtifactProperties-metadata
warning | Unrecognized property type: any-object. Returning 'any'.
warning | Unrecognized property type: any-object. Returning 'any'.
warning | Unrecognized property type: any-object. Returning 'any'.
warning | Unrecognized property type: any-object. Returning 'any'.
warning | Unrecognized property type: any-object. Returning 'any'.
warning | Unrecognized property type: any-object. Returning 'any'.
warning | Unrecognized property type: any-object. Returning 'any'.
warning | Unrecognized property type: any-object. Returning 'any'.
warning | Unrecognized property type: any-object. Returning 'any'.
warning | Unrecognized property type: any-object. Returning 'any'.
warning | Unrecognized property type: any-object. Returning 'any'.
warning | Unrecognized property type: any-object. Returning 'any'.
warning | Unrecognized property type: any-object. Returning 'any'.
warning | Unrecognized property type: any-object. Returning 'any'.
warning | Unrecognized property type: any-object. Returning 'any'.
warning | Unrecognized property type: any-object. Returning 'any'.
warning | Unrecognized property type: any-object. Returning 'any'.
warning | Unrecognized property type: any-object. Returning 'any'.
warning | Unrecognized property type: any-object. Returning 'any'.
warning | Unrecognized property type: any-object. Returning 'any'.
warning | Unrecognized property type: any-object. Returning 'any'.
warning | Unrecognized property type: any-object. Returning 'any'.
warning | Unrecognized property type: any-object. Returning 'any'.
warning | Unrecognized property type: any-object. Returning 'any'.
warning | Unrecognized property type: any-object. Returning 'any'.
warning | Unrecognized property type: any-object. Returning 'any'.
warning | Unrecognized property type: any-object. Returning 'any'.
warning | Unrecognized property type: any-object. Returning 'any'.
warning | Skipping resource action disable under path '/subscriptions/{subscriptionId}/resourceGroups/{resourceGroupName}/providers/Microsoft.Logic/workflows/{workflowName}/disable': failed to find a response schema
warning | Skipping resource action enable under path '/subscriptions/{subscriptionId}/resourceGroups/{resourceGroupName}/providers/Microsoft.Logic/workflows/{workflowName}/enable': failed to find a response schema
warning | Unrecognized property type: any-object. Returning 'any'.
warning | Unrecognized property type: any-object. Returning 'any'.
warning | Skipping resource action move under path '/subscriptions/{subscriptionId}/resourceGroups/{resourceGroupName}/providers/Microsoft.Logic/workflows/{workflowName}/move': failed to find a response schema
warning | Skipping resource action regenerateAccessKey under path '/subscriptions/{subscriptionId}/resourceGroups/{resourceGroupName}/providers/Microsoft.Logic/workflows/{workflowName}/regenerateAccessKey': failed to find a response schema
warning | Skipping resource action validate under path '/subscriptions/{subscriptionId}/resourceGroups/{resourceGroupName}/providers/Microsoft.Logic/workflows/{workflowName}/validate': failed to find a response schema
warning | Skipping resource action validate under path '/subscriptions/{subscriptionId}/resourceGroups/{resourceGroupName}/providers/Microsoft.Logic/locations/{location}/workflows/{workflowName}/validate': failed to find a response schema
warning | Skipping resource action reset under path '/subscriptions/{subscriptionId}/resourceGroups/{resourceGroupName}/providers/Microsoft.Logic/workflows/{workflowName}/triggers/{triggerName}/reset': failed to find a response schema
warning | Skipping resource action setState under path '/subscriptions/{subscriptionId}/resourceGroups/{resourceGroupName}/providers/Microsoft.Logic/workflows/{workflowName}/triggers/{triggerName}/setState': failed to find a response schema
warning | Skipping resource action cancel under path '/subscriptions/{subscriptionId}/resourceGroups/{resourceGroupName}/providers/Microsoft.Logic/workflows/{workflowName}/runs/{runName}/cancel': failed to find a response schema
warning | Skipping resource action logTrackingEvents under path '/subscriptions/{subscriptionId}/resourceGroups/{resourceGroupName}/providers/Microsoft.Logic/integrationAccounts/{integrationAccountName}/logTrackingEvents': failed to find a response schema
warning | Unrecognized property type: any-object. Returning 'any'.
warning | DeprecatedConfig | Using directive.0.suppress which is deprecated and will be removed in the future.
warning | DeprecatedConfig | Using directive.1.suppress which is deprecated and will be removed in the future.
warning | DeprecatedConfig | Using directive.0.suppress which is deprecated and will be removed in the future.
warning | SkippedSemanticValidation | Semantic validation was skipped.
warning | PreCheck/SchemaMissingType | The schema 'IntegrationAccountResource' with an undefined type and declared properties is a bit ambiguous. This has been auto-corrected to 'type:object'
    - file:///home/runner/work/bicep-types-az/bicep-types-az/workflow-temp/azure-rest-api-specs/specification/logic/resource-manager/Microsoft.Logic/Logic/preview/2015-08-01-preview/logic.json:1351:5
warning | PreCheck/CheckDuplicateSchemas | Checking for duplicate schemas, this could take a (long) while.  Run with --verbose for more detail.
warning | Unrecognized property type: any-object. Returning 'any'.
warning | Unrecognized property type: any-object. Returning 'any'.
warning | Unrecognized property type: any-object. Returning 'any'.
warning | Unrecognized property type: any-object. Returning 'any'.
warning | Unrecognized property type: any-object. Returning 'any'.
warning | Unrecognized property type: any-object. Returning 'any'.
warning | Unrecognized property type: any-object. Returning 'any'.
warning | Unrecognized property type: any-object. Returning 'any'.
warning | Unrecognized property type: any-object. Returning 'any'.
warning | DeprecatedConfig | Using directive.0.suppress which is deprecated and will be removed in the future.
warning | DeprecatedConfig | Using directive.1.suppress which is deprecated and will be removed in the future.
warning | DeprecatedConfig | Using directive.0.suppress which is deprecated and will be removed in the future.
warning | SkippedSemanticValidation | Semantic validation was skipped.
warning | PreCheck/SchemaMissingType | The schema 'Resource' with an undefined type and declared properties is a bit ambiguous. This has been auto-corrected to 'type:object'
    - file:///home/runner/work/bicep-types-az/bicep-types-az/workflow-temp/azure-rest-api-specs/specification/logic/resource-manager/Microsoft.Logic/Logic/preview/2015-02-01-preview/logic.json:1352:5
warning | PreCheck/SchemaMissingType | The schema 'SubResource' with an undefined type and declared properties is a bit ambiguous. This has been auto-corrected to 'type:object'
    - file:///home/runner/work/bicep-types-az/bicep-types-az/workflow-temp/azure-rest-api-specs/specification/logic/resource-manager/Microsoft.Logic/Logic/preview/2015-02-01-preview/logic.json:1380:5
warning | PreCheck/CheckDuplicateSchemas | Checking for duplicate schemas, this could take a (long) while.  Run with --verbose for more detail.
warning | Unrecognized property type: any-object. Returning 'any'.
warning | Unrecognized property type: any-object. Returning 'any'.
warning | Unrecognized property type: any-object. Returning 'any'.
warning | Unrecognized property type: any-object. Returning 'any'.
warning | Unrecognized property type: any-object. Returning 'any'.
warning | Unrecognized property type: any-object. Returning 'any'.
warning | Unrecognized property type: any-object. Returning 'any'.
warning | Unrecognized property type: any-object. Returning 'any'.
warning | Unrecognized property type: any-object. Returning 'any'.
warning | Unrecognized property type: any-object. Returning 'any'.
warning | Unrecognized property type: any-object. Returning 'any'.
warning | Unrecognized property type: any-object. Returning 'any'.
warning | Unrecognized property type: any-object. Returning 'any'.
warning | Unrecognized property type: any-object. Returning 'any'.
warning | Skipping resource action disable under path '/subscriptions/{subscriptionId}/resourceGroups/{resourceGroupName}/providers/Microsoft.Logic/workflows/{workflowName}/disable': failed to find a response schema
warning | Skipping resource action enable under path '/subscriptions/{subscriptionId}/resourceGroups/{resourceGroupName}/providers/Microsoft.Logic/workflows/{workflowName}/enable': failed to find a response schema
warning | Skipping resource action validate under path '/subscriptions/{subscriptionId}/resourceGroups/{resourceGroupName}/providers/Microsoft.Logic/workflows/{workflowName}/validate': failed to find a response schema
warning | Skipping resource action run under path '/subscriptions/{subscriptionId}/resourceGroups/{resourceGroupName}/providers/Microsoft.Logic/workflows/{workflowName}/triggers/{triggerName}/run': failed to find a response schema
warning | Skipping resource action cancel under path '/subscriptions/{subscriptionId}/resourceGroups/{resourceGroupName}/providers/Microsoft.Logic/workflows/{workflowName}/runs/{runName}/cancel': failed to find a response schema
