Generating types for 'specification/compute/resource-manager/Microsoft.Compute/Bulkactions/readme.md'
AutoRest code generation utility [cli version: 3.8.0; node: v22.23.2]
(C) 2018 Microsoft Corporation.
https://aka.ms/autorest
⚠️ AutoRest is deprecated and will be retired on July 1, 2026. Please migrate to TypeSpec: https://typespec.io — details: https://github.com/Azure/autorest/issues/5175
warning | SkippedSemanticValidation | Semantic validation was skipped.
warning | PreCheck/CheckDuplicateSchemas | Checking for duplicate schemas, this could take a (long) while.  Run with --verbose for more detail.
warning | Modeler/MissingType | The schema 'components·1s2qrnx·schemas·bulkactionvmextensionproperties·properties·settings·additionalproperties' has no type or format information whatsoever. Location:
   file:///home/runner/work/bicep-types-az/bicep-types-az/workflow-temp/azure-rest-api-specs/specification/compute/resource-manager/Microsoft.Compute/Bulkactions/preview/2026-08-06-preview/Bulkactions.json#/components/schemas/components·1s2qrnx·schemas·bulkactionvmextensionproperties·properties·settings·additionalproperties
warning | Modeler/MissingType | The schema 'components·mx6a6c·schemas·bulkactionvmextensionproperties·properties·protectedsettings·additionalproperties' has no type or format information whatsoever. Location:
   file:///home/runner/work/bicep-types-az/bicep-types-az/workflow-temp/azure-rest-api-specs/specification/compute/resource-manager/Microsoft.Compute/Bulkactions/preview/2026-08-06-preview/Bulkactions.json#/components/schemas/components·mx6a6c·schemas·bulkactionvmextensionproperties·properties·protectedsettings·additionalproperties
warning | Modeler/MissingType | The schema 'components·1825ift·schemas·resourceprovisionpayload·properties·baseprofile·additionalproperties' has no type or format information whatsoever. Location:
   file:///home/runner/work/bicep-types-az/bicep-types-az/workflow-temp/azure-rest-api-specs/specification/compute/resource-manager/Microsoft.Compute/Bulkactions/preview/2026-08-06-preview/Bulkactions.json#/components/schemas/components·1825ift·schemas·resourceprovisionpayload·properties·baseprofile·additionalproperties
warning | Modeler/MissingType | The schema 'components·dsdydq·schemas·resourceprovisionpayload·properties·resourceoverrides·items·additionalproperties' has no type or format information whatsoever. Location:
   file:///home/runner/work/bicep-types-az/bicep-types-az/workflow-temp/azure-rest-api-specs/specification/compute/resource-manager/Microsoft.Compute/Bulkactions/preview/2026-08-06-preview/Bulkactions.json#/components/schemas/components·dsdydq·schemas·resourceprovisionpayload·properties·resourceoverrides·items·additionalproperties
warning | Modeler/MissingType | The schema 'components·occ0sp·schemas·resourceprovisionvdipayload·properties·baseprofile·additionalproperties' has no type or format information whatsoever. Location:
   file:///home/runner/work/bicep-types-az/bicep-types-az/workflow-temp/azure-rest-api-specs/specification/compute/resource-manager/Microsoft.Compute/Bulkactions/preview/2026-08-06-preview/Bulkactions.json#/components/schemas/components·occ0sp·schemas·resourceprovisionvdipayload·properties·baseprofile·additionalproperties
warning | Modeler/MissingType | The schema 'components·14dvlvb·schemas·resourceprovisionvdipayload·properties·resourceoverrides·items·additionalproperties' has no type or format information whatsoever. Location:
   file:///home/runner/work/bicep-types-az/bicep-types-az/workflow-temp/azure-rest-api-specs/specification/compute/resource-manager/Microsoft.Compute/Bulkactions/preview/2026-08-06-preview/Bulkactions.json#/components/schemas/components·14dvlvb·schemas·resourceprovisionvdipayload·properties·resourceoverrides·items·additionalproperties
warning | SkippedSemanticValidation | Semantic validation was skipped.
warning | PreCheck/CheckDuplicateSchemas | Checking for duplicate schemas, this could take a (long) while.  Run with --verbose for more detail.
warning | Modeler/MissingType | The schema 'components·1s2qrnx·schemas·bulkactionvmextensionproperties·properties·settings·additionalproperties' has no type or format information whatsoever. Location:
   file:///home/runner/work/bicep-types-az/bicep-types-az/workflow-temp/azure-rest-api-specs/specification/compute/resource-manager/Microsoft.Compute/Bulkactions/preview/2026-07-06-preview/Bulkactions.json#/components/schemas/components·1s2qrnx·schemas·bulkactionvmextensionproperties·properties·settings·additionalproperties
warning | Modeler/MissingType | The schema 'components·mx6a6c·schemas·bulkactionvmextensionproperties·properties·protectedsettings·additionalproperties' has no type or format information whatsoever. Location:
   file:///home/runner/work/bicep-types-az/bicep-types-az/workflow-temp/azure-rest-api-specs/specification/compute/resource-manager/Microsoft.Compute/Bulkactions/preview/2026-07-06-preview/Bulkactions.json#/components/schemas/components·mx6a6c·schemas·bulkactionvmextensionproperties·properties·protectedsettings·additionalproperties
warning | Modeler/MissingType | The schema 'components·1825ift·schemas·resourceprovisionpayload·properties·baseprofile·additionalproperties' has no type or format information whatsoever. Location:
   file:///home/runner/work/bicep-types-az/bicep-types-az/workflow-temp/azure-rest-api-specs/specification/compute/resource-manager/Microsoft.Compute/Bulkactions/preview/2026-07-06-preview/Bulkactions.json#/components/schemas/components·1825ift·schemas·resourceprovisionpayload·properties·baseprofile·additionalproperties
warning | Modeler/MissingType | The schema 'components·dsdydq·schemas·resourceprovisionpayload·properties·resourceoverrides·items·additionalproperties' has no type or format information whatsoever. Location:
   file:///home/runner/work/bicep-types-az/bicep-types-az/workflow-temp/azure-rest-api-specs/specification/compute/resource-manager/Microsoft.Compute/Bulkactions/preview/2026-07-06-preview/Bulkactions.json#/components/schemas/components·dsdydq·schemas·resourceprovisionpayload·properties·resourceoverrides·items·additionalproperties
warning | Modeler/MissingType | The schema 'components·occ0sp·schemas·resourceprovisionvdipayload·properties·baseprofile·additionalproperties' has no type or format information whatsoever. Location:
   file:///home/runner/work/bicep-types-az/bicep-types-az/workflow-temp/azure-rest-api-specs/specification/compute/resource-manager/Microsoft.Compute/Bulkactions/preview/2026-07-06-preview/Bulkactions.json#/components/schemas/components·occ0sp·schemas·resourceprovisionvdipayload·properties·baseprofile·additionalproperties
warning | Modeler/MissingType | The schema 'components·14dvlvb·schemas·resourceprovisionvdipayload·properties·resourceoverrides·items·additionalproperties' has no type or format information whatsoever. Location:
   file:///home/runner/work/bicep-types-az/bicep-types-az/workflow-temp/azure-rest-api-specs/specification/compute/resource-manager/Microsoft.Compute/Bulkactions/preview/2026-07-06-preview/Bulkactions.json#/components/schemas/components·14dvlvb·schemas·resourceprovisionvdipayload·properties·resourceoverrides·items·additionalproperties
warning | SkippedSemanticValidation | Semantic validation was skipped.
warning | PreCheck/CheckDuplicateSchemas | Checking for duplicate schemas, this could take a (long) while.  Run with --verbose for more detail.
warning | Modeler/MissingType | The schema 'components·1s2qrnx·schemas·bulkactionvmextensionproperties·properties·settings·additionalproperties' has no type or format information whatsoever. Location:
   file:///home/runner/work/bicep-types-az/bicep-types-az/workflow-temp/azure-rest-api-specs/specification/compute/resource-manager/Microsoft.Compute/Bulkactions/preview/2026-04-06-preview/Bulkactions.json#/components/schemas/components·1s2qrnx·schemas·bulkactionvmextensionproperties·properties·settings·additionalproperties
warning | Modeler/MissingType | The schema 'components·mx6a6c·schemas·bulkactionvmextensionproperties·properties·protectedsettings·additionalproperties' has no type or format information whatsoever. Location:
   file:///home/runner/work/bicep-types-az/bicep-types-az/workflow-temp/azure-rest-api-specs/specification/compute/resource-manager/Microsoft.Compute/Bulkactions/preview/2026-04-06-preview/Bulkactions.json#/components/schemas/components·mx6a6c·schemas·bulkactionvmextensionproperties·properties·protectedsettings·additionalproperties
warning | SkippedSemanticValidation | Semantic validation was skipped.
warning | PreCheck/CheckDuplicateSchemas | Checking for duplicate schemas, this could take a (long) while.  Run with --verbose for more detail.
