Generating types for 'specification/dns/resource-manager/Microsoft.Network/Dns/tspconfig.yaml'
Running TypeSpec emitter for 'specification/dns/resource-manager/Microsoft.Network/Dns'
npm warn cli npm v12.0.2 does not support Node.js v24.14.1. This version of npm supports the following node versions: `^22.22.2 || ^24.15.0 || >=26.0.0`. You can find the latest version at https://nodejs.org/.

up to date, audited 871 packages in 2s

211 packages are looking for funding
  run `npm fund` for details

2 high severity vulnerabilities

To address all issues, run:
  npm audit fix

Run `npm audit` for details.
npm warn install-scripts 1 package had install scripts blocked because they are not covered by allowScripts:
npm warn install-scripts   autorest@3.8.0 (preinstall: node ./.scripts/preinstall-check)
npm warn install-scripts
npm warn install-scripts Run `npm install-scripts ls` to review, or `npm install-scripts approve <pkg>` to allow.
TypeSpec compiler v1.15.0

- Compiling...
✔ Compiling
- Running @azure-tools/typespec-bicep...
✔ @azure-tools/typespec-bicep 43ms ../../../../../../../tmp/_bcp_1788175131504/dns/

Compilation completed successfully.

