Generating types for 'specification/managednetworkfabric/resource-manager/Microsoft.ManagedNetworkFabric/ManagedNetworkFabric/readme.md'
AutoRest code generation utility [cli version: 3.8.0; node: v22.23.2]
(C) 2018 Microsoft Corporation.
https://aka.ms/autorest
⚠️ AutoRest is deprecated and will be retired on July 1, 2026. Please migrate to TypeSpec: https://typespec.io — details: https://github.com/Azure/autorest/issues/5175
warning | SkippedSemanticValidation | Semantic validation was skipped.
warning | PreCheck/CheckDuplicateSchemas | Checking for duplicate schemas, this could take a (long) while.  Run with --verbose for more detail.
warning | Unrecognized property type: any-object. Returning 'any'.
warning | SkippedSemanticValidation | Semantic validation was skipped.
warning | PreCheck/CheckDuplicateSchemas | Checking for duplicate schemas, this could take a (long) while.  Run with --verbose for more detail.
warning | Unrecognized property type: any-object. Returning 'any'.
warning | SkippedSemanticValidation | Semantic validation was skipped.
warning | PreCheck/CheckDuplicateSchemas | Checking for duplicate schemas, this could take a (long) while.  Run with --verbose for more detail.
warning | Unrecognized property type: any-object. Returning 'any'.
warning | SkippedSemanticValidation | Semantic validation was skipped.
warning | PreCheck/SchemaMissingType | The schema 'InternalNetworkProperties-staticRouteConfiguration' with an undefined type and 'allOf'/'anyOf'/'oneOf' is a bit ambiguous. This has been auto-corrected to 'type:object'
    - file:///home/runner/work/bicep-types-az/bicep-types-az/workflow-temp/azure-rest-api-specs/specification/managednetworkfabric/resource-manager/Microsoft.ManagedNetworkFabric/ManagedNetworkFabric/stable/2023-06-15/L3IsolationDomains.json:1654:9
warning | PreCheck/CheckDuplicateSchemas | Checking for duplicate schemas, this could take a (long) while.  Run with --verbose for more detail.
warning | Unrecognized property type: any-object. Returning 'any'.
warning | SkippedSemanticValidation | Semantic validation was skipped.
warning | PreCheck/SchemaMissingType | The schema 'ExternalNetworkPatch-properties' with an undefined type and 'allOf'/'anyOf'/'oneOf' is a bit ambiguous. This has been auto-corrected to 'type:object'
    - file:///home/runner/work/bicep-types-az/bicep-types-az/workflow-temp/azure-rest-api-specs/specification/managednetworkfabric/resource-manager/Microsoft.ManagedNetworkFabric/ManagedNetworkFabric/preview/2023-02-01-preview/L3IsolationDomains.json:2266:9
warning | PreCheck/SchemaMissingType | The schema 'InternalNetworkPatch-properties' with an undefined type and 'allOf'/'anyOf'/'oneOf' is a bit ambiguous. This has been auto-corrected to 'type:object'
    - file:///home/runner/work/bicep-types-az/bicep-types-az/workflow-temp/azure-rest-api-specs/specification/managednetworkfabric/resource-manager/Microsoft.ManagedNetworkFabric/ManagedNetworkFabric/preview/2023-02-01-preview/L3IsolationDomains.json:2310:9
warning | PreCheck/SchemaMissingType | The schema 'ExternalNetworkProperties-optionAProperties' with an undefined type and 'allOf'/'anyOf'/'oneOf' is a bit ambiguous. This has been auto-corrected to 'type:object'
    - file:///home/runner/work/bicep-types-az/bicep-types-az/workflow-temp/azure-rest-api-specs/specification/managednetworkfabric/resource-manager/Microsoft.ManagedNetworkFabric/ManagedNetworkFabric/preview/2023-02-01-preview/L3IsolationDomains.json:2420:9
warning | PreCheck/SchemaMissingType | The schema 'NetworkDevicePatchParameters-properties' with an undefined type and 'allOf'/'anyOf'/'oneOf' is a bit ambiguous. This has been auto-corrected to 'type:object'
    - file:///home/runner/work/bicep-types-az/bicep-types-az/workflow-temp/azure-rest-api-specs/specification/managednetworkfabric/resource-manager/Microsoft.ManagedNetworkFabric/ManagedNetworkFabric/preview/2023-02-01-preview/NetworkDevices.json:1353:9
warning | PreCheck/SchemaMissingType | The schema 'NetworkInterfacePatch-properties' with an undefined type and 'allOf'/'anyOf'/'oneOf' is a bit ambiguous. This has been auto-corrected to 'type:object'
    - file:///home/runner/work/bicep-types-az/bicep-types-az/workflow-temp/azure-rest-api-specs/specification/managednetworkfabric/resource-manager/Microsoft.ManagedNetworkFabric/ManagedNetworkFabric/preview/2023-02-01-preview/NetworkDevices.json:1460:9
warning | PreCheck/SchemaMissingType | The schema 'NetworkFabricPatchParameters-properties' with an undefined type and 'allOf'/'anyOf'/'oneOf' is a bit ambiguous. This has been auto-corrected to 'type:object'
    - file:///home/runner/work/bicep-types-az/bicep-types-az/workflow-temp/azure-rest-api-specs/specification/managednetworkfabric/resource-manager/Microsoft.ManagedNetworkFabric/ManagedNetworkFabric/preview/2023-02-01-preview/NetworkFabrics.json:947:9
warning | PreCheck/SchemaMissingType | The schema 'ActionIpCommunityProperties' with an undefined type and 'allOf'/'anyOf'/'oneOf' is a bit ambiguous. This has been auto-corrected to 'type:object'
    - file:///home/runner/work/bicep-types-az/bicep-types-az/workflow-temp/azure-rest-api-specs/specification/managednetworkfabric/resource-manager/Microsoft.ManagedNetworkFabric/ManagedNetworkFabric/preview/2023-02-01-preview/RoutePolicies.json:527:5
warning | PreCheck/SchemaMissingType | The schema 'ActionIpExtendedCommunityProperties' with an undefined type and 'allOf'/'anyOf'/'oneOf' is a bit ambiguous. This has been auto-corrected to 'type:object'
    - file:///home/runner/work/bicep-types-az/bicep-types-az/workflow-temp/azure-rest-api-specs/specification/managednetworkfabric/resource-manager/Microsoft.ManagedNetworkFabric/ManagedNetworkFabric/preview/2023-02-01-preview/RoutePolicies.json:571:5
warning | PreCheck/CheckDuplicateSchemas | Checking for duplicate schemas, this could take a (long) while.  Run with --verbose for more detail.
warning | PreCheck/DuplicateSchema | Duplicate Schema named 'OptionBProperties' (1 differences):
  - required: <none> => ["importRouteTargets","exportRouteTargets"]
warning | PreNamer/DeduplicateName | Deduplicating schema name: 'OptionBProperties' -> 'OptionBPropertiesAutoGenerated'
warning | Resource action updateAdministrativeState under path '/subscriptions/{subscriptionId}/resourceGroups/{resourceGroupName}/providers/Microsoft.ManagedNetworkFabric/l2IsolationDomains/{l2IsolationDomainName}/updateAdministrativeState' has no response schema. Returning 'any'.
warning | Resource action clearArpTable under path '/subscriptions/{subscriptionId}/resourceGroups/{resourceGroupName}/providers/Microsoft.ManagedNetworkFabric/l2IsolationDomains/{l2IsolationDomainName}/clearArpTable' has no response schema. Returning 'any'.
warning | Resource action clearNeighborTable under path '/subscriptions/{subscriptionId}/resourceGroups/{resourceGroupName}/providers/Microsoft.ManagedNetworkFabric/l2IsolationDomains/{l2IsolationDomainName}/clearNeighborTable' has no response schema. Returning 'any'.
warning | Resource action updateAdministrativeState under path '/subscriptions/{subscriptionId}/resourceGroups/{resourceGroupName}/providers/Microsoft.ManagedNetworkFabric/l3IsolationDomains/{l3IsolationDomainName}/updateAdministrativeState' has no response schema. Returning 'any'.
warning | Resource action updateOptionBAdministrativeState under path '/subscriptions/{subscriptionId}/resourceGroups/{resourceGroupName}/providers/Microsoft.ManagedNetworkFabric/l3IsolationDomains/{l3IsolationDomainName}/updateOptionBAdministrativeState' has no response schema. Returning 'any'.
warning | Resource action clearArpTable under path '/subscriptions/{subscriptionId}/resourceGroups/{resourceGroupName}/providers/Microsoft.ManagedNetworkFabric/l3IsolationDomains/{l3IsolationDomainName}/clearArpTable' has no response schema. Returning 'any'.
warning | Resource action clearNeighborTable under path '/subscriptions/{subscriptionId}/resourceGroups/{resourceGroupName}/providers/Microsoft.ManagedNetworkFabric/l3IsolationDomains/{l3IsolationDomainName}/clearNeighborTable' has no response schema. Returning 'any'.
warning | Resource action updateAdministrativeState under path '/subscriptions/{subscriptionId}/resourceGroups/{resourceGroupName}/providers/Microsoft.ManagedNetworkFabric/l3IsolationDomains/{l3IsolationDomainName}/internalNetworks/{internalNetworkName}/updateAdministrativeState' has no response schema. Returning 'any'.
warning | Resource action updateBgpAdministrativeState under path '/subscriptions/{subscriptionId}/resourceGroups/{resourceGroupName}/providers/Microsoft.ManagedNetworkFabric/l3IsolationDomains/{l3IsolationDomainName}/internalNetworks/{internalNetworkName}/updateBgpAdministrativeState' has no response schema. Returning 'any'.
warning | Resource action updateBfdForBgpAdministrativeState under path '/subscriptions/{subscriptionId}/resourceGroups/{resourceGroupName}/providers/Microsoft.ManagedNetworkFabric/l3IsolationDomains/{l3IsolationDomainName}/internalNetworks/{internalNetworkName}/updateBfdForBgpAdministrativeState' has no response schema. Returning 'any'.
warning | Resource action clearIpv6Neighbors under path '/subscriptions/{subscriptionId}/resourceGroups/{resourceGroupName}/providers/Microsoft.ManagedNetworkFabric/l3IsolationDomains/{l3IsolationDomainName}/internalNetworks/{internalNetworkName}/clearIpv6Neighbors' has no response schema. Returning 'any'.
warning | Resource action clearArpEntries under path '/subscriptions/{subscriptionId}/resourceGroups/{resourceGroupName}/providers/Microsoft.ManagedNetworkFabric/l3IsolationDomains/{l3IsolationDomainName}/internalNetworks/{internalNetworkName}/clearArpEntries' has no response schema. Returning 'any'.
warning | Resource action updateBfdForStaticRouteAdministrativeState under path '/subscriptions/{subscriptionId}/resourceGroups/{resourceGroupName}/providers/Microsoft.ManagedNetworkFabric/l3IsolationDomains/{l3IsolationDomainName}/internalNetworks/{internalNetworkName}/updateBfdForStaticRouteAdministrativeState' has no response schema. Returning 'any'.
warning | Resource action updateAdministrativeState under path '/subscriptions/{subscriptionId}/resourceGroups/{resourceGroupName}/providers/Microsoft.ManagedNetworkFabric/l3IsolationDomains/{l3IsolationDomainName}/externalNetworks/{externalNetworkName}/updateAdministrativeState' has no response schema. Returning 'any'.
warning | Resource action updateBgpAdministrativeState under path '/subscriptions/{subscriptionId}/resourceGroups/{resourceGroupName}/providers/Microsoft.ManagedNetworkFabric/l3IsolationDomains/{l3IsolationDomainName}/externalNetworks/{externalNetworkName}/updateBgpAdministrativeState' has no response schema. Returning 'any'.
warning | Resource action updateBfdForBgpAdministrativeState under path '/subscriptions/{subscriptionId}/resourceGroups/{resourceGroupName}/providers/Microsoft.ManagedNetworkFabric/l3IsolationDomains/{l3IsolationDomainName}/externalNetworks/{externalNetworkName}/updateBfdForBgpAdministrativeState' has no response schema. Returning 'any'.
warning | Resource action clearIpv6Neighbors under path '/subscriptions/{subscriptionId}/resourceGroups/{resourceGroupName}/providers/Microsoft.ManagedNetworkFabric/l3IsolationDomains/{l3IsolationDomainName}/externalNetworks/{externalNetworkName}/clearIpv6Neighbors' has no response schema. Returning 'any'.
warning | Resource action clearArpEntries under path '/subscriptions/{subscriptionId}/resourceGroups/{resourceGroupName}/providers/Microsoft.ManagedNetworkFabric/l3IsolationDomains/{l3IsolationDomainName}/externalNetworks/{externalNetworkName}/clearArpEntries' has no response schema. Returning 'any'.
warning | Resource action reboot under path '/subscriptions/{subscriptionId}/resourceGroups/{resourceGroupName}/providers/Microsoft.ManagedNetworkFabric/networkDevices/{networkDeviceName}/reboot' has no response schema. Returning 'any'.
warning | Resource action restoreConfig under path '/subscriptions/{subscriptionId}/resourceGroups/{resourceGroupName}/providers/Microsoft.ManagedNetworkFabric/networkDevices/{networkDeviceName}/restoreConfig' has no response schema. Returning 'any'.
warning | Resource action updateVersion under path '/subscriptions/{subscriptionId}/resourceGroups/{resourceGroupName}/providers/Microsoft.ManagedNetworkFabric/networkDevices/{networkDeviceName}/updateVersion' has no response schema. Returning 'any'.
warning | Resource action updatePowerCycle under path '/subscriptions/{subscriptionId}/resourceGroups/{resourceGroupName}/providers/Microsoft.ManagedNetworkFabric/networkDevices/{networkDeviceName}/updatePowerCycle' has no response schema. Returning 'any'.
warning | Resource action updateAdministrativeState under path '/subscriptions/{subscriptionId}/resourceGroups/{resourceGroupName}/providers/Microsoft.ManagedNetworkFabric/networkDevices/{networkDeviceName}/networkInterfaces/{networkInterfaceName}/updateAdministrativeState' has no response schema. Returning 'any'.
warning | Resource action enableWorkloadManagementNetwork under path '/subscriptions/{subscriptionId}/resourceGroups/{resourceGroupName}/providers/Microsoft.ManagedNetworkFabric/networkFabricControllers/{networkFabricControllerName}/enableWorkloadManagementNetwork' has no response schema. Returning 'any'.
warning | Resource action disableWorkloadManagementNetwork under path '/subscriptions/{subscriptionId}/resourceGroups/{resourceGroupName}/providers/Microsoft.ManagedNetworkFabric/networkFabricControllers/{networkFabricControllerName}/disableWorkloadManagementNetwork' has no response schema. Returning 'any'.
warning | Resource action provision under path '/subscriptions/{subscriptionId}/resourceGroups/{resourceGroupName}/providers/Microsoft.ManagedNetworkFabric/networkFabrics/{networkFabricName}/provision' has no response schema. Returning 'any'.
warning | Resource action deprovision under path '/subscriptions/{subscriptionId}/resourceGroups/{resourceGroupName}/providers/Microsoft.ManagedNetworkFabric/networkFabrics/{networkFabricName}/deprovision' has no response schema. Returning 'any'.
