Generating types for 'specification/azureresiliencemanagement/resource-manager/Microsoft.AzureResilienceManagement/AzureResilienceManagement/readme.md'
AutoRest code generation utility [cli version: 3.8.0; node: v22.23.1]
(C) 2018 Microsoft Corporation.
https://aka.ms/autorest
⚠️ AutoRest is deprecated and will be retired on July 1, 2026. Please migrate to TypeSpec: https://typespec.io — details: https://github.com/Azure/autorest/issues/5175
warning | SkippedSemanticValidation | Semantic validation was skipped.
warning | PreCheck/CheckDuplicateSchemas | Checking for duplicate schemas, this could take a (long) while.  Run with --verbose for more detail.
warning | Skipping Drills_AddOrUpdateResources due to required header parameter "operationId"
warning | Skipping Drills_End due to required header parameter "operationId"
warning | Skipping Drills_ResyncReadinessCheck due to required header parameter "operationId"
warning | Skipping Drills_Start due to required header parameter "operationId"
warning | Skipping Drills_ValidateForExecution due to required header parameter "operationId"
warning | Skipping DrillRuns_AddNotes due to required header parameter "operationId"
warning | Skipping DrillRuns_FailOver due to required header parameter "operationId"
warning | Skipping DrillRuns_MarkAsComplete due to required header parameter "operationId"
warning | Skipping DrillRuns_Reprotect due to required header parameter "operationId"
warning | Skipping DrillRuns_Resume due to required header parameter "operationId"
warning | Skipping RecoveryPlanActions_CheckReadiness due to required header parameter "operationId"
warning | Skipping RecoveryPlanActions_Failover due to required header parameter "operationId"
warning | Skipping RecoveryPlanActions_FailoverCommit due to required header parameter "operationId"
warning | Skipping RecoveryPlanActions_Finalize due to required header parameter "operationId"
warning | Skipping RecoveryPlanActions_Reprotect due to required header parameter "operationId"
warning | Skipping RecoveryPlanActions_TestFailover due to required header parameter "operationId"
warning | Skipping RecoveryPlanActions_TestFailoverCleanup due to required header parameter "operationId"
warning | Skipping RecoveryPlanActions_UpdateResources due to required header parameter "operationId"
warning | Skipping RecoveryPlanActions_ValidateForFailover due to required header parameter "operationId"
warning | Skipping RecoveryPlanActions_ValidateForFailoverCommit due to required header parameter "operationId"
warning | Skipping RecoveryPlanActions_ValidateForOperation due to required header parameter "operationId"
warning | Skipping RecoveryPlanActions_ValidateForReprotect due to required header parameter "operationId"
warning | Skipping RecoveryPlanActions_ValidateForTestFailover due to required header parameter "operationId"
warning | Skipping RecoveryPlanActions_ValidateForTestFailoverCleanup due to required header parameter "operationId"
warning | Skipping RecoveryJobs_Cancel due to required header parameter "operationId"
warning | Skipping RecoveryJobs_Resume due to required header parameter "operationId"
warning | Skipping RecoveryJobs_Retry due to required header parameter "operationId"
warning | Unrecognized property type: any-object. Returning 'any'.
warning | SkippedSemanticValidation | Semantic validation was skipped.
warning | PreCheck/CheckDuplicateSchemas | Checking for duplicate schemas, this could take a (long) while.  Run with --verbose for more detail.
warning | Skipping Drills_AddOrUpdateResources due to required header parameter "operationId"
warning | Skipping Drills_End due to required header parameter "operationId"
warning | Skipping Drills_ResyncReadinessCheck due to required header parameter "operationId"
warning | Skipping Drills_Start due to required header parameter "operationId"
warning | Skipping Drills_ValidateForExecution due to required header parameter "operationId"
warning | Skipping DrillRuns_AddNotes due to required header parameter "operationId"
warning | Skipping DrillRuns_FailOver due to required header parameter "operationId"
warning | Skipping DrillRuns_MarkAsComplete due to required header parameter "operationId"
warning | Skipping DrillRuns_Reprotect due to required header parameter "operationId"
warning | Skipping DrillRuns_Resume due to required header parameter "operationId"
warning | Skipping RecoveryPlanActions_CheckReadiness due to required header parameter "operationId"
warning | Skipping RecoveryPlanActions_Failover due to required header parameter "operationId"
warning | Skipping RecoveryPlanActions_FailoverCommit due to required header parameter "operationId"
warning | Skipping RecoveryPlanActions_Finalize due to required header parameter "operationId"
warning | Skipping RecoveryPlanActions_Reprotect due to required header parameter "operationId"
warning | Skipping RecoveryPlanActions_TestFailover due to required header parameter "operationId"
warning | Skipping RecoveryPlanActions_TestFailoverCleanup due to required header parameter "operationId"
warning | Skipping RecoveryPlanActions_UpdateResources due to required header parameter "operationId"
warning | Skipping RecoveryPlanActions_ValidateForFailover due to required header parameter "operationId"
warning | Skipping RecoveryPlanActions_ValidateForFailoverCommit due to required header parameter "operationId"
warning | Skipping RecoveryPlanActions_ValidateForOperation due to required header parameter "operationId"
warning | Skipping RecoveryPlanActions_ValidateForReprotect due to required header parameter "operationId"
warning | Skipping RecoveryPlanActions_ValidateForTestFailover due to required header parameter "operationId"
warning | Skipping RecoveryPlanActions_ValidateForTestFailoverCleanup due to required header parameter "operationId"
warning | Skipping RecoveryJobs_Cancel due to required header parameter "operationId"
warning | Skipping RecoveryJobs_Resume due to required header parameter "operationId"
warning | Skipping RecoveryJobs_Retry due to required header parameter "operationId"
warning | Unrecognized property type: any-object. Returning 'any'.
warning | SkippedSemanticValidation | Semantic validation was skipped.
warning | PreCheck/CheckDuplicateSchemas | Checking for duplicate schemas, this could take a (long) while.  Run with --verbose for more detail.
warning | Skipping Drills_AddOrUpdateResources due to required header parameter "operationId"
warning | Skipping Drills_End due to required header parameter "operationId"
warning | Skipping Drills_RefreshReadinessState due to required header parameter "operationId"
warning | Skipping Drills_ResyncReadinessCheck due to required header parameter "operationId"
warning | Skipping Drills_Start due to required header parameter "operationId"
warning | Skipping Drills_ValidateForExecution due to required header parameter "operationId"
warning | Skipping DrillRuns_AddNotes due to required header parameter "operationId"
warning | Skipping DrillRuns_FailOver due to required header parameter "operationId"
warning | Skipping DrillRuns_MarkAsComplete due to required header parameter "operationId"
warning | Skipping DrillRuns_Reprotect due to required header parameter "operationId"
warning | Skipping DrillRuns_Resume due to required header parameter "operationId"
warning | Skipping DrillRuns_TestFailOver due to required header parameter "operationId"
warning | Skipping DrillRuns_TestFailOverCleanup due to required header parameter "operationId"
warning | Skipping RecoveryPlanActions_CheckReadiness due to required header parameter "operationId"
warning | Skipping RecoveryPlanActions_Failover due to required header parameter "operationId"
warning | Skipping RecoveryPlanActions_FailoverCommit due to required header parameter "operationId"
warning | Skipping RecoveryPlanActions_Finalize due to required header parameter "operationId"
warning | Skipping RecoveryPlanActions_Reprotect due to required header parameter "operationId"
warning | Skipping RecoveryPlanActions_TestFailover due to required header parameter "operationId"
warning | Skipping RecoveryPlanActions_TestFailoverCleanup due to required header parameter "operationId"
warning | Skipping RecoveryPlanActions_UpdateResources due to required header parameter "operationId"
warning | Skipping RecoveryPlanActions_ValidateForFailover due to required header parameter "operationId"
warning | Skipping RecoveryPlanActions_ValidateForFailoverCommit due to required header parameter "operationId"
warning | Skipping RecoveryPlanActions_ValidateForOperation due to required header parameter "operationId"
warning | Skipping RecoveryPlanActions_ValidateForReprotect due to required header parameter "operationId"
warning | Skipping RecoveryPlanActions_ValidateForTestFailover due to required header parameter "operationId"
warning | Skipping RecoveryPlanActions_ValidateForTestFailoverCleanup due to required header parameter "operationId"
warning | Skipping RecoveryJobs_Cancel due to required header parameter "operationId"
warning | Skipping RecoveryJobs_Resume due to required header parameter "operationId"
warning | Skipping RecoveryJobs_Retry due to required header parameter "operationId"
warning | Unrecognized property type: any-object. Returning 'any'.
warning | SkippedSemanticValidation | Semantic validation was skipped.
warning | PreCheck/CheckDuplicateSchemas | Checking for duplicate schemas, this could take a (long) while.  Run with --verbose for more detail.
warning | Skipping Drills_AddOrUpdateResources due to required header parameter "operationId"
warning | Skipping Drills_End due to required header parameter "operationId"
warning | Skipping Drills_RefreshReadinessState due to required header parameter "operationId"
warning | Skipping Drills_Start due to required header parameter "operationId"
warning | Skipping DrillRuns_AddNotes due to required header parameter "operationId"
warning | Skipping DrillRuns_FailOver due to required header parameter "operationId"
warning | Skipping DrillRuns_MarkAsComplete due to required header parameter "operationId"
warning | Skipping DrillRuns_Reprotect due to required header parameter "operationId"
warning | Skipping DrillRuns_Resume due to required header parameter "operationId"
warning | Skipping DrillRuns_TestFailOver due to required header parameter "operationId"
warning | Skipping DrillRuns_TestFailOverCleanup due to required header parameter "operationId"
warning | Skipping RecoveryPlanActions_CheckReadiness due to required header parameter "operationId"
warning | Skipping RecoveryPlanActions_Failover due to required header parameter "operationId"
warning | Skipping RecoveryPlanActions_FailoverCommit due to required header parameter "operationId"
warning | Skipping RecoveryPlanActions_Finalize due to required header parameter "operationId"
warning | Skipping RecoveryPlanActions_Reprotect due to required header parameter "operationId"
warning | Skipping RecoveryPlanActions_TestFailover due to required header parameter "operationId"
warning | Skipping RecoveryPlanActions_TestFailoverCleanup due to required header parameter "operationId"
warning | Skipping RecoveryPlanActions_UpdateResources due to required header parameter "operationId"
warning | Skipping RecoveryPlanActions_ValidateForFailover due to required header parameter "operationId"
warning | Skipping RecoveryPlanActions_ValidateForFailoverCommit due to required header parameter "operationId"
warning | Skipping RecoveryPlanActions_ValidateForOperation due to required header parameter "operationId"
warning | Skipping RecoveryPlanActions_ValidateForReprotect due to required header parameter "operationId"
warning | Skipping RecoveryPlanActions_ValidateForTestFailover due to required header parameter "operationId"
warning | Skipping RecoveryPlanActions_ValidateForTestFailoverCleanup due to required header parameter "operationId"
warning | Skipping RecoveryJobs_Cancel due to required header parameter "operationId"
warning | Skipping RecoveryJobs_Resume due to required header parameter "operationId"
warning | Skipping RecoveryJobs_Retry due to required header parameter "operationId"
warning | Unrecognized property type: any-object. Returning 'any'.
