Generating types for 'specification/deviceregistry/resource-manager/Microsoft.DeviceRegistry/DeviceRegistry/readme.md'
AutoRest code generation utility [cli version: 3.8.0; node: v24.20.0]
(C) 2018 Microsoft Corporation.
https://aka.ms/autorest
⚠️ AutoRest is deprecated and will be retired on July 1, 2026. Please migrate to TypeSpec: https://typespec.io — details: https://github.com/Azure/autorest/issues/5175
warning | SkippedSemanticValidation | Semantic validation was skipped.
warning | PreCheck/CheckDuplicateSchemas | Checking for duplicate schemas, this could take a (long) while.  Run with --verbose for more detail.
warning | PreCheck/PropertyRedeclarationWarning | Schema 'GroupBestUpdatesComplianceReport' has a property 'reportTarget' that is already declared the parent schema 'Report' but isn't significantly different. The property has been removed from GroupBestUpdatesComplianceReport
warning | PreCheck/PropertyRedeclarationWarning | Schema 'GroupBestUpdatesComplianceReportRequest' has a property 'reportTarget' that is already declared the parent schema 'ReportSelector' but isn't significantly different. The property has been removed from GroupBestUpdatesComplianceReportRequest
warning | PreCheck/PropertyRedeclarationWarning | Schema 'GroupInstallableUpdatesReport' has a property 'reportTarget' that is already declared the parent schema 'Report' but isn't significantly different. The property has been removed from GroupInstallableUpdatesReport
warning | PreCheck/PropertyRedeclarationWarning | Schema 'GroupInstallableUpdatesReportRequest' has a property 'reportTarget' that is already declared the parent schema 'ReportSelector' but isn't significantly different. The property has been removed from GroupInstallableUpdatesReportRequest
warning | Modeler/MissingType | The schema 'components·tn8snt·schemas·assetproperties·properties·attributes·additionalproperties' has no type or format information whatsoever. Location:
   file:///home/runner/work/bicep-types-az/bicep-types-az/workflow-temp/azure-rest-api-specs/specification/deviceregistry/resource-manager/Microsoft.DeviceRegistry/DeviceRegistry/preview/2026-11-02-preview/deviceregistry.json#/components/schemas/components·tn8snt·schemas·assetproperties·properties·attributes·additionalproperties
warning | Modeler/MissingType | The schema 'components·mu8ft2·schemas·assetupdateproperties·properties·attributes·additionalproperties' has no type or format information whatsoever. Location:
   file:///home/runner/work/bicep-types-az/bicep-types-az/workflow-temp/azure-rest-api-specs/specification/deviceregistry/resource-manager/Microsoft.DeviceRegistry/DeviceRegistry/preview/2026-11-02-preview/deviceregistry.json#/components/schemas/components·mu8ft2·schemas·assetupdateproperties·properties·attributes·additionalproperties
warning | Modeler/MissingType | The schema 'components·1rdpywl·schemas·namespaceassetproperties·properties·attributes·additionalproperties' has no type or format information whatsoever. Location:
   file:///home/runner/work/bicep-types-az/bicep-types-az/workflow-temp/azure-rest-api-specs/specification/deviceregistry/resource-manager/Microsoft.DeviceRegistry/DeviceRegistry/preview/2026-11-02-preview/deviceregistry.json#/components/schemas/components·1rdpywl·schemas·namespaceassetproperties·properties·attributes·additionalproperties
warning | Modeler/MissingType | The schema 'components·1vg9hdb·schemas·namespaceassetupdateproperties·properties·attributes·additionalproperties' has no type or format information whatsoever. Location:
   file:///home/runner/work/bicep-types-az/bicep-types-az/workflow-temp/azure-rest-api-specs/specification/deviceregistry/resource-manager/Microsoft.DeviceRegistry/DeviceRegistry/preview/2026-11-02-preview/deviceregistry.json#/components/schemas/components·1vg9hdb·schemas·namespaceassetupdateproperties·properties·attributes·additionalproperties
warning | Modeler/MissingType | The schema 'components·14kjvwt·schemas·namespaceassetexecuteactionrequest·properties·payload·additionalproperties' has no type or format information whatsoever. Location:
   file:///home/runner/work/bicep-types-az/bicep-types-az/workflow-temp/azure-rest-api-specs/specification/deviceregistry/resource-manager/Microsoft.DeviceRegistry/DeviceRegistry/preview/2026-11-02-preview/deviceregistry.json#/components/schemas/components·14kjvwt·schemas·namespaceassetexecuteactionrequest·properties·payload·additionalproperties
warning | Modeler/MissingType | The schema 'components·1sf5qb·schemas·namespacedeviceproperties·properties·attributes·additionalproperties' has no type or format information whatsoever. Location:
   file:///home/runner/work/bicep-types-az/bicep-types-az/workflow-temp/azure-rest-api-specs/specification/deviceregistry/resource-manager/Microsoft.DeviceRegistry/DeviceRegistry/preview/2026-11-02-preview/deviceregistry.json#/components/schemas/components·1sf5qb·schemas·namespacedeviceproperties·properties·attributes·additionalproperties
warning | Modeler/MissingType | The schema 'components·1xijpxh·schemas·namespacedeviceupdateproperties·properties·attributes·additionalproperties' has no type or format information whatsoever. Location:
   file:///home/runner/work/bicep-types-az/bicep-types-az/workflow-temp/azure-rest-api-specs/specification/deviceregistry/resource-manager/Microsoft.DeviceRegistry/DeviceRegistry/preview/2026-11-02-preview/deviceregistry.json#/components/schemas/components·1xijpxh·schemas·namespacedeviceupdateproperties·properties·attributes·additionalproperties
warning | Modeler/MissingType | The schema 'components·9q249f·schemas·namespacediscoveredassetproperties·properties·attributes·additionalproperties' has no type or format information whatsoever. Location:
   file:///home/runner/work/bicep-types-az/bicep-types-az/workflow-temp/azure-rest-api-specs/specification/deviceregistry/resource-manager/Microsoft.DeviceRegistry/DeviceRegistry/preview/2026-11-02-preview/deviceregistry.json#/components/schemas/components·9q249f·schemas·namespacediscoveredassetproperties·properties·attributes·additionalproperties
warning | Modeler/MissingType | The schema 'components·627yat·schemas·namespacediscoveredassetupdateproperties·properties·attributes·additionalproperties' has no type or format information whatsoever. Location:
   file:///home/runner/work/bicep-types-az/bicep-types-az/workflow-temp/azure-rest-api-specs/specification/deviceregistry/resource-manager/Microsoft.DeviceRegistry/DeviceRegistry/preview/2026-11-02-preview/deviceregistry.json#/components/schemas/components·627yat·schemas·namespacediscoveredassetupdateproperties·properties·attributes·additionalproperties
warning | Modeler/MissingType | The schema 'components·wm26v2·schemas·namespacediscovereddeviceproperties·properties·attributes·additionalproperties' has no type or format information whatsoever. Location:
   file:///home/runner/work/bicep-types-az/bicep-types-az/workflow-temp/azure-rest-api-specs/specification/deviceregistry/resource-manager/Microsoft.DeviceRegistry/DeviceRegistry/preview/2026-11-02-preview/deviceregistry.json#/components/schemas/components·wm26v2·schemas·namespacediscovereddeviceproperties·properties·attributes·additionalproperties
warning | Modeler/MissingType | The schema 'components·5rsl2·schemas·namespacediscovereddeviceupdateproperties·properties·attributes·additionalproperties' has no type or format information whatsoever. Location:
   file:///home/runner/work/bicep-types-az/bicep-types-az/workflow-temp/azure-rest-api-specs/specification/deviceregistry/resource-manager/Microsoft.DeviceRegistry/DeviceRegistry/preview/2026-11-02-preview/deviceregistry.json#/components/schemas/components·5rsl2·schemas·namespacediscovereddeviceupdateproperties·properties·attributes·additionalproperties
warning | Modeler/MissingType | The schema 'components·16wu7v7·schemas·updatedeviceattributeproperties·additionalproperties' has no type or format information whatsoever. Location:
   file:///home/runner/work/bicep-types-az/bicep-types-az/workflow-temp/azure-rest-api-specs/specification/deviceregistry/resource-manager/Microsoft.DeviceRegistry/DeviceRegistry/preview/2026-11-02-preview/deviceregistry.json#/components/schemas/components·16wu7v7·schemas·updatedeviceattributeproperties·additionalproperties
warning | Modeler/MissingType | The schema 'components·11oriec·schemas·userdeviceattributeproperties·additionalproperties' has no type or format information whatsoever. Location:
   file:///home/runner/work/bicep-types-az/bicep-types-az/workflow-temp/azure-rest-api-specs/specification/deviceregistry/resource-manager/Microsoft.DeviceRegistry/DeviceRegistry/preview/2026-11-02-preview/deviceregistry.json#/components/schemas/components·11oriec·schemas·userdeviceattributeproperties·additionalproperties
warning | Resource action generateReport under path '/subscriptions/{subscriptionId}/resourceGroups/{resourceGroupName}/providers/Microsoft.DeviceRegistry/namespaces/{namespaceName}/generateReport' has no response schema. Returning 'any'.
warning | Resource action activate under path '/subscriptions/{subscriptionId}/resourceGroups/{resourceGroupName}/providers/Microsoft.DeviceRegistry/namespaces/{namespaceName}/certificateAuthorities/{certificateAuthorityName}/activate' has no response schema. Returning 'any'.
warning | Resource action revokeAndRotate under path '/subscriptions/{subscriptionId}/resourceGroups/{resourceGroupName}/providers/Microsoft.DeviceRegistry/namespaces/{namespaceName}/certificateAuthorities/{certificateAuthorityName}/revokeAndRotate' has no response schema. Returning 'any'.
warning | Resource action refreshMembers under path '/subscriptions/{subscriptionId}/resourceGroups/{resourceGroupName}/providers/Microsoft.DeviceRegistry/namespaces/{namespaceName}/groups/{groupName}/refreshMembers' has no response schema. Returning 'any'.
warning | Resource action cancel under path '/subscriptions/{subscriptionId}/resourceGroups/{resourceGroupName}/providers/Microsoft.DeviceRegistry/namespaces/{namespaceName}/jobs/{jobName}/runs/{runName}/cancel' has no response schema. Returning 'any'.
warning | Resource action revokeCertificates under path '/subscriptions/{subscriptionId}/resourceGroups/{resourceGroupName}/providers/Microsoft.DeviceRegistry/namespaces/{namespaceName}/registryDevices/{registryDeviceName}/authenticationProfiles/{authenticationProfileName}/revokeCertificates' has no response schema. Returning 'any'.
warning | SkippedSemanticValidation | Semantic validation was skipped.
warning | PreCheck/CheckDuplicateSchemas | Checking for duplicate schemas, this could take a (long) while.  Run with --verbose for more detail.
warning | Modeler/MissingType | The schema 'components·tn8snt·schemas·assetproperties·properties·attributes·additionalproperties' has no type or format information whatsoever. Location:
   file:///home/runner/work/bicep-types-az/bicep-types-az/workflow-temp/azure-rest-api-specs/specification/deviceregistry/resource-manager/Microsoft.DeviceRegistry/DeviceRegistry/stable/2026-11-01/deviceregistry.json#/components/schemas/components·tn8snt·schemas·assetproperties·properties·attributes·additionalproperties
warning | Modeler/MissingType | The schema 'components·mu8ft2·schemas·assetupdateproperties·properties·attributes·additionalproperties' has no type or format information whatsoever. Location:
   file:///home/runner/work/bicep-types-az/bicep-types-az/workflow-temp/azure-rest-api-specs/specification/deviceregistry/resource-manager/Microsoft.DeviceRegistry/DeviceRegistry/stable/2026-11-01/deviceregistry.json#/components/schemas/components·mu8ft2·schemas·assetupdateproperties·properties·attributes·additionalproperties
warning | Modeler/MissingType | The schema 'components·1rdpywl·schemas·namespaceassetproperties·properties·attributes·additionalproperties' has no type or format information whatsoever. Location:
   file:///home/runner/work/bicep-types-az/bicep-types-az/workflow-temp/azure-rest-api-specs/specification/deviceregistry/resource-manager/Microsoft.DeviceRegistry/DeviceRegistry/stable/2026-11-01/deviceregistry.json#/components/schemas/components·1rdpywl·schemas·namespaceassetproperties·properties·attributes·additionalproperties
warning | Modeler/MissingType | The schema 'components·1vg9hdb·schemas·namespaceassetupdateproperties·properties·attributes·additionalproperties' has no type or format information whatsoever. Location:
   file:///home/runner/work/bicep-types-az/bicep-types-az/workflow-temp/azure-rest-api-specs/specification/deviceregistry/resource-manager/Microsoft.DeviceRegistry/DeviceRegistry/stable/2026-11-01/deviceregistry.json#/components/schemas/components·1vg9hdb·schemas·namespaceassetupdateproperties·properties·attributes·additionalproperties
warning | Modeler/MissingType | The schema 'components·14kjvwt·schemas·namespaceassetexecuteactionrequest·properties·payload·additionalproperties' has no type or format information whatsoever. Location:
   file:///home/runner/work/bicep-types-az/bicep-types-az/workflow-temp/azure-rest-api-specs/specification/deviceregistry/resource-manager/Microsoft.DeviceRegistry/DeviceRegistry/stable/2026-11-01/deviceregistry.json#/components/schemas/components·14kjvwt·schemas·namespaceassetexecuteactionrequest·properties·payload·additionalproperties
warning | Modeler/MissingType | The schema 'components·1sf5qb·schemas·namespacedeviceproperties·properties·attributes·additionalproperties' has no type or format information whatsoever. Location:
   file:///home/runner/work/bicep-types-az/bicep-types-az/workflow-temp/azure-rest-api-specs/specification/deviceregistry/resource-manager/Microsoft.DeviceRegistry/DeviceRegistry/stable/2026-11-01/deviceregistry.json#/components/schemas/components·1sf5qb·schemas·namespacedeviceproperties·properties·attributes·additionalproperties
warning | Modeler/MissingType | The schema 'components·1xijpxh·schemas·namespacedeviceupdateproperties·properties·attributes·additionalproperties' has no type or format information whatsoever. Location:
   file:///home/runner/work/bicep-types-az/bicep-types-az/workflow-temp/azure-rest-api-specs/specification/deviceregistry/resource-manager/Microsoft.DeviceRegistry/DeviceRegistry/stable/2026-11-01/deviceregistry.json#/components/schemas/components·1xijpxh·schemas·namespacedeviceupdateproperties·properties·attributes·additionalproperties
warning | Modeler/MissingType | The schema 'components·9q249f·schemas·namespacediscoveredassetproperties·properties·attributes·additionalproperties' has no type or format information whatsoever. Location:
   file:///home/runner/work/bicep-types-az/bicep-types-az/workflow-temp/azure-rest-api-specs/specification/deviceregistry/resource-manager/Microsoft.DeviceRegistry/DeviceRegistry/stable/2026-11-01/deviceregistry.json#/components/schemas/components·9q249f·schemas·namespacediscoveredassetproperties·properties·attributes·additionalproperties
warning | Modeler/MissingType | The schema 'components·627yat·schemas·namespacediscoveredassetupdateproperties·properties·attributes·additionalproperties' has no type or format information whatsoever. Location:
   file:///home/runner/work/bicep-types-az/bicep-types-az/workflow-temp/azure-rest-api-specs/specification/deviceregistry/resource-manager/Microsoft.DeviceRegistry/DeviceRegistry/stable/2026-11-01/deviceregistry.json#/components/schemas/components·627yat·schemas·namespacediscoveredassetupdateproperties·properties·attributes·additionalproperties
warning | Modeler/MissingType | The schema 'components·wm26v2·schemas·namespacediscovereddeviceproperties·properties·attributes·additionalproperties' has no type or format information whatsoever. Location:
   file:///home/runner/work/bicep-types-az/bicep-types-az/workflow-temp/azure-rest-api-specs/specification/deviceregistry/resource-manager/Microsoft.DeviceRegistry/DeviceRegistry/stable/2026-11-01/deviceregistry.json#/components/schemas/components·wm26v2·schemas·namespacediscovereddeviceproperties·properties·attributes·additionalproperties
warning | Modeler/MissingType | The schema 'components·5rsl2·schemas·namespacediscovereddeviceupdateproperties·properties·attributes·additionalproperties' has no type or format information whatsoever. Location:
   file:///home/runner/work/bicep-types-az/bicep-types-az/workflow-temp/azure-rest-api-specs/specification/deviceregistry/resource-manager/Microsoft.DeviceRegistry/DeviceRegistry/stable/2026-11-01/deviceregistry.json#/components/schemas/components·5rsl2·schemas·namespacediscovereddeviceupdateproperties·properties·attributes·additionalproperties
warning | Resource action activate under path '/subscriptions/{subscriptionId}/resourceGroups/{resourceGroupName}/providers/Microsoft.DeviceRegistry/namespaces/{namespaceName}/certificateAuthorities/{certificateAuthorityName}/activate' has no response schema. Returning 'any'.
warning | Resource action revokeAndRotate under path '/subscriptions/{subscriptionId}/resourceGroups/{resourceGroupName}/providers/Microsoft.DeviceRegistry/namespaces/{namespaceName}/certificateAuthorities/{certificateAuthorityName}/revokeAndRotate' has no response schema. Returning 'any'.
warning | SkippedSemanticValidation | Semantic validation was skipped.
warning | PreCheck/CheckDuplicateSchemas | Checking for duplicate schemas, this could take a (long) while.  Run with --verbose for more detail.
warning | Modeler/MissingType | The schema 'components·tn8snt·schemas·assetproperties·properties·attributes·additionalproperties' has no type or format information whatsoever. Location:
   file:///home/runner/work/bicep-types-az/bicep-types-az/workflow-temp/azure-rest-api-specs/specification/deviceregistry/resource-manager/Microsoft.DeviceRegistry/DeviceRegistry/stable/2026-04-01/deviceregistry.json#/components/schemas/components·tn8snt·schemas·assetproperties·properties·attributes·additionalproperties
warning | Modeler/MissingType | The schema 'components·mu8ft2·schemas·assetupdateproperties·properties·attributes·additionalproperties' has no type or format information whatsoever. Location:
   file:///home/runner/work/bicep-types-az/bicep-types-az/workflow-temp/azure-rest-api-specs/specification/deviceregistry/resource-manager/Microsoft.DeviceRegistry/DeviceRegistry/stable/2026-04-01/deviceregistry.json#/components/schemas/components·mu8ft2·schemas·assetupdateproperties·properties·attributes·additionalproperties
warning | Modeler/MissingType | The schema 'components·1rdpywl·schemas·namespaceassetproperties·properties·attributes·additionalproperties' has no type or format information whatsoever. Location:
   file:///home/runner/work/bicep-types-az/bicep-types-az/workflow-temp/azure-rest-api-specs/specification/deviceregistry/resource-manager/Microsoft.DeviceRegistry/DeviceRegistry/stable/2026-04-01/deviceregistry.json#/components/schemas/components·1rdpywl·schemas·namespaceassetproperties·properties·attributes·additionalproperties
warning | Modeler/MissingType | The schema 'components·1vg9hdb·schemas·namespaceassetupdateproperties·properties·attributes·additionalproperties' has no type or format information whatsoever. Location:
   file:///home/runner/work/bicep-types-az/bicep-types-az/workflow-temp/azure-rest-api-specs/specification/deviceregistry/resource-manager/Microsoft.DeviceRegistry/DeviceRegistry/stable/2026-04-01/deviceregistry.json#/components/schemas/components·1vg9hdb·schemas·namespaceassetupdateproperties·properties·attributes·additionalproperties
warning | Modeler/MissingType | The schema 'components·14kjvwt·schemas·namespaceassetexecuteactionrequest·properties·payload·additionalproperties' has no type or format information whatsoever. Location:
   file:///home/runner/work/bicep-types-az/bicep-types-az/workflow-temp/azure-rest-api-specs/specification/deviceregistry/resource-manager/Microsoft.DeviceRegistry/DeviceRegistry/stable/2026-04-01/deviceregistry.json#/components/schemas/components·14kjvwt·schemas·namespaceassetexecuteactionrequest·properties·payload·additionalproperties
warning | Modeler/MissingType | The schema 'components·1sf5qb·schemas·namespacedeviceproperties·properties·attributes·additionalproperties' has no type or format information whatsoever. Location:
   file:///home/runner/work/bicep-types-az/bicep-types-az/workflow-temp/azure-rest-api-specs/specification/deviceregistry/resource-manager/Microsoft.DeviceRegistry/DeviceRegistry/stable/2026-04-01/deviceregistry.json#/components/schemas/components·1sf5qb·schemas·namespacedeviceproperties·properties·attributes·additionalproperties
warning | Modeler/MissingType | The schema 'components·1xijpxh·schemas·namespacedeviceupdateproperties·properties·attributes·additionalproperties' has no type or format information whatsoever. Location:
   file:///home/runner/work/bicep-types-az/bicep-types-az/workflow-temp/azure-rest-api-specs/specification/deviceregistry/resource-manager/Microsoft.DeviceRegistry/DeviceRegistry/stable/2026-04-01/deviceregistry.json#/components/schemas/components·1xijpxh·schemas·namespacedeviceupdateproperties·properties·attributes·additionalproperties
warning | Modeler/MissingType | The schema 'components·9q249f·schemas·namespacediscoveredassetproperties·properties·attributes·additionalproperties' has no type or format information whatsoever. Location:
   file:///home/runner/work/bicep-types-az/bicep-types-az/workflow-temp/azure-rest-api-specs/specification/deviceregistry/resource-manager/Microsoft.DeviceRegistry/DeviceRegistry/stable/2026-04-01/deviceregistry.json#/components/schemas/components·9q249f·schemas·namespacediscoveredassetproperties·properties·attributes·additionalproperties
warning | Modeler/MissingType | The schema 'components·627yat·schemas·namespacediscoveredassetupdateproperties·properties·attributes·additionalproperties' has no type or format information whatsoever. Location:
   file:///home/runner/work/bicep-types-az/bicep-types-az/workflow-temp/azure-rest-api-specs/specification/deviceregistry/resource-manager/Microsoft.DeviceRegistry/DeviceRegistry/stable/2026-04-01/deviceregistry.json#/components/schemas/components·627yat·schemas·namespacediscoveredassetupdateproperties·properties·attributes·additionalproperties
warning | Modeler/MissingType | The schema 'components·wm26v2·schemas·namespacediscovereddeviceproperties·properties·attributes·additionalproperties' has no type or format information whatsoever. Location:
   file:///home/runner/work/bicep-types-az/bicep-types-az/workflow-temp/azure-rest-api-specs/specification/deviceregistry/resource-manager/Microsoft.DeviceRegistry/DeviceRegistry/stable/2026-04-01/deviceregistry.json#/components/schemas/components·wm26v2·schemas·namespacediscovereddeviceproperties·properties·attributes·additionalproperties
warning | Modeler/MissingType | The schema 'components·5rsl2·schemas·namespacediscovereddeviceupdateproperties·properties·attributes·additionalproperties' has no type or format information whatsoever. Location:
   file:///home/runner/work/bicep-types-az/bicep-types-az/workflow-temp/azure-rest-api-specs/specification/deviceregistry/resource-manager/Microsoft.DeviceRegistry/DeviceRegistry/stable/2026-04-01/deviceregistry.json#/components/schemas/components·5rsl2·schemas·namespacediscovereddeviceupdateproperties·properties·attributes·additionalproperties
warning | SkippedSemanticValidation | Semantic validation was skipped.
warning | PreCheck/CheckDuplicateSchemas | Checking for duplicate schemas, this could take a (long) while.  Run with --verbose for more detail.
warning | Modeler/MissingType | The schema 'components·tn8snt·schemas·assetproperties·properties·attributes·additionalproperties' has no type or format information whatsoever. Location:
   file:///home/runner/work/bicep-types-az/bicep-types-az/workflow-temp/azure-rest-api-specs/specification/deviceregistry/resource-manager/Microsoft.DeviceRegistry/DeviceRegistry/preview/2026-03-01-preview/deviceregistry.json#/components/schemas/components·tn8snt·schemas·assetproperties·properties·attributes·additionalproperties
warning | Modeler/MissingType | The schema 'components·mu8ft2·schemas·assetupdateproperties·properties·attributes·additionalproperties' has no type or format information whatsoever. Location:
   file:///home/runner/work/bicep-types-az/bicep-types-az/workflow-temp/azure-rest-api-specs/specification/deviceregistry/resource-manager/Microsoft.DeviceRegistry/DeviceRegistry/preview/2026-03-01-preview/deviceregistry.json#/components/schemas/components·mu8ft2·schemas·assetupdateproperties·properties·attributes·additionalproperties
warning | Modeler/MissingType | The schema 'components·1rdpywl·schemas·namespaceassetproperties·properties·attributes·additionalproperties' has no type or format information whatsoever. Location:
   file:///home/runner/work/bicep-types-az/bicep-types-az/workflow-temp/azure-rest-api-specs/specification/deviceregistry/resource-manager/Microsoft.DeviceRegistry/DeviceRegistry/preview/2026-03-01-preview/deviceregistry.json#/components/schemas/components·1rdpywl·schemas·namespaceassetproperties·properties·attributes·additionalproperties
warning | Modeler/MissingType | The schema 'components·1vg9hdb·schemas·namespaceassetupdateproperties·properties·attributes·additionalproperties' has no type or format information whatsoever. Location:
   file:///home/runner/work/bicep-types-az/bicep-types-az/workflow-temp/azure-rest-api-specs/specification/deviceregistry/resource-manager/Microsoft.DeviceRegistry/DeviceRegistry/preview/2026-03-01-preview/deviceregistry.json#/components/schemas/components·1vg9hdb·schemas·namespaceassetupdateproperties·properties·attributes·additionalproperties
warning | Modeler/MissingType | The schema 'components·1sf5qb·schemas·namespacedeviceproperties·properties·attributes·additionalproperties' has no type or format information whatsoever. Location:
   file:///home/runner/work/bicep-types-az/bicep-types-az/workflow-temp/azure-rest-api-specs/specification/deviceregistry/resource-manager/Microsoft.DeviceRegistry/DeviceRegistry/preview/2026-03-01-preview/deviceregistry.json#/components/schemas/components·1sf5qb·schemas·namespacedeviceproperties·properties·attributes·additionalproperties
warning | Modeler/MissingType | The schema 'components·1xijpxh·schemas·namespacedeviceupdateproperties·properties·attributes·additionalproperties' has no type or format information whatsoever. Location:
   file:///home/runner/work/bicep-types-az/bicep-types-az/workflow-temp/azure-rest-api-specs/specification/deviceregistry/resource-manager/Microsoft.DeviceRegistry/DeviceRegistry/preview/2026-03-01-preview/deviceregistry.json#/components/schemas/components·1xijpxh·schemas·namespacedeviceupdateproperties·properties·attributes·additionalproperties
warning | Modeler/MissingType | The schema 'components·9q249f·schemas·namespacediscoveredassetproperties·properties·attributes·additionalproperties' has no type or format information whatsoever. Location:
   file:///home/runner/work/bicep-types-az/bicep-types-az/workflow-temp/azure-rest-api-specs/specification/deviceregistry/resource-manager/Microsoft.DeviceRegistry/DeviceRegistry/preview/2026-03-01-preview/deviceregistry.json#/components/schemas/components·9q249f·schemas·namespacediscoveredassetproperties·properties·attributes·additionalproperties
warning | Modeler/MissingType | The schema 'components·627yat·schemas·namespacediscoveredassetupdateproperties·properties·attributes·additionalproperties' has no type or format information whatsoever. Location:
   file:///home/runner/work/bicep-types-az/bicep-types-az/workflow-temp/azure-rest-api-specs/specification/deviceregistry/resource-manager/Microsoft.DeviceRegistry/DeviceRegistry/preview/2026-03-01-preview/deviceregistry.json#/components/schemas/components·627yat·schemas·namespacediscoveredassetupdateproperties·properties·attributes·additionalproperties
warning | Modeler/MissingType | The schema 'components·wm26v2·schemas·namespacediscovereddeviceproperties·properties·attributes·additionalproperties' has no type or format information whatsoever. Location:
   file:///home/runner/work/bicep-types-az/bicep-types-az/workflow-temp/azure-rest-api-specs/specification/deviceregistry/resource-manager/Microsoft.DeviceRegistry/DeviceRegistry/preview/2026-03-01-preview/deviceregistry.json#/components/schemas/components·wm26v2·schemas·namespacediscovereddeviceproperties·properties·attributes·additionalproperties
warning | Modeler/MissingType | The schema 'components·5rsl2·schemas·namespacediscovereddeviceupdateproperties·properties·attributes·additionalproperties' has no type or format information whatsoever. Location:
   file:///home/runner/work/bicep-types-az/bicep-types-az/workflow-temp/azure-rest-api-specs/specification/deviceregistry/resource-manager/Microsoft.DeviceRegistry/DeviceRegistry/preview/2026-03-01-preview/deviceregistry.json#/components/schemas/components·5rsl2·schemas·namespacediscovereddeviceupdateproperties·properties·attributes·additionalproperties
warning | Resource action synchronize under path '/subscriptions/{subscriptionId}/resourceGroups/{resourceGroupName}/providers/Microsoft.DeviceRegistry/namespaces/{namespaceName}/credentials/default/synchronize' has no response schema. Returning 'any'.
warning | Resource action activateBringYourOwnRoot under path '/subscriptions/{subscriptionId}/resourceGroups/{resourceGroupName}/providers/Microsoft.DeviceRegistry/namespaces/{namespaceName}/credentials/default/policies/{policyName}/activateBringYourOwnRoot' has no response schema. Returning 'any'.
warning | Resource action revokeIssuer under path '/subscriptions/{subscriptionId}/resourceGroups/{resourceGroupName}/providers/Microsoft.DeviceRegistry/namespaces/{namespaceName}/credentials/default/policies/{policyName}/revokeIssuer' has no response schema. Returning 'any'.
warning | SkippedSemanticValidation | Semantic validation was skipped.
warning | PreCheck/CheckDuplicateSchemas | Checking for duplicate schemas, this could take a (long) while.  Run with --verbose for more detail.
warning | Modeler/MissingType | The schema 'components·tn8snt·schemas·assetproperties·properties·attributes·additionalproperties' has no type or format information whatsoever. Location:
   file:///home/runner/work/bicep-types-az/bicep-types-az/workflow-temp/azure-rest-api-specs/specification/deviceregistry/resource-manager/Microsoft.DeviceRegistry/DeviceRegistry/preview/2025-11-01-preview/deviceregistry.json#/components/schemas/components·tn8snt·schemas·assetproperties·properties·attributes·additionalproperties
warning | Modeler/MissingType | The schema 'components·mu8ft2·schemas·assetupdateproperties·properties·attributes·additionalproperties' has no type or format information whatsoever. Location:
   file:///home/runner/work/bicep-types-az/bicep-types-az/workflow-temp/azure-rest-api-specs/specification/deviceregistry/resource-manager/Microsoft.DeviceRegistry/DeviceRegistry/preview/2025-11-01-preview/deviceregistry.json#/components/schemas/components·mu8ft2·schemas·assetupdateproperties·properties·attributes·additionalproperties
warning | Modeler/MissingType | The schema 'components·1rdpywl·schemas·namespaceassetproperties·properties·attributes·additionalproperties' has no type or format information whatsoever. Location:
   file:///home/runner/work/bicep-types-az/bicep-types-az/workflow-temp/azure-rest-api-specs/specification/deviceregistry/resource-manager/Microsoft.DeviceRegistry/DeviceRegistry/preview/2025-11-01-preview/deviceregistry.json#/components/schemas/components·1rdpywl·schemas·namespaceassetproperties·properties·attributes·additionalproperties
warning | Modeler/MissingType | The schema 'components·1vg9hdb·schemas·namespaceassetupdateproperties·properties·attributes·additionalproperties' has no type or format information whatsoever. Location:
   file:///home/runner/work/bicep-types-az/bicep-types-az/workflow-temp/azure-rest-api-specs/specification/deviceregistry/resource-manager/Microsoft.DeviceRegistry/DeviceRegistry/preview/2025-11-01-preview/deviceregistry.json#/components/schemas/components·1vg9hdb·schemas·namespaceassetupdateproperties·properties·attributes·additionalproperties
warning | Modeler/MissingType | The schema 'components·1sf5qb·schemas·namespacedeviceproperties·properties·attributes·additionalproperties' has no type or format information whatsoever. Location:
   file:///home/runner/work/bicep-types-az/bicep-types-az/workflow-temp/azure-rest-api-specs/specification/deviceregistry/resource-manager/Microsoft.DeviceRegistry/DeviceRegistry/preview/2025-11-01-preview/deviceregistry.json#/components/schemas/components·1sf5qb·schemas·namespacedeviceproperties·properties·attributes·additionalproperties
warning | Modeler/MissingType | The schema 'components·1xijpxh·schemas·namespacedeviceupdateproperties·properties·attributes·additionalproperties' has no type or format information whatsoever. Location:
   file:///home/runner/work/bicep-types-az/bicep-types-az/workflow-temp/azure-rest-api-specs/specification/deviceregistry/resource-manager/Microsoft.DeviceRegistry/DeviceRegistry/preview/2025-11-01-preview/deviceregistry.json#/components/schemas/components·1xijpxh·schemas·namespacedeviceupdateproperties·properties·attributes·additionalproperties
warning | Modeler/MissingType | The schema 'components·9q249f·schemas·namespacediscoveredassetproperties·properties·attributes·additionalproperties' has no type or format information whatsoever. Location:
   file:///home/runner/work/bicep-types-az/bicep-types-az/workflow-temp/azure-rest-api-specs/specification/deviceregistry/resource-manager/Microsoft.DeviceRegistry/DeviceRegistry/preview/2025-11-01-preview/deviceregistry.json#/components/schemas/components·9q249f·schemas·namespacediscoveredassetproperties·properties·attributes·additionalproperties
warning | Modeler/MissingType | The schema 'components·627yat·schemas·namespacediscoveredassetupdateproperties·properties·attributes·additionalproperties' has no type or format information whatsoever. Location:
   file:///home/runner/work/bicep-types-az/bicep-types-az/workflow-temp/azure-rest-api-specs/specification/deviceregistry/resource-manager/Microsoft.DeviceRegistry/DeviceRegistry/preview/2025-11-01-preview/deviceregistry.json#/components/schemas/components·627yat·schemas·namespacediscoveredassetupdateproperties·properties·attributes·additionalproperties
warning | Modeler/MissingType | The schema 'components·wm26v2·schemas·namespacediscovereddeviceproperties·properties·attributes·additionalproperties' has no type or format information whatsoever. Location:
   file:///home/runner/work/bicep-types-az/bicep-types-az/workflow-temp/azure-rest-api-specs/specification/deviceregistry/resource-manager/Microsoft.DeviceRegistry/DeviceRegistry/preview/2025-11-01-preview/deviceregistry.json#/components/schemas/components·wm26v2·schemas·namespacediscovereddeviceproperties·properties·attributes·additionalproperties
warning | Modeler/MissingType | The schema 'components·5rsl2·schemas·namespacediscovereddeviceupdateproperties·properties·attributes·additionalproperties' has no type or format information whatsoever. Location:
   file:///home/runner/work/bicep-types-az/bicep-types-az/workflow-temp/azure-rest-api-specs/specification/deviceregistry/resource-manager/Microsoft.DeviceRegistry/DeviceRegistry/preview/2025-11-01-preview/deviceregistry.json#/components/schemas/components·5rsl2·schemas·namespacediscovereddeviceupdateproperties·properties·attributes·additionalproperties
warning | Resource action synchronize under path '/subscriptions/{subscriptionId}/resourceGroups/{resourceGroupName}/providers/Microsoft.DeviceRegistry/namespaces/{namespaceName}/credentials/default/synchronize' has no response schema. Returning 'any'.
warning | SkippedSemanticValidation | Semantic validation was skipped.
warning | PreCheck/CheckDuplicateSchemas | Checking for duplicate schemas, this could take a (long) while.  Run with --verbose for more detail.
warning | Modeler/MissingType | The schema 'components·tn8snt·schemas·assetproperties·properties·attributes·additionalproperties' has no type or format information whatsoever. Location:
   file:///home/runner/work/bicep-types-az/bicep-types-az/workflow-temp/azure-rest-api-specs/specification/deviceregistry/resource-manager/Microsoft.DeviceRegistry/DeviceRegistry/stable/2025-10-01/deviceregistry.json#/components/schemas/components·tn8snt·schemas·assetproperties·properties·attributes·additionalproperties
warning | Modeler/MissingType | The schema 'components·mu8ft2·schemas·assetupdateproperties·properties·attributes·additionalproperties' has no type or format information whatsoever. Location:
   file:///home/runner/work/bicep-types-az/bicep-types-az/workflow-temp/azure-rest-api-specs/specification/deviceregistry/resource-manager/Microsoft.DeviceRegistry/DeviceRegistry/stable/2025-10-01/deviceregistry.json#/components/schemas/components·mu8ft2·schemas·assetupdateproperties·properties·attributes·additionalproperties
warning | Modeler/MissingType | The schema 'components·1rdpywl·schemas·namespaceassetproperties·properties·attributes·additionalproperties' has no type or format information whatsoever. Location:
   file:///home/runner/work/bicep-types-az/bicep-types-az/workflow-temp/azure-rest-api-specs/specification/deviceregistry/resource-manager/Microsoft.DeviceRegistry/DeviceRegistry/stable/2025-10-01/deviceregistry.json#/components/schemas/components·1rdpywl·schemas·namespaceassetproperties·properties·attributes·additionalproperties
warning | Modeler/MissingType | The schema 'components·1vg9hdb·schemas·namespaceassetupdateproperties·properties·attributes·additionalproperties' has no type or format information whatsoever. Location:
   file:///home/runner/work/bicep-types-az/bicep-types-az/workflow-temp/azure-rest-api-specs/specification/deviceregistry/resource-manager/Microsoft.DeviceRegistry/DeviceRegistry/stable/2025-10-01/deviceregistry.json#/components/schemas/components·1vg9hdb·schemas·namespaceassetupdateproperties·properties·attributes·additionalproperties
warning | Modeler/MissingType | The schema 'components·1sf5qb·schemas·namespacedeviceproperties·properties·attributes·additionalproperties' has no type or format information whatsoever. Location:
   file:///home/runner/work/bicep-types-az/bicep-types-az/workflow-temp/azure-rest-api-specs/specification/deviceregistry/resource-manager/Microsoft.DeviceRegistry/DeviceRegistry/stable/2025-10-01/deviceregistry.json#/components/schemas/components·1sf5qb·schemas·namespacedeviceproperties·properties·attributes·additionalproperties
warning | Modeler/MissingType | The schema 'components·1xijpxh·schemas·namespacedeviceupdateproperties·properties·attributes·additionalproperties' has no type or format information whatsoever. Location:
   file:///home/runner/work/bicep-types-az/bicep-types-az/workflow-temp/azure-rest-api-specs/specification/deviceregistry/resource-manager/Microsoft.DeviceRegistry/DeviceRegistry/stable/2025-10-01/deviceregistry.json#/components/schemas/components·1xijpxh·schemas·namespacedeviceupdateproperties·properties·attributes·additionalproperties
warning | Modeler/MissingType | The schema 'components·9q249f·schemas·namespacediscoveredassetproperties·properties·attributes·additionalproperties' has no type or format information whatsoever. Location:
   file:///home/runner/work/bicep-types-az/bicep-types-az/workflow-temp/azure-rest-api-specs/specification/deviceregistry/resource-manager/Microsoft.DeviceRegistry/DeviceRegistry/stable/2025-10-01/deviceregistry.json#/components/schemas/components·9q249f·schemas·namespacediscoveredassetproperties·properties·attributes·additionalproperties
warning | Modeler/MissingType | The schema 'components·627yat·schemas·namespacediscoveredassetupdateproperties·properties·attributes·additionalproperties' has no type or format information whatsoever. Location:
   file:///home/runner/work/bicep-types-az/bicep-types-az/workflow-temp/azure-rest-api-specs/specification/deviceregistry/resource-manager/Microsoft.DeviceRegistry/DeviceRegistry/stable/2025-10-01/deviceregistry.json#/components/schemas/components·627yat·schemas·namespacediscoveredassetupdateproperties·properties·attributes·additionalproperties
warning | Modeler/MissingType | The schema 'components·wm26v2·schemas·namespacediscovereddeviceproperties·properties·attributes·additionalproperties' has no type or format information whatsoever. Location:
   file:///home/runner/work/bicep-types-az/bicep-types-az/workflow-temp/azure-rest-api-specs/specification/deviceregistry/resource-manager/Microsoft.DeviceRegistry/DeviceRegistry/stable/2025-10-01/deviceregistry.json#/components/schemas/components·wm26v2·schemas·namespacediscovereddeviceproperties·properties·attributes·additionalproperties
warning | Modeler/MissingType | The schema 'components·5rsl2·schemas·namespacediscovereddeviceupdateproperties·properties·attributes·additionalproperties' has no type or format information whatsoever. Location:
   file:///home/runner/work/bicep-types-az/bicep-types-az/workflow-temp/azure-rest-api-specs/specification/deviceregistry/resource-manager/Microsoft.DeviceRegistry/DeviceRegistry/stable/2025-10-01/deviceregistry.json#/components/schemas/components·5rsl2·schemas·namespacediscovereddeviceupdateproperties·properties·attributes·additionalproperties
warning | SkippedSemanticValidation | Semantic validation was skipped.
warning | PreCheck/CheckDuplicateSchemas | Checking for duplicate schemas, this could take a (long) while.  Run with --verbose for more detail.
warning | Modeler/MissingType | The schema 'components·tn8snt·schemas·assetproperties·properties·attributes·additionalproperties' has no type or format information whatsoever. Location:
   file:///home/runner/work/bicep-types-az/bicep-types-az/workflow-temp/azure-rest-api-specs/specification/deviceregistry/resource-manager/Microsoft.DeviceRegistry/DeviceRegistry/preview/2025-07-01-preview/deviceregistry.json#/components/schemas/components·tn8snt·schemas·assetproperties·properties·attributes·additionalproperties
warning | Modeler/MissingType | The schema 'components·mu8ft2·schemas·assetupdateproperties·properties·attributes·additionalproperties' has no type or format information whatsoever. Location:
   file:///home/runner/work/bicep-types-az/bicep-types-az/workflow-temp/azure-rest-api-specs/specification/deviceregistry/resource-manager/Microsoft.DeviceRegistry/DeviceRegistry/preview/2025-07-01-preview/deviceregistry.json#/components/schemas/components·mu8ft2·schemas·assetupdateproperties·properties·attributes·additionalproperties
warning | Modeler/MissingType | The schema 'components·1rdpywl·schemas·namespaceassetproperties·properties·attributes·additionalproperties' has no type or format information whatsoever. Location:
   file:///home/runner/work/bicep-types-az/bicep-types-az/workflow-temp/azure-rest-api-specs/specification/deviceregistry/resource-manager/Microsoft.DeviceRegistry/DeviceRegistry/preview/2025-07-01-preview/deviceregistry.json#/components/schemas/components·1rdpywl·schemas·namespaceassetproperties·properties·attributes·additionalproperties
warning | Modeler/MissingType | The schema 'components·1vg9hdb·schemas·namespaceassetupdateproperties·properties·attributes·additionalproperties' has no type or format information whatsoever. Location:
   file:///home/runner/work/bicep-types-az/bicep-types-az/workflow-temp/azure-rest-api-specs/specification/deviceregistry/resource-manager/Microsoft.DeviceRegistry/DeviceRegistry/preview/2025-07-01-preview/deviceregistry.json#/components/schemas/components·1vg9hdb·schemas·namespaceassetupdateproperties·properties·attributes·additionalproperties
warning | Modeler/MissingType | The schema 'components·1sf5qb·schemas·namespacedeviceproperties·properties·attributes·additionalproperties' has no type or format information whatsoever. Location:
   file:///home/runner/work/bicep-types-az/bicep-types-az/workflow-temp/azure-rest-api-specs/specification/deviceregistry/resource-manager/Microsoft.DeviceRegistry/DeviceRegistry/preview/2025-07-01-preview/deviceregistry.json#/components/schemas/components·1sf5qb·schemas·namespacedeviceproperties·properties·attributes·additionalproperties
warning | Modeler/MissingType | The schema 'components·1xijpxh·schemas·namespacedeviceupdateproperties·properties·attributes·additionalproperties' has no type or format information whatsoever. Location:
   file:///home/runner/work/bicep-types-az/bicep-types-az/workflow-temp/azure-rest-api-specs/specification/deviceregistry/resource-manager/Microsoft.DeviceRegistry/DeviceRegistry/preview/2025-07-01-preview/deviceregistry.json#/components/schemas/components·1xijpxh·schemas·namespacedeviceupdateproperties·properties·attributes·additionalproperties
warning | Modeler/MissingType | The schema 'components·9q249f·schemas·namespacediscoveredassetproperties·properties·attributes·additionalproperties' has no type or format information whatsoever. Location:
   file:///home/runner/work/bicep-types-az/bicep-types-az/workflow-temp/azure-rest-api-specs/specification/deviceregistry/resource-manager/Microsoft.DeviceRegistry/DeviceRegistry/preview/2025-07-01-preview/deviceregistry.json#/components/schemas/components·9q249f·schemas·namespacediscoveredassetproperties·properties·attributes·additionalproperties
warning | Modeler/MissingType | The schema 'components·627yat·schemas·namespacediscoveredassetupdateproperties·properties·attributes·additionalproperties' has no type or format information whatsoever. Location:
   file:///home/runner/work/bicep-types-az/bicep-types-az/workflow-temp/azure-rest-api-specs/specification/deviceregistry/resource-manager/Microsoft.DeviceRegistry/DeviceRegistry/preview/2025-07-01-preview/deviceregistry.json#/components/schemas/components·627yat·schemas·namespacediscoveredassetupdateproperties·properties·attributes·additionalproperties
warning | Modeler/MissingType | The schema 'components·wm26v2·schemas·namespacediscovereddeviceproperties·properties·attributes·additionalproperties' has no type or format information whatsoever. Location:
   file:///home/runner/work/bicep-types-az/bicep-types-az/workflow-temp/azure-rest-api-specs/specification/deviceregistry/resource-manager/Microsoft.DeviceRegistry/DeviceRegistry/preview/2025-07-01-preview/deviceregistry.json#/components/schemas/components·wm26v2·schemas·namespacediscovereddeviceproperties·properties·attributes·additionalproperties
warning | Modeler/MissingType | The schema 'components·5rsl2·schemas·namespacediscovereddeviceupdateproperties·properties·attributes·additionalproperties' has no type or format information whatsoever. Location:
   file:///home/runner/work/bicep-types-az/bicep-types-az/workflow-temp/azure-rest-api-specs/specification/deviceregistry/resource-manager/Microsoft.DeviceRegistry/DeviceRegistry/preview/2025-07-01-preview/deviceregistry.json#/components/schemas/components·5rsl2·schemas·namespacediscovereddeviceupdateproperties·properties·attributes·additionalproperties
warning | SkippedSemanticValidation | Semantic validation was skipped.
warning | PreCheck/CheckDuplicateSchemas | Checking for duplicate schemas, this could take a (long) while.  Run with --verbose for more detail.
warning | Modeler/MissingType | The schema 'components·tn8snt·schemas·assetproperties·properties·attributes·additionalproperties' has no type or format information whatsoever. Location:
   file:///home/runner/work/bicep-types-az/bicep-types-az/workflow-temp/azure-rest-api-specs/specification/deviceregistry/resource-manager/Microsoft.DeviceRegistry/DeviceRegistry/stable/2024-11-01/deviceregistry.json#/components/schemas/components·tn8snt·schemas·assetproperties·properties·attributes·additionalproperties
warning | Modeler/MissingType | The schema 'components·mu8ft2·schemas·assetupdateproperties·properties·attributes·additionalproperties' has no type or format information whatsoever. Location:
   file:///home/runner/work/bicep-types-az/bicep-types-az/workflow-temp/azure-rest-api-specs/specification/deviceregistry/resource-manager/Microsoft.DeviceRegistry/DeviceRegistry/stable/2024-11-01/deviceregistry.json#/components/schemas/components·mu8ft2·schemas·assetupdateproperties·properties·attributes·additionalproperties
warning | SkippedSemanticValidation | Semantic validation was skipped.
warning | PreCheck/CheckDuplicateSchemas | Checking for duplicate schemas, this could take a (long) while.  Run with --verbose for more detail.
warning | Modeler/MissingType | The schema 'components·tn8snt·schemas·assetproperties·properties·attributes·additionalproperties' has no type or format information whatsoever. Location:
   file:///home/runner/work/bicep-types-az/bicep-types-az/workflow-temp/azure-rest-api-specs/specification/deviceregistry/resource-manager/Microsoft.DeviceRegistry/DeviceRegistry/preview/2024-09-01-preview/deviceregistry.json#/components/schemas/components·tn8snt·schemas·assetproperties·properties·attributes·additionalproperties
warning | Modeler/MissingType | The schema 'components·mu8ft2·schemas·assetupdateproperties·properties·attributes·additionalproperties' has no type or format information whatsoever. Location:
   file:///home/runner/work/bicep-types-az/bicep-types-az/workflow-temp/azure-rest-api-specs/specification/deviceregistry/resource-manager/Microsoft.DeviceRegistry/DeviceRegistry/preview/2024-09-01-preview/deviceregistry.json#/components/schemas/components·mu8ft2·schemas·assetupdateproperties·properties·attributes·additionalproperties
warning | SkippedSemanticValidation | Semantic validation was skipped.
warning | PreCheck/CheckDuplicateSchemas | Checking for duplicate schemas, this could take a (long) while.  Run with --verbose for more detail.
warning | Modeler/MissingType | The schema 'components·tn8snt·schemas·assetproperties·properties·attributes·additionalproperties' has no type or format information whatsoever. Location:
   file:///home/runner/work/bicep-types-az/bicep-types-az/workflow-temp/azure-rest-api-specs/specification/deviceregistry/resource-manager/Microsoft.DeviceRegistry/DeviceRegistry/preview/2023-11-01-preview/deviceregistry.json#/components/schemas/components·tn8snt·schemas·assetproperties·properties·attributes·additionalproperties
warning | Modeler/MissingType | The schema 'components·mu8ft2·schemas·assetupdateproperties·properties·attributes·additionalproperties' has no type or format information whatsoever. Location:
   file:///home/runner/work/bicep-types-az/bicep-types-az/workflow-temp/azure-rest-api-specs/specification/deviceregistry/resource-manager/Microsoft.DeviceRegistry/DeviceRegistry/preview/2023-11-01-preview/deviceregistry.json#/components/schemas/components·mu8ft2·schemas·assetupdateproperties·properties·attributes·additionalproperties
