Generating types for 'specification/labservices/resource-manager/Microsoft.LabServices/LabServices/readme.md'
AutoRest code generation utility [cli version: 3.8.0; node: v22.23.2]
(C) 2018 Microsoft Corporation.
https://aka.ms/autorest
⚠️ AutoRest is deprecated and will be retired on July 1, 2026. Please migrate to TypeSpec: https://typespec.io — details: https://github.com/Azure/autorest/issues/5175
warning | SkippedSemanticValidation | Semantic validation was skipped.
warning | PreCheck/CheckDuplicateSchemas | Checking for duplicate schemas, this could take a (long) while.  Run with --verbose for more detail.
warning | Resource action saveImage under path '/subscriptions/{subscriptionId}/resourceGroups/{resourceGroupName}/providers/Microsoft.LabServices/labPlans/{labPlanName}/saveImage' has no response schema. Returning 'any'.
warning | Resource action publish under path '/subscriptions/{subscriptionId}/resourceGroups/{resourceGroupName}/providers/Microsoft.LabServices/labs/{labName}/publish' has no response schema. Returning 'any'.
warning | Resource action syncGroup under path '/subscriptions/{subscriptionId}/resourceGroups/{resourceGroupName}/providers/Microsoft.LabServices/labs/{labName}/syncGroup' has no response schema. Returning 'any'.
warning | Resource action invite under path '/subscriptions/{subscriptionId}/resourceGroups/{resourceGroupName}/providers/Microsoft.LabServices/labs/{labName}/users/{userName}/invite' has no response schema. Returning 'any'.
warning | Resource action start under path '/subscriptions/{subscriptionId}/resourceGroups/{resourceGroupName}/providers/Microsoft.LabServices/labs/{labName}/virtualMachines/{virtualMachineName}/start' has no response schema. Returning 'any'.
warning | Resource action stop under path '/subscriptions/{subscriptionId}/resourceGroups/{resourceGroupName}/providers/Microsoft.LabServices/labs/{labName}/virtualMachines/{virtualMachineName}/stop' has no response schema. Returning 'any'.
warning | Resource action reimage under path '/subscriptions/{subscriptionId}/resourceGroups/{resourceGroupName}/providers/Microsoft.LabServices/labs/{labName}/virtualMachines/{virtualMachineName}/reimage' has no response schema. Returning 'any'.
warning | Resource action redeploy under path '/subscriptions/{subscriptionId}/resourceGroups/{resourceGroupName}/providers/Microsoft.LabServices/labs/{labName}/virtualMachines/{virtualMachineName}/redeploy' has no response schema. Returning 'any'.
warning | Resource action resetPassword under path '/subscriptions/{subscriptionId}/resourceGroups/{resourceGroupName}/providers/Microsoft.LabServices/labs/{labName}/virtualMachines/{virtualMachineName}/resetPassword' has no response schema. Returning 'any'.
warning | SkippedSemanticValidation | Semantic validation was skipped.
warning | PreCheck/CheckDuplicateSchemas | Checking for duplicate schemas, this could take a (long) while.  Run with --verbose for more detail.
warning | Resource action saveImage under path '/subscriptions/{subscriptionId}/resourceGroups/{resourceGroupName}/providers/Microsoft.LabServices/labPlans/{labPlanName}/saveImage' has no response schema. Returning 'any'.
warning | Resource action publish under path '/subscriptions/{subscriptionId}/resourceGroups/{resourceGroupName}/providers/Microsoft.LabServices/labs/{labName}/publish' has no response schema. Returning 'any'.
warning | Resource action syncGroup under path '/subscriptions/{subscriptionId}/resourceGroups/{resourceGroupName}/providers/Microsoft.LabServices/labs/{labName}/syncGroup' has no response schema. Returning 'any'.
warning | Resource action invite under path '/subscriptions/{subscriptionId}/resourceGroups/{resourceGroupName}/providers/Microsoft.LabServices/labs/{labName}/users/{userName}/invite' has no response schema. Returning 'any'.
warning | Resource action start under path '/subscriptions/{subscriptionId}/resourceGroups/{resourceGroupName}/providers/Microsoft.LabServices/labs/{labName}/virtualMachines/{virtualMachineName}/start' has no response schema. Returning 'any'.
warning | Resource action stop under path '/subscriptions/{subscriptionId}/resourceGroups/{resourceGroupName}/providers/Microsoft.LabServices/labs/{labName}/virtualMachines/{virtualMachineName}/stop' has no response schema. Returning 'any'.
warning | Resource action reimage under path '/subscriptions/{subscriptionId}/resourceGroups/{resourceGroupName}/providers/Microsoft.LabServices/labs/{labName}/virtualMachines/{virtualMachineName}/reimage' has no response schema. Returning 'any'.
warning | Resource action redeploy under path '/subscriptions/{subscriptionId}/resourceGroups/{resourceGroupName}/providers/Microsoft.LabServices/labs/{labName}/virtualMachines/{virtualMachineName}/redeploy' has no response schema. Returning 'any'.
warning | Resource action resetPassword under path '/subscriptions/{subscriptionId}/resourceGroups/{resourceGroupName}/providers/Microsoft.LabServices/labs/{labName}/virtualMachines/{virtualMachineName}/resetPassword' has no response schema. Returning 'any'.
warning | SkippedSemanticValidation | Semantic validation was skipped.
warning | PreCheck/CheckDuplicateSchemas | Checking for duplicate schemas, this could take a (long) while.  Run with --verbose for more detail.
warning | Resource action saveImage under path '/subscriptions/{subscriptionId}/resourceGroups/{resourceGroupName}/providers/Microsoft.LabServices/labPlans/{labPlanName}/saveImage' has no response schema. Returning 'any'.
warning | Resource action publish under path '/subscriptions/{subscriptionId}/resourceGroups/{resourceGroupName}/providers/Microsoft.LabServices/labs/{labName}/publish' has no response schema. Returning 'any'.
warning | Resource action syncGroup under path '/subscriptions/{subscriptionId}/resourceGroups/{resourceGroupName}/providers/Microsoft.LabServices/labs/{labName}/syncGroup' has no response schema. Returning 'any'.
warning | Resource action invite under path '/subscriptions/{subscriptionId}/resourceGroups/{resourceGroupName}/providers/Microsoft.LabServices/labs/{labName}/users/{userName}/invite' has no response schema. Returning 'any'.
warning | Resource action start under path '/subscriptions/{subscriptionId}/resourceGroups/{resourceGroupName}/providers/Microsoft.LabServices/labs/{labName}/virtualMachines/{virtualMachineName}/start' has no response schema. Returning 'any'.
warning | Resource action stop under path '/subscriptions/{subscriptionId}/resourceGroups/{resourceGroupName}/providers/Microsoft.LabServices/labs/{labName}/virtualMachines/{virtualMachineName}/stop' has no response schema. Returning 'any'.
warning | Resource action reimage under path '/subscriptions/{subscriptionId}/resourceGroups/{resourceGroupName}/providers/Microsoft.LabServices/labs/{labName}/virtualMachines/{virtualMachineName}/reimage' has no response schema. Returning 'any'.
warning | Resource action redeploy under path '/subscriptions/{subscriptionId}/resourceGroups/{resourceGroupName}/providers/Microsoft.LabServices/labs/{labName}/virtualMachines/{virtualMachineName}/redeploy' has no response schema. Returning 'any'.
warning | Resource action resetPassword under path '/subscriptions/{subscriptionId}/resourceGroups/{resourceGroupName}/providers/Microsoft.LabServices/labs/{labName}/virtualMachines/{virtualMachineName}/resetPassword' has no response schema. Returning 'any'.
warning | SkippedSemanticValidation | Semantic validation was skipped.
warning | PreCheck/CheckDuplicateSchemas | Checking for duplicate schemas, this could take a (long) while.  Run with --verbose for more detail.
warning | Resource action saveImage under path '/subscriptions/{subscriptionId}/resourceGroups/{resourceGroupName}/providers/Microsoft.LabServices/labPlans/{labPlanName}/saveImage' has no response schema. Returning 'any'.
warning | Resource action publish under path '/subscriptions/{subscriptionId}/resourceGroups/{resourceGroupName}/providers/Microsoft.LabServices/labs/{labName}/publish' has no response schema. Returning 'any'.
warning | Resource action syncGroup under path '/subscriptions/{subscriptionId}/resourceGroups/{resourceGroupName}/providers/Microsoft.LabServices/labs/{labName}/syncGroup' has no response schema. Returning 'any'.
warning | Resource action invite under path '/subscriptions/{subscriptionId}/resourceGroups/{resourceGroupName}/providers/Microsoft.LabServices/labs/{labName}/users/{userName}/invite' has no response schema. Returning 'any'.
warning | Resource action start under path '/subscriptions/{subscriptionId}/resourceGroups/{resourceGroupName}/providers/Microsoft.LabServices/labs/{labName}/virtualMachines/{virtualMachineName}/start' has no response schema. Returning 'any'.
warning | Resource action stop under path '/subscriptions/{subscriptionId}/resourceGroups/{resourceGroupName}/providers/Microsoft.LabServices/labs/{labName}/virtualMachines/{virtualMachineName}/stop' has no response schema. Returning 'any'.
warning | Resource action reimage under path '/subscriptions/{subscriptionId}/resourceGroups/{resourceGroupName}/providers/Microsoft.LabServices/labs/{labName}/virtualMachines/{virtualMachineName}/reimage' has no response schema. Returning 'any'.
warning | Resource action redeploy under path '/subscriptions/{subscriptionId}/resourceGroups/{resourceGroupName}/providers/Microsoft.LabServices/labs/{labName}/virtualMachines/{virtualMachineName}/redeploy' has no response schema. Returning 'any'.
warning | Resource action resetPassword under path '/subscriptions/{subscriptionId}/resourceGroups/{resourceGroupName}/providers/Microsoft.LabServices/labs/{labName}/virtualMachines/{virtualMachineName}/resetPassword' has no response schema. Returning 'any'.
warning | SkippedSemanticValidation | Semantic validation was skipped.
warning | PreCheck/CheckDuplicateSchemas | Checking for duplicate schemas, this could take a (long) while.  Run with --verbose for more detail.
warning | Resource action register under path '/providers/Microsoft.LabServices/users/{userName}/register' has no response schema. Returning 'any'.
warning | Resource action resetPassword under path '/providers/Microsoft.LabServices/users/{userName}/resetPassword' has no response schema. Returning 'any'.
warning | Resource action startEnvironment under path '/providers/Microsoft.LabServices/users/{userName}/startEnvironment' has no response schema. Returning 'any'.
warning | Resource action stopEnvironment under path '/providers/Microsoft.LabServices/users/{userName}/stopEnvironment' has no response schema. Returning 'any'.
warning | Resource action createLab under path '/subscriptions/{subscriptionId}/resourceGroups/{resourceGroupName}/providers/Microsoft.LabServices/labaccounts/{labAccountName}/createLab' has no response schema. Returning 'any'.
warning | Resource action addUsers under path '/subscriptions/{subscriptionId}/resourceGroups/{resourceGroupName}/providers/Microsoft.LabServices/labaccounts/{labAccountName}/labs/{labName}/addUsers' has no response schema. Returning 'any'.
warning | Resource action register under path '/subscriptions/{subscriptionId}/resourceGroups/{resourceGroupName}/providers/Microsoft.LabServices/labaccounts/{labAccountName}/labs/{labName}/register' has no response schema. Returning 'any'.
warning | Resource action claimAny under path '/subscriptions/{subscriptionId}/resourceGroups/{resourceGroupName}/providers/Microsoft.LabServices/labaccounts/{labAccountName}/labs/{labName}/environmentsettings/{environmentSettingName}/claimAny' has no response schema. Returning 'any'.
warning | Resource action publish under path '/subscriptions/{subscriptionId}/resourceGroups/{resourceGroupName}/providers/Microsoft.LabServices/labaccounts/{labAccountName}/labs/{labName}/environmentsettings/{environmentSettingName}/publish' has no response schema. Returning 'any'.
warning | Resource action start under path '/subscriptions/{subscriptionId}/resourceGroups/{resourceGroupName}/providers/Microsoft.LabServices/labaccounts/{labAccountName}/labs/{labName}/environmentsettings/{environmentSettingName}/start' has no response schema. Returning 'any'.
warning | Resource action stop under path '/subscriptions/{subscriptionId}/resourceGroups/{resourceGroupName}/providers/Microsoft.LabServices/labaccounts/{labAccountName}/labs/{labName}/environmentsettings/{environmentSettingName}/stop' has no response schema. Returning 'any'.
warning | Resource action claim under path '/subscriptions/{subscriptionId}/resourceGroups/{resourceGroupName}/providers/Microsoft.LabServices/labaccounts/{labAccountName}/labs/{labName}/environmentsettings/{environmentSettingName}/environments/{environmentName}/claim' has no response schema. Returning 'any'.
warning | Resource action resetPassword under path '/subscriptions/{subscriptionId}/resourceGroups/{resourceGroupName}/providers/Microsoft.LabServices/labaccounts/{labAccountName}/labs/{labName}/environmentsettings/{environmentSettingName}/environments/{environmentName}/resetPassword' has no response schema. Returning 'any'.
warning | Resource action start under path '/subscriptions/{subscriptionId}/resourceGroups/{resourceGroupName}/providers/Microsoft.LabServices/labaccounts/{labAccountName}/labs/{labName}/environmentsettings/{environmentSettingName}/environments/{environmentName}/start' has no response schema. Returning 'any'.
warning | Resource action stop under path '/subscriptions/{subscriptionId}/resourceGroups/{resourceGroupName}/providers/Microsoft.LabServices/labaccounts/{labAccountName}/labs/{labName}/environmentsettings/{environmentSettingName}/environments/{environmentName}/stop' has no response schema. Returning 'any'.
