Generating types for 'specification/vi/resource-manager/Microsoft.VideoIndexer/VideoIndexer/readme.md'
AutoRest code generation utility [cli version: 3.8.0; node: v22.23.2]
(C) 2018 Microsoft Corporation.
https://aka.ms/autorest
⚠️ AutoRest is deprecated and will be retired on July 1, 2026. Please migrate to TypeSpec: https://typespec.io — details: https://github.com/Azure/autorest/issues/5175
warning | SkippedSemanticValidation | Semantic validation was skipped.
warning | PreCheck/CheckDuplicateSchemas | Checking for duplicate schemas, this could take a (long) while.  Run with --verbose for more detail.
warning | PreCheck/PropertyRedeclarationWarning | Schema 'Account' has a property 'systemData' that is already declared the parent schema 'Resource' but isn't significantly different. The property has been removed from Account
warning | Skipping resource POST action path '/subscriptions/{subscriptionId}/providers/Microsoft.VideoIndexer/checkNameAvailability': Unable to find type segments
warning | SkippedSemanticValidation | Semantic validation was skipped.
warning | PreCheck/CheckDuplicateSchemas | Checking for duplicate schemas, this could take a (long) while.  Run with --verbose for more detail.
warning | PreCheck/DuplicateSchema | Duplicate Schema named 'ErrorResponse' (3 differences):
  - properties.error.$ref: "#/components/schemas/schemas:65" => "#/components/schemas/schemas:116"
  - properties.error.description: "The error details." => "The error object."
  - title: <none> => "Error response"
warning | PreNamer/DeduplicateName | Deduplicating schema name: 'ErrorResponse' -> 'ErrorResponseAutoGenerated'
warning | Skipping resource POST action path '/subscriptions/{subscriptionId}/providers/Microsoft.VideoIndexer/checkNameAvailability': Unable to find type segments
warning | SkippedSemanticValidation | Semantic validation was skipped.
warning | PreCheck/CheckDuplicateSchemas | Checking for duplicate schemas, this could take a (long) while.  Run with --verbose for more detail.
warning | Skipping resource POST action path '/subscriptions/{subscriptionId}/providers/Microsoft.VideoIndexer/checkNameAvailability': Unable to find type segments
warning | SkippedSemanticValidation | Semantic validation was skipped.
warning | PreCheck/CheckDuplicateSchemas | Checking for duplicate schemas, this could take a (long) while.  Run with --verbose for more detail.
warning | PreCheck/PropertyRedeclarationWarning | Schema 'Account' has a property 'systemData' that is already declared the parent schema 'Resource' but isn't significantly different. The property has been removed from Account
warning | Skipping resource POST action path '/subscriptions/{subscriptionId}/providers/Microsoft.VideoIndexer/checkNameAvailability': Unable to find type segments
warning | SkippedSemanticValidation | Semantic validation was skipped.
warning | PreCheck/CheckDuplicateSchemas | Checking for duplicate schemas, this could take a (long) while.  Run with --verbose for more detail.
warning | Skipping resource POST action path '/subscriptions/{subscriptionId}/providers/Microsoft.VideoIndexer/checkNameAvailability': Unable to find type segments
warning | SkippedSemanticValidation | Semantic validation was skipped.
warning | PreCheck/CheckDuplicateSchemas | Checking for duplicate schemas, this could take a (long) while.  Run with --verbose for more detail.
warning | Skipping resource POST action path '/subscriptions/{subscriptionId}/providers/Microsoft.VideoIndexer/checkNameAvailability': Unable to find type segments
warning | SkippedSemanticValidation | Semantic validation was skipped.
warning | PreCheck/CheckDuplicateSchemas | Checking for duplicate schemas, this could take a (long) while.  Run with --verbose for more detail.
warning | Skipping resource POST action path '/subscriptions/{subscriptionId}/providers/Microsoft.VideoIndexer/checkNameAvailability': Unable to find type segments
warning | SkippedSemanticValidation | Semantic validation was skipped.
warning | PreCheck/CheckDuplicateSchemas | Checking for duplicate schemas, this could take a (long) while.  Run with --verbose for more detail.
warning | Skipping resource POST action path '/subscriptions/{subscriptionId}/providers/Microsoft.VideoIndexer/checkNameAvailability': Unable to find type segments
warning | SkippedSemanticValidation | Semantic validation was skipped.
warning | PreCheck/CheckDuplicateSchemas | Checking for duplicate schemas, this could take a (long) while.  Run with --verbose for more detail.
warning | Skipping resource POST action path '/subscriptions/{subscriptionId}/providers/Microsoft.VideoIndexer/checkNameAvailability': Unable to find type segments
warning | SkippedSemanticValidation | Semantic validation was skipped.
warning | PreCheck/CheckDuplicateSchemas | Checking for duplicate schemas, this could take a (long) while.  Run with --verbose for more detail.
warning | Skipping resource POST action path '/subscriptions/{subscriptionId}/providers/Microsoft.VideoIndexer/checkNameAvailability': Unable to find type segments
warning | SkippedSemanticValidation | Semantic validation was skipped.
warning | PreCheck/CheckDuplicateSchemas | Checking for duplicate schemas, this could take a (long) while.  Run with --verbose for more detail.
warning | Skipping resource POST action path '/subscriptions/{subscriptionId}/providers/Microsoft.VideoIndexer/checkNameAvailability': Unable to find type segments
warning | SkippedSemanticValidation | Semantic validation was skipped.
warning | PreCheck/CheckDuplicateSchemas | Checking for duplicate schemas, this could take a (long) while.  Run with --verbose for more detail.
warning | Skipping resource POST action path '/subscriptions/{subscriptionId}/providers/Microsoft.VideoIndexer/checkNameAvailability': Unable to find type segments
warning | SkippedSemanticValidation | Semantic validation was skipped.
warning | PreCheck/CheckDuplicateSchemas | Checking for duplicate schemas, this could take a (long) while.  Run with --verbose for more detail.
warning | Skipping resource POST action path '/subscriptions/{subscriptionId}/providers/Microsoft.VideoIndexer/checkNameAvailability': Unable to find type segments
