Generating types for 'specification/liftrcommvault/resource-manager/readme.md'
AutoRest code generation utility [cli version: 3.8.0; node: v22.23.2]
(C) 2018 Microsoft Corporation.
https://aka.ms/autorest
⚠️ AutoRest is deprecated and will be retired on July 1, 2026. Please migrate to TypeSpec: https://typespec.io — details: https://github.com/Azure/autorest/issues/5175
warning | SkippedSemanticValidation | Semantic validation was skipped.
warning | PreCheck/CheckDuplicateSchemas | Checking for duplicate schemas, this could take a (long) while.  Run with --verbose for more detail.
warning | Resource action stopBackup under path '/subscriptions/{subscriptionId}/resourceGroups/{resourceGroupName}/providers/Commvault.ContentStore/cloudAccounts/{cloudAccountName}/protectionGroups/{protectionGroupName}/stopBackup' has no response schema. Returning 'any'.
warning | SkippedSemanticValidation | Semantic validation was skipped.
warning | PreCheck/CheckDuplicateSchemas | Checking for duplicate schemas, this could take a (long) while.  Run with --verbose for more detail.
warning | Resource action stopBackup under path '/subscriptions/{subscriptionId}/resourceGroups/{resourceGroupName}/providers/Commvault.ContentStore/cloudAccounts/{cloudAccountName}/protectionGroups/{protectionGroupName}/stopBackup' has no response schema. Returning 'any'.
warning | SkippedSemanticValidation | Semantic validation was skipped.
warning | PreCheck/CheckDuplicateSchemas | Checking for duplicate schemas, this could take a (long) while.  Run with --verbose for more detail.
warning | Resource action resumeBackup under path '/subscriptions/{subscriptionId}/resourceGroups/{resourceGroupName}/providers/Commvault.ContentStore/cloudAccounts/{cloudAccountName}/protectionGroups/{protectionGroupName}/resumeBackup' has no response schema. Returning 'any'.
warning | Resource action stopBackup under path '/subscriptions/{subscriptionId}/resourceGroups/{resourceGroupName}/providers/Commvault.ContentStore/cloudAccounts/{cloudAccountName}/protectionGroups/{protectionGroupName}/stopBackup' has no response schema. Returning 'any'.
warning | SkippedSemanticValidation | Semantic validation was skipped.
warning | PreCheck/CheckDuplicateSchemas | Checking for duplicate schemas, this could take a (long) while.  Run with --verbose for more detail.
warning | Resource action resumeBackup under path '/subscriptions/{subscriptionId}/resourceGroups/{resourceGroupName}/providers/Commvault.ContentStore/cloudAccounts/{cloudAccountName}/protectionGroups/{protectionGroupName}/resumeBackup' has no response schema. Returning 'any'.
warning | Resource action stopBackup under path '/subscriptions/{subscriptionId}/resourceGroups/{resourceGroupName}/providers/Commvault.ContentStore/cloudAccounts/{cloudAccountName}/protectionGroups/{protectionGroupName}/stopBackup' has no response schema. Returning 'any'.
warning | SkippedSemanticValidation | Semantic validation was skipped.
warning | PreCheck/CheckDuplicateSchemas | Checking for duplicate schemas, this could take a (long) while.  Run with --verbose for more detail.
warning | Resource action resumeBackup under path '/subscriptions/{subscriptionId}/resourceGroups/{resourceGroupName}/providers/Commvault.ContentStore/cloudAccounts/{cloudAccountName}/protectionGroups/{protectionGroupName}/resumeBackup' has no response schema. Returning 'any'.
warning | Resource action stopBackup under path '/subscriptions/{subscriptionId}/resourceGroups/{resourceGroupName}/providers/Commvault.ContentStore/cloudAccounts/{cloudAccountName}/protectionGroups/{protectionGroupName}/stopBackup' has no response schema. Returning 'any'.
warning | SkippedSemanticValidation | Semantic validation was skipped.
warning | PreCheck/CheckDuplicateSchemas | Checking for duplicate schemas, this could take a (long) while.  Run with --verbose for more detail.
warning | Skipping resource POST action path '/subscriptions/{subscriptionId}/providers/Commvault.ContentStore/activateSaaS': Unable to find type segments
warning | Resource action resumeBackup under path '/subscriptions/{subscriptionId}/resourceGroups/{resourceGroupName}/providers/Commvault.ContentStore/cloudAccounts/{cloudAccountName}/protectionGroups/{protectionGroupName}/resumeBackup' has no response schema. Returning 'any'.
warning | Resource action stopBackup under path '/subscriptions/{subscriptionId}/resourceGroups/{resourceGroupName}/providers/Commvault.ContentStore/cloudAccounts/{cloudAccountName}/protectionGroups/{protectionGroupName}/stopBackup' has no response schema. Returning 'any'.
warning | SkippedSemanticValidation | Semantic validation was skipped.
warning | PreCheck/CheckDuplicateSchemas | Checking for duplicate schemas, this could take a (long) while.  Run with --verbose for more detail.
warning | Skipping resource POST action path '/providers/Commvault.ContentStore/protectedItemCount': Unable to find type segments
warning | Skipping resource POST action path '/subscriptions/{subscriptionId}/providers/Commvault.ContentStore/activateSaaS': Unable to find type segments
warning | Resource action resumeBackup under path '/subscriptions/{subscriptionId}/resourceGroups/{resourceGroupName}/providers/Commvault.ContentStore/cloudAccounts/{cloudAccountName}/protectionGroups/{protectionGroupName}/resumeBackup' has no response schema. Returning 'any'.
warning | Resource action stopBackup under path '/subscriptions/{subscriptionId}/resourceGroups/{resourceGroupName}/providers/Commvault.ContentStore/cloudAccounts/{cloudAccountName}/protectionGroups/{protectionGroupName}/stopBackup' has no response schema. Returning 'any'.
warning | SkippedSemanticValidation | Semantic validation was skipped.
warning | PreCheck/CheckDuplicateSchemas | Checking for duplicate schemas, this could take a (long) while.  Run with --verbose for more detail.
warning | Skipping resource POST action path '/providers/Commvault.ContentStore/protectedItemCount': Unable to find type segments
warning | Skipping resource POST action path '/subscriptions/{subscriptionId}/providers/Commvault.ContentStore/activateSaaS': Unable to find type segments
warning | Resource action resumeBackup under path '/subscriptions/{subscriptionId}/resourceGroups/{resourceGroupName}/providers/Commvault.ContentStore/cloudAccounts/{cloudAccountName}/protectionGroups/{protectionGroupName}/resumeBackup' has no response schema. Returning 'any'.
warning | Resource action stopBackup under path '/subscriptions/{subscriptionId}/resourceGroups/{resourceGroupName}/providers/Commvault.ContentStore/cloudAccounts/{cloudAccountName}/protectionGroups/{protectionGroupName}/stopBackup' has no response schema. Returning 'any'.
