Generating types for 'specification/elastic/resource-manager/Microsoft.Elastic/Elastic/readme.md'
AutoRest code generation utility [cli version: 3.8.0; node: v24.20.0]
(C) 2018 Microsoft Corporation.
https://aka.ms/autorest
⚠️ AutoRest is deprecated and will be retired on July 1, 2026. Please migrate to TypeSpec: https://typespec.io — details: https://github.com/Azure/autorest/issues/5175
warning | SkippedSemanticValidation | Semantic validation was skipped.
warning | PreCheck/CheckDuplicateSchemas | Checking for duplicate schemas, this could take a (long) while.  Run with --verbose for more detail.
warning | Resource action vmCollectionUpdate under path '/subscriptions/{subscriptionId}/resourceGroups/{resourceGroupName}/providers/Microsoft.Elastic/monitors/{monitorName}/vmCollectionUpdate' has no response schema. Returning 'any'.
warning | SkippedSemanticValidation | Semantic validation was skipped.
warning | PreCheck/CheckDuplicateSchemas | Checking for duplicate schemas, this could take a (long) while.  Run with --verbose for more detail.
warning | Resource action vmCollectionUpdate under path '/subscriptions/{subscriptionId}/resourceGroups/{resourceGroupName}/providers/Microsoft.Elastic/monitors/{monitorName}/vmCollectionUpdate' has no response schema. Returning 'any'.
warning | Resource action upgrade under path '/subscriptions/{subscriptionId}/resourceGroups/{resourceGroupName}/providers/Microsoft.Elastic/monitors/{monitorName}/upgrade' has no response schema. Returning 'any'.
warning | SkippedSemanticValidation | Semantic validation was skipped.
warning | PreCheck/CheckDuplicateSchemas | Checking for duplicate schemas, this could take a (long) while.  Run with --verbose for more detail.
warning | Resource action vmCollectionUpdate under path '/subscriptions/{subscriptionId}/resourceGroups/{resourceGroupName}/providers/Microsoft.Elastic/monitors/{monitorName}/vmCollectionUpdate' has no response schema. Returning 'any'.
warning | SkippedSemanticValidation | Semantic validation was skipped.
warning | PreCheck/CheckDuplicateSchemas | Checking for duplicate schemas, this could take a (long) while.  Run with --verbose for more detail.
warning | Resource action vmCollectionUpdate under path '/subscriptions/{subscriptionId}/resourceGroups/{resourceGroupName}/providers/Microsoft.Elastic/monitors/{monitorName}/vmCollectionUpdate' has no response schema. Returning 'any'.
warning | SkippedSemanticValidation | Semantic validation was skipped.
warning | PreCheck/CheckDuplicateSchemas | Checking for duplicate schemas, this could take a (long) while.  Run with --verbose for more detail.
warning | Resource action vmCollectionUpdate under path '/subscriptions/{subscriptionId}/resourceGroups/{resourceGroupName}/providers/Microsoft.Elastic/monitors/{monitorName}/vmCollectionUpdate' has no response schema. Returning 'any'.
warning | Resource action upgrade under path '/subscriptions/{subscriptionId}/resourceGroups/{resourceGroupName}/providers/Microsoft.Elastic/monitors/{monitorName}/upgrade' has no response schema. Returning 'any'.
warning | Resource action createAndAssociateIPFilter under path '/subscriptions/{subscriptionId}/resourceGroups/{resourceGroupName}/providers/Microsoft.Elastic/monitors/{monitorName}/createAndAssociateIPFilter' has no response schema. Returning 'any'.
warning | Resource action createAndAssociatePLFilter under path '/subscriptions/{subscriptionId}/resourceGroups/{resourceGroupName}/providers/Microsoft.Elastic/monitors/{monitorName}/createAndAssociatePLFilter' has no response schema. Returning 'any'.
warning | Resource action associateTrafficFilter under path '/subscriptions/{subscriptionId}/resourceGroups/{resourceGroupName}/providers/Microsoft.Elastic/monitors/{monitorName}/associateTrafficFilter' has no response schema. Returning 'any'.
warning | Resource action detachTrafficFilter under path '/subscriptions/{subscriptionId}/resourceGroups/{resourceGroupName}/providers/Microsoft.Elastic/monitors/{monitorName}/detachTrafficFilter' has no response schema. Returning 'any'.
warning | SkippedSemanticValidation | Semantic validation was skipped.
warning | PreCheck/CheckDuplicateSchemas | Checking for duplicate schemas, this could take a (long) while.  Run with --verbose for more detail.
warning | Resource action vmCollectionUpdate under path '/subscriptions/{subscriptionId}/resourceGroups/{resourceGroupName}/providers/Microsoft.Elastic/monitors/{monitorName}/vmCollectionUpdate' has no response schema. Returning 'any'.
warning | Resource action upgrade under path '/subscriptions/{subscriptionId}/resourceGroups/{resourceGroupName}/providers/Microsoft.Elastic/monitors/{monitorName}/upgrade' has no response schema. Returning 'any'.
warning | Resource action createAndAssociateIPFilter under path '/subscriptions/{subscriptionId}/resourceGroups/{resourceGroupName}/providers/Microsoft.Elastic/monitors/{monitorName}/createAndAssociateIPFilter' has no response schema. Returning 'any'.
warning | Resource action createAndAssociatePLFilter under path '/subscriptions/{subscriptionId}/resourceGroups/{resourceGroupName}/providers/Microsoft.Elastic/monitors/{monitorName}/createAndAssociatePLFilter' has no response schema. Returning 'any'.
warning | Resource action associateTrafficFilter under path '/subscriptions/{subscriptionId}/resourceGroups/{resourceGroupName}/providers/Microsoft.Elastic/monitors/{monitorName}/associateTrafficFilter' has no response schema. Returning 'any'.
warning | Resource action detachAndDeleteTrafficFilter under path '/subscriptions/{subscriptionId}/resourceGroups/{resourceGroupName}/providers/Microsoft.Elastic/monitors/{monitorName}/detachAndDeleteTrafficFilter' has no response schema. Returning 'any'.
warning | Resource action detachTrafficFilter under path '/subscriptions/{subscriptionId}/resourceGroups/{resourceGroupName}/providers/Microsoft.Elastic/monitors/{monitorName}/detachTrafficFilter' has no response schema. Returning 'any'.
warning | Resource action deleteTrafficFilter under path '/subscriptions/{subscriptionId}/resourceGroups/{resourceGroupName}/providers/Microsoft.Elastic/monitors/{monitorName}/deleteTrafficFilter' has no response schema. Returning 'any'.
warning | SkippedSemanticValidation | Semantic validation was skipped.
warning | PreCheck/CheckDuplicateSchemas | Checking for duplicate schemas, this could take a (long) while.  Run with --verbose for more detail.
warning | Resource action vmCollectionUpdate under path '/subscriptions/{subscriptionId}/resourceGroups/{resourceGroupName}/providers/Microsoft.Elastic/monitors/{monitorName}/vmCollectionUpdate' has no response schema. Returning 'any'.
warning | Resource action upgrade under path '/subscriptions/{subscriptionId}/resourceGroups/{resourceGroupName}/providers/Microsoft.Elastic/monitors/{monitorName}/upgrade' has no response schema. Returning 'any'.
warning | Resource action createAndAssociateIPFilter under path '/subscriptions/{subscriptionId}/resourceGroups/{resourceGroupName}/providers/Microsoft.Elastic/monitors/{monitorName}/createAndAssociateIPFilter' has no response schema. Returning 'any'.
warning | Resource action createAndAssociatePLFilter under path '/subscriptions/{subscriptionId}/resourceGroups/{resourceGroupName}/providers/Microsoft.Elastic/monitors/{monitorName}/createAndAssociatePLFilter' has no response schema. Returning 'any'.
warning | Resource action associateTrafficFilter under path '/subscriptions/{subscriptionId}/resourceGroups/{resourceGroupName}/providers/Microsoft.Elastic/monitors/{monitorName}/associateTrafficFilter' has no response schema. Returning 'any'.
warning | Resource action detachAndDeleteTrafficFilter under path '/subscriptions/{subscriptionId}/resourceGroups/{resourceGroupName}/providers/Microsoft.Elastic/monitors/{monitorName}/detachAndDeleteTrafficFilter' has no response schema. Returning 'any'.
warning | Resource action detachTrafficFilter under path '/subscriptions/{subscriptionId}/resourceGroups/{resourceGroupName}/providers/Microsoft.Elastic/monitors/{monitorName}/detachTrafficFilter' has no response schema. Returning 'any'.
warning | Resource action deleteTrafficFilter under path '/subscriptions/{subscriptionId}/resourceGroups/{resourceGroupName}/providers/Microsoft.Elastic/monitors/{monitorName}/deleteTrafficFilter' has no response schema. Returning 'any'.
warning | SkippedSemanticValidation | Semantic validation was skipped.
warning | PreCheck/CheckDuplicateSchemas | Checking for duplicate schemas, this could take a (long) while.  Run with --verbose for more detail.
warning | Skipping ElasticVersions_List due to required query parameter "region"
warning | Resource action vmCollectionUpdate under path '/subscriptions/{subscriptionId}/resourceGroups/{resourceGroupName}/providers/Microsoft.Elastic/monitors/{monitorName}/vmCollectionUpdate' has no response schema. Returning 'any'.
warning | Resource action upgrade under path '/subscriptions/{subscriptionId}/resourceGroups/{resourceGroupName}/providers/Microsoft.Elastic/monitors/{monitorName}/upgrade' has no response schema. Returning 'any'.
warning | Resource action createAndAssociateIPFilter under path '/subscriptions/{subscriptionId}/resourceGroups/{resourceGroupName}/providers/Microsoft.Elastic/monitors/{monitorName}/createAndAssociateIPFilter' has no response schema. Returning 'any'.
warning | Resource action createAndAssociatePLFilter under path '/subscriptions/{subscriptionId}/resourceGroups/{resourceGroupName}/providers/Microsoft.Elastic/monitors/{monitorName}/createAndAssociatePLFilter' has no response schema. Returning 'any'.
warning | Resource action associateTrafficFilter under path '/subscriptions/{subscriptionId}/resourceGroups/{resourceGroupName}/providers/Microsoft.Elastic/monitors/{monitorName}/associateTrafficFilter' has no response schema. Returning 'any'.
warning | Resource action detachAndDeleteTrafficFilter under path '/subscriptions/{subscriptionId}/resourceGroups/{resourceGroupName}/providers/Microsoft.Elastic/monitors/{monitorName}/detachAndDeleteTrafficFilter' has no response schema. Returning 'any'.
warning | Resource action detachTrafficFilter under path '/subscriptions/{subscriptionId}/resourceGroups/{resourceGroupName}/providers/Microsoft.Elastic/monitors/{monitorName}/detachTrafficFilter' has no response schema. Returning 'any'.
warning | Resource action deleteTrafficFilter under path '/subscriptions/{subscriptionId}/resourceGroups/{resourceGroupName}/providers/Microsoft.Elastic/monitors/{monitorName}/deleteTrafficFilter' has no response schema. Returning 'any'.
warning | SkippedSemanticValidation | Semantic validation was skipped.
warning | PreCheck/CheckDuplicateSchemas | Checking for duplicate schemas, this could take a (long) while.  Run with --verbose for more detail.
warning | Skipping ElasticVersions_List due to required query parameter "region"
warning | Resource action vmCollectionUpdate under path '/subscriptions/{subscriptionId}/resourceGroups/{resourceGroupName}/providers/Microsoft.Elastic/monitors/{monitorName}/vmCollectionUpdate' has no response schema. Returning 'any'.
warning | Resource action upgrade under path '/subscriptions/{subscriptionId}/resourceGroups/{resourceGroupName}/providers/Microsoft.Elastic/monitors/{monitorName}/upgrade' has no response schema. Returning 'any'.
warning | Resource action createAndAssociateIPFilter under path '/subscriptions/{subscriptionId}/resourceGroups/{resourceGroupName}/providers/Microsoft.Elastic/monitors/{monitorName}/createAndAssociateIPFilter' has no response schema. Returning 'any'.
warning | Resource action createAndAssociatePLFilter under path '/subscriptions/{subscriptionId}/resourceGroups/{resourceGroupName}/providers/Microsoft.Elastic/monitors/{monitorName}/createAndAssociatePLFilter' has no response schema. Returning 'any'.
warning | Resource action associateTrafficFilter under path '/subscriptions/{subscriptionId}/resourceGroups/{resourceGroupName}/providers/Microsoft.Elastic/monitors/{monitorName}/associateTrafficFilter' has no response schema. Returning 'any'.
warning | Resource action detachAndDeleteTrafficFilter under path '/subscriptions/{subscriptionId}/resourceGroups/{resourceGroupName}/providers/Microsoft.Elastic/monitors/{monitorName}/detachAndDeleteTrafficFilter' has no response schema. Returning 'any'.
warning | Resource action detachTrafficFilter under path '/subscriptions/{subscriptionId}/resourceGroups/{resourceGroupName}/providers/Microsoft.Elastic/monitors/{monitorName}/detachTrafficFilter' has no response schema. Returning 'any'.
warning | Resource action deleteTrafficFilter under path '/subscriptions/{subscriptionId}/resourceGroups/{resourceGroupName}/providers/Microsoft.Elastic/monitors/{monitorName}/deleteTrafficFilter' has no response schema. Returning 'any'.
warning | SkippedSemanticValidation | Semantic validation was skipped.
warning | PreCheck/CheckDuplicateSchemas | Checking for duplicate schemas, this could take a (long) while.  Run with --verbose for more detail.
warning | Skipping ElasticVersions_List due to required query parameter "region"
warning | Resource action vmCollectionUpdate under path '/subscriptions/{subscriptionId}/resourceGroups/{resourceGroupName}/providers/Microsoft.Elastic/monitors/{monitorName}/vmCollectionUpdate' has no response schema. Returning 'any'.
warning | Resource action upgrade under path '/subscriptions/{subscriptionId}/resourceGroups/{resourceGroupName}/providers/Microsoft.Elastic/monitors/{monitorName}/upgrade' has no response schema. Returning 'any'.
warning | Resource action createAndAssociateIPFilter under path '/subscriptions/{subscriptionId}/resourceGroups/{resourceGroupName}/providers/Microsoft.Elastic/monitors/{monitorName}/createAndAssociateIPFilter' has no response schema. Returning 'any'.
warning | Resource action createAndAssociatePLFilter under path '/subscriptions/{subscriptionId}/resourceGroups/{resourceGroupName}/providers/Microsoft.Elastic/monitors/{monitorName}/createAndAssociatePLFilter' has no response schema. Returning 'any'.
warning | Resource action associateTrafficFilter under path '/subscriptions/{subscriptionId}/resourceGroups/{resourceGroupName}/providers/Microsoft.Elastic/monitors/{monitorName}/associateTrafficFilter' has no response schema. Returning 'any'.
warning | Resource action detachAndDeleteTrafficFilter under path '/subscriptions/{subscriptionId}/resourceGroups/{resourceGroupName}/providers/Microsoft.Elastic/monitors/{monitorName}/detachAndDeleteTrafficFilter' has no response schema. Returning 'any'.
warning | Resource action detachTrafficFilter under path '/subscriptions/{subscriptionId}/resourceGroups/{resourceGroupName}/providers/Microsoft.Elastic/monitors/{monitorName}/detachTrafficFilter' has no response schema. Returning 'any'.
warning | Resource action deleteTrafficFilter under path '/subscriptions/{subscriptionId}/resourceGroups/{resourceGroupName}/providers/Microsoft.Elastic/monitors/{monitorName}/deleteTrafficFilter' has no response schema. Returning 'any'.
warning | SkippedSemanticValidation | Semantic validation was skipped.
warning | PreCheck/CheckDuplicateSchemas | Checking for duplicate schemas, this could take a (long) while.  Run with --verbose for more detail.
warning | Skipping ElasticVersions_List due to required query parameter "region"
warning | Resource action vmCollectionUpdate under path '/subscriptions/{subscriptionId}/resourceGroups/{resourceGroupName}/providers/Microsoft.Elastic/monitors/{monitorName}/vmCollectionUpdate' has no response schema. Returning 'any'.
warning | Resource action upgrade under path '/subscriptions/{subscriptionId}/resourceGroups/{resourceGroupName}/providers/Microsoft.Elastic/monitors/{monitorName}/upgrade' has no response schema. Returning 'any'.
warning | Resource action createAndAssociateIPFilter under path '/subscriptions/{subscriptionId}/resourceGroups/{resourceGroupName}/providers/Microsoft.Elastic/monitors/{monitorName}/createAndAssociateIPFilter' has no response schema. Returning 'any'.
warning | Resource action createAndAssociatePLFilter under path '/subscriptions/{subscriptionId}/resourceGroups/{resourceGroupName}/providers/Microsoft.Elastic/monitors/{monitorName}/createAndAssociatePLFilter' has no response schema. Returning 'any'.
warning | Resource action associateTrafficFilter under path '/subscriptions/{subscriptionId}/resourceGroups/{resourceGroupName}/providers/Microsoft.Elastic/monitors/{monitorName}/associateTrafficFilter' has no response schema. Returning 'any'.
warning | Resource action detachAndDeleteTrafficFilter under path '/subscriptions/{subscriptionId}/resourceGroups/{resourceGroupName}/providers/Microsoft.Elastic/monitors/{monitorName}/detachAndDeleteTrafficFilter' has no response schema. Returning 'any'.
warning | Resource action detachTrafficFilter under path '/subscriptions/{subscriptionId}/resourceGroups/{resourceGroupName}/providers/Microsoft.Elastic/monitors/{monitorName}/detachTrafficFilter' has no response schema. Returning 'any'.
warning | Resource action deleteTrafficFilter under path '/subscriptions/{subscriptionId}/resourceGroups/{resourceGroupName}/providers/Microsoft.Elastic/monitors/{monitorName}/deleteTrafficFilter' has no response schema. Returning 'any'.
warning | SkippedSemanticValidation | Semantic validation was skipped.
warning | PreCheck/CheckDuplicateSchemas | Checking for duplicate schemas, this could take a (long) while.  Run with --verbose for more detail.
warning | Skipping ElasticVersions_List due to required query parameter "region"
warning | Resource action vmCollectionUpdate under path '/subscriptions/{subscriptionId}/resourceGroups/{resourceGroupName}/providers/Microsoft.Elastic/monitors/{monitorName}/vmCollectionUpdate' has no response schema. Returning 'any'.
warning | Resource action upgrade under path '/subscriptions/{subscriptionId}/resourceGroups/{resourceGroupName}/providers/Microsoft.Elastic/monitors/{monitorName}/upgrade' has no response schema. Returning 'any'.
warning | Resource action createAndAssociateIPFilter under path '/subscriptions/{subscriptionId}/resourceGroups/{resourceGroupName}/providers/Microsoft.Elastic/monitors/{monitorName}/createAndAssociateIPFilter' has no response schema. Returning 'any'.
warning | Resource action createAndAssociatePLFilter under path '/subscriptions/{subscriptionId}/resourceGroups/{resourceGroupName}/providers/Microsoft.Elastic/monitors/{monitorName}/createAndAssociatePLFilter' has no response schema. Returning 'any'.
warning | Resource action associateTrafficFilter under path '/subscriptions/{subscriptionId}/resourceGroups/{resourceGroupName}/providers/Microsoft.Elastic/monitors/{monitorName}/associateTrafficFilter' has no response schema. Returning 'any'.
warning | Resource action detachAndDeleteTrafficFilter under path '/subscriptions/{subscriptionId}/resourceGroups/{resourceGroupName}/providers/Microsoft.Elastic/monitors/{monitorName}/detachAndDeleteTrafficFilter' has no response schema. Returning 'any'.
warning | Resource action detachTrafficFilter under path '/subscriptions/{subscriptionId}/resourceGroups/{resourceGroupName}/providers/Microsoft.Elastic/monitors/{monitorName}/detachTrafficFilter' has no response schema. Returning 'any'.
warning | Resource action deleteTrafficFilter under path '/subscriptions/{subscriptionId}/resourceGroups/{resourceGroupName}/providers/Microsoft.Elastic/monitors/{monitorName}/deleteTrafficFilter' has no response schema. Returning 'any'.
warning | SkippedSemanticValidation | Semantic validation was skipped.
warning | PreCheck/CheckDuplicateSchemas | Checking for duplicate schemas, this could take a (long) while.  Run with --verbose for more detail.
warning | Skipping ElasticVersions_List due to required query parameter "region"
warning | Resource action vmCollectionUpdate under path '/subscriptions/{subscriptionId}/resourceGroups/{resourceGroupName}/providers/Microsoft.Elastic/monitors/{monitorName}/vmCollectionUpdate' has no response schema. Returning 'any'.
warning | Resource action upgrade under path '/subscriptions/{subscriptionId}/resourceGroups/{resourceGroupName}/providers/Microsoft.Elastic/monitors/{monitorName}/upgrade' has no response schema. Returning 'any'.
warning | Resource action createAndAssociateIPFilter under path '/subscriptions/{subscriptionId}/resourceGroups/{resourceGroupName}/providers/Microsoft.Elastic/monitors/{monitorName}/createAndAssociateIPFilter' has no response schema. Returning 'any'.
warning | Resource action createAndAssociatePLFilter under path '/subscriptions/{subscriptionId}/resourceGroups/{resourceGroupName}/providers/Microsoft.Elastic/monitors/{monitorName}/createAndAssociatePLFilter' has no response schema. Returning 'any'.
warning | Resource action associateTrafficFilter under path '/subscriptions/{subscriptionId}/resourceGroups/{resourceGroupName}/providers/Microsoft.Elastic/monitors/{monitorName}/associateTrafficFilter' has no response schema. Returning 'any'.
warning | Resource action detachAndDeleteTrafficFilter under path '/subscriptions/{subscriptionId}/resourceGroups/{resourceGroupName}/providers/Microsoft.Elastic/monitors/{monitorName}/detachAndDeleteTrafficFilter' has no response schema. Returning 'any'.
warning | Resource action detachTrafficFilter under path '/subscriptions/{subscriptionId}/resourceGroups/{resourceGroupName}/providers/Microsoft.Elastic/monitors/{monitorName}/detachTrafficFilter' has no response schema. Returning 'any'.
warning | Resource action deleteTrafficFilter under path '/subscriptions/{subscriptionId}/resourceGroups/{resourceGroupName}/providers/Microsoft.Elastic/monitors/{monitorName}/deleteTrafficFilter' has no response schema. Returning 'any'.
warning | SkippedSemanticValidation | Semantic validation was skipped.
warning | PreCheck/CheckDuplicateSchemas | Checking for duplicate schemas, this could take a (long) while.  Run with --verbose for more detail.
warning | Skipping ElasticVersions_List due to required query parameter "region"
warning | Resource action vmCollectionUpdate under path '/subscriptions/{subscriptionId}/resourceGroups/{resourceGroupName}/providers/Microsoft.Elastic/monitors/{monitorName}/vmCollectionUpdate' has no response schema. Returning 'any'.
warning | Resource action upgrade under path '/subscriptions/{subscriptionId}/resourceGroups/{resourceGroupName}/providers/Microsoft.Elastic/monitors/{monitorName}/upgrade' has no response schema. Returning 'any'.
warning | Resource action createAndAssociateIPFilter under path '/subscriptions/{subscriptionId}/resourceGroups/{resourceGroupName}/providers/Microsoft.Elastic/monitors/{monitorName}/createAndAssociateIPFilter' has no response schema. Returning 'any'.
warning | Resource action createAndAssociatePLFilter under path '/subscriptions/{subscriptionId}/resourceGroups/{resourceGroupName}/providers/Microsoft.Elastic/monitors/{monitorName}/createAndAssociatePLFilter' has no response schema. Returning 'any'.
warning | Resource action associateTrafficFilter under path '/subscriptions/{subscriptionId}/resourceGroups/{resourceGroupName}/providers/Microsoft.Elastic/monitors/{monitorName}/associateTrafficFilter' has no response schema. Returning 'any'.
warning | Resource action detachAndDeleteTrafficFilter under path '/subscriptions/{subscriptionId}/resourceGroups/{resourceGroupName}/providers/Microsoft.Elastic/monitors/{monitorName}/detachAndDeleteTrafficFilter' has no response schema. Returning 'any'.
warning | Resource action detachTrafficFilter under path '/subscriptions/{subscriptionId}/resourceGroups/{resourceGroupName}/providers/Microsoft.Elastic/monitors/{monitorName}/detachTrafficFilter' has no response schema. Returning 'any'.
warning | Resource action deleteTrafficFilter under path '/subscriptions/{subscriptionId}/resourceGroups/{resourceGroupName}/providers/Microsoft.Elastic/monitors/{monitorName}/deleteTrafficFilter' has no response schema. Returning 'any'.
warning | SkippedSemanticValidation | Semantic validation was skipped.
warning | PreCheck/CheckDuplicateSchemas | Checking for duplicate schemas, this could take a (long) while.  Run with --verbose for more detail.
warning | Skipping ElasticVersions_List due to required query parameter "region"
warning | Resource action vmCollectionUpdate under path '/subscriptions/{subscriptionId}/resourceGroups/{resourceGroupName}/providers/Microsoft.Elastic/monitors/{monitorName}/vmCollectionUpdate' has no response schema. Returning 'any'.
warning | Resource action upgrade under path '/subscriptions/{subscriptionId}/resourceGroups/{resourceGroupName}/providers/Microsoft.Elastic/monitors/{monitorName}/upgrade' has no response schema. Returning 'any'.
warning | Resource action createAndAssociateIPFilter under path '/subscriptions/{subscriptionId}/resourceGroups/{resourceGroupName}/providers/Microsoft.Elastic/monitors/{monitorName}/createAndAssociateIPFilter' has no response schema. Returning 'any'.
warning | Resource action createAndAssociatePLFilter under path '/subscriptions/{subscriptionId}/resourceGroups/{resourceGroupName}/providers/Microsoft.Elastic/monitors/{monitorName}/createAndAssociatePLFilter' has no response schema. Returning 'any'.
warning | Resource action associateTrafficFilter under path '/subscriptions/{subscriptionId}/resourceGroups/{resourceGroupName}/providers/Microsoft.Elastic/monitors/{monitorName}/associateTrafficFilter' has no response schema. Returning 'any'.
warning | Resource action detachAndDeleteTrafficFilter under path '/subscriptions/{subscriptionId}/resourceGroups/{resourceGroupName}/providers/Microsoft.Elastic/monitors/{monitorName}/detachAndDeleteTrafficFilter' has no response schema. Returning 'any'.
warning | Resource action detachTrafficFilter under path '/subscriptions/{subscriptionId}/resourceGroups/{resourceGroupName}/providers/Microsoft.Elastic/monitors/{monitorName}/detachTrafficFilter' has no response schema. Returning 'any'.
warning | Resource action deleteTrafficFilter under path '/subscriptions/{subscriptionId}/resourceGroups/{resourceGroupName}/providers/Microsoft.Elastic/monitors/{monitorName}/deleteTrafficFilter' has no response schema. Returning 'any'.
warning | SkippedSemanticValidation | Semantic validation was skipped.
warning | PreCheck/CheckDuplicateSchemas | Checking for duplicate schemas, this could take a (long) while.  Run with --verbose for more detail.
warning | Skipping ElasticVersions_List due to required query parameter "region"
warning | Resource action vmCollectionUpdate under path '/subscriptions/{subscriptionId}/resourceGroups/{resourceGroupName}/providers/Microsoft.Elastic/monitors/{monitorName}/vmCollectionUpdate' has no response schema. Returning 'any'.
warning | Resource action upgrade under path '/subscriptions/{subscriptionId}/resourceGroups/{resourceGroupName}/providers/Microsoft.Elastic/monitors/{monitorName}/upgrade' has no response schema. Returning 'any'.
warning | Resource action createAndAssociateIPFilter under path '/subscriptions/{subscriptionId}/resourceGroups/{resourceGroupName}/providers/Microsoft.Elastic/monitors/{monitorName}/createAndAssociateIPFilter' has no response schema. Returning 'any'.
warning | Resource action createAndAssociatePLFilter under path '/subscriptions/{subscriptionId}/resourceGroups/{resourceGroupName}/providers/Microsoft.Elastic/monitors/{monitorName}/createAndAssociatePLFilter' has no response schema. Returning 'any'.
warning | Resource action associateTrafficFilter under path '/subscriptions/{subscriptionId}/resourceGroups/{resourceGroupName}/providers/Microsoft.Elastic/monitors/{monitorName}/associateTrafficFilter' has no response schema. Returning 'any'.
warning | Resource action detachAndDeleteTrafficFilter under path '/subscriptions/{subscriptionId}/resourceGroups/{resourceGroupName}/providers/Microsoft.Elastic/monitors/{monitorName}/detachAndDeleteTrafficFilter' has no response schema. Returning 'any'.
warning | Resource action detachTrafficFilter under path '/subscriptions/{subscriptionId}/resourceGroups/{resourceGroupName}/providers/Microsoft.Elastic/monitors/{monitorName}/detachTrafficFilter' has no response schema. Returning 'any'.
warning | Resource action deleteTrafficFilter under path '/subscriptions/{subscriptionId}/resourceGroups/{resourceGroupName}/providers/Microsoft.Elastic/monitors/{monitorName}/deleteTrafficFilter' has no response schema. Returning 'any'.
warning | SkippedSemanticValidation | Semantic validation was skipped.
warning | PreCheck/CheckDuplicateSchemas | Checking for duplicate schemas, this could take a (long) while.  Run with --verbose for more detail.
warning | Skipping ElasticVersions_List due to required query parameter "region"
warning | Resource action vmCollectionUpdate under path '/subscriptions/{subscriptionId}/resourceGroups/{resourceGroupName}/providers/Microsoft.Elastic/monitors/{monitorName}/vmCollectionUpdate' has no response schema. Returning 'any'.
warning | Resource action upgrade under path '/subscriptions/{subscriptionId}/resourceGroups/{resourceGroupName}/providers/Microsoft.Elastic/monitors/{monitorName}/upgrade' has no response schema. Returning 'any'.
warning | Resource action createAndAssociateIPFilter under path '/subscriptions/{subscriptionId}/resourceGroups/{resourceGroupName}/providers/Microsoft.Elastic/monitors/{monitorName}/createAndAssociateIPFilter' has no response schema. Returning 'any'.
warning | Resource action createAndAssociatePLFilter under path '/subscriptions/{subscriptionId}/resourceGroups/{resourceGroupName}/providers/Microsoft.Elastic/monitors/{monitorName}/createAndAssociatePLFilter' has no response schema. Returning 'any'.
warning | Resource action associateTrafficFilter under path '/subscriptions/{subscriptionId}/resourceGroups/{resourceGroupName}/providers/Microsoft.Elastic/monitors/{monitorName}/associateTrafficFilter' has no response schema. Returning 'any'.
warning | Resource action detachAndDeleteTrafficFilter under path '/subscriptions/{subscriptionId}/resourceGroups/{resourceGroupName}/providers/Microsoft.Elastic/monitors/{monitorName}/detachAndDeleteTrafficFilter' has no response schema. Returning 'any'.
warning | Resource action detachTrafficFilter under path '/subscriptions/{subscriptionId}/resourceGroups/{resourceGroupName}/providers/Microsoft.Elastic/monitors/{monitorName}/detachTrafficFilter' has no response schema. Returning 'any'.
warning | Resource action deleteTrafficFilter under path '/subscriptions/{subscriptionId}/resourceGroups/{resourceGroupName}/providers/Microsoft.Elastic/monitors/{monitorName}/deleteTrafficFilter' has no response schema. Returning 'any'.
warning | SkippedSemanticValidation | Semantic validation was skipped.
warning | PreCheck/CheckDuplicateSchemas | Checking for duplicate schemas, this could take a (long) while.  Run with --verbose for more detail.
warning | Skipping ElasticVersions_List due to required query parameter "region"
warning | Resource action vmCollectionUpdate under path '/subscriptions/{subscriptionId}/resourceGroups/{resourceGroupName}/providers/Microsoft.Elastic/monitors/{monitorName}/vmCollectionUpdate' has no response schema. Returning 'any'.
warning | Resource action upgrade under path '/subscriptions/{subscriptionId}/resourceGroups/{resourceGroupName}/providers/Microsoft.Elastic/monitors/{monitorName}/upgrade' has no response schema. Returning 'any'.
warning | Resource action createAndAssociateIPFilter under path '/subscriptions/{subscriptionId}/resourceGroups/{resourceGroupName}/providers/Microsoft.Elastic/monitors/{monitorName}/createAndAssociateIPFilter' has no response schema. Returning 'any'.
warning | Resource action createAndAssociatePLFilter under path '/subscriptions/{subscriptionId}/resourceGroups/{resourceGroupName}/providers/Microsoft.Elastic/monitors/{monitorName}/createAndAssociatePLFilter' has no response schema. Returning 'any'.
warning | Resource action associateTrafficFilter under path '/subscriptions/{subscriptionId}/resourceGroups/{resourceGroupName}/providers/Microsoft.Elastic/monitors/{monitorName}/associateTrafficFilter' has no response schema. Returning 'any'.
warning | Resource action detachAndDeleteTrafficFilter under path '/subscriptions/{subscriptionId}/resourceGroups/{resourceGroupName}/providers/Microsoft.Elastic/monitors/{monitorName}/detachAndDeleteTrafficFilter' has no response schema. Returning 'any'.
warning | Resource action detachTrafficFilter under path '/subscriptions/{subscriptionId}/resourceGroups/{resourceGroupName}/providers/Microsoft.Elastic/monitors/{monitorName}/detachTrafficFilter' has no response schema. Returning 'any'.
warning | Resource action deleteTrafficFilter under path '/subscriptions/{subscriptionId}/resourceGroups/{resourceGroupName}/providers/Microsoft.Elastic/monitors/{monitorName}/deleteTrafficFilter' has no response schema. Returning 'any'.
warning | SkippedSemanticValidation | Semantic validation was skipped.
warning | PreCheck/CheckDuplicateSchemas | Checking for duplicate schemas, this could take a (long) while.  Run with --verbose for more detail.
warning | Skipping ElasticVersions_List due to required query parameter "region"
warning | Resource action vmCollectionUpdate under path '/subscriptions/{subscriptionId}/resourceGroups/{resourceGroupName}/providers/Microsoft.Elastic/monitors/{monitorName}/vmCollectionUpdate' has no response schema. Returning 'any'.
warning | Resource action upgrade under path '/subscriptions/{subscriptionId}/resourceGroups/{resourceGroupName}/providers/Microsoft.Elastic/monitors/{monitorName}/upgrade' has no response schema. Returning 'any'.
warning | Resource action createAndAssociateIPFilter under path '/subscriptions/{subscriptionId}/resourceGroups/{resourceGroupName}/providers/Microsoft.Elastic/monitors/{monitorName}/createAndAssociateIPFilter' has no response schema. Returning 'any'.
warning | Resource action createAndAssociatePLFilter under path '/subscriptions/{subscriptionId}/resourceGroups/{resourceGroupName}/providers/Microsoft.Elastic/monitors/{monitorName}/createAndAssociatePLFilter' has no response schema. Returning 'any'.
warning | Resource action associateTrafficFilter under path '/subscriptions/{subscriptionId}/resourceGroups/{resourceGroupName}/providers/Microsoft.Elastic/monitors/{monitorName}/associateTrafficFilter' has no response schema. Returning 'any'.
warning | Resource action detachAndDeleteTrafficFilter under path '/subscriptions/{subscriptionId}/resourceGroups/{resourceGroupName}/providers/Microsoft.Elastic/monitors/{monitorName}/detachAndDeleteTrafficFilter' has no response schema. Returning 'any'.
warning | Resource action detachTrafficFilter under path '/subscriptions/{subscriptionId}/resourceGroups/{resourceGroupName}/providers/Microsoft.Elastic/monitors/{monitorName}/detachTrafficFilter' has no response schema. Returning 'any'.
warning | Resource action deleteTrafficFilter under path '/subscriptions/{subscriptionId}/resourceGroups/{resourceGroupName}/providers/Microsoft.Elastic/monitors/{monitorName}/deleteTrafficFilter' has no response schema. Returning 'any'.
warning | SkippedSemanticValidation | Semantic validation was skipped.
warning | PreCheck/CheckDuplicateSchemas | Checking for duplicate schemas, this could take a (long) while.  Run with --verbose for more detail.
warning | Skipping ElasticVersions_List due to required query parameter "region"
warning | Resource action vmCollectionUpdate under path '/subscriptions/{subscriptionId}/resourceGroups/{resourceGroupName}/providers/Microsoft.Elastic/monitors/{monitorName}/vmCollectionUpdate' has no response schema. Returning 'any'.
warning | Resource action upgrade under path '/subscriptions/{subscriptionId}/resourceGroups/{resourceGroupName}/providers/Microsoft.Elastic/monitors/{monitorName}/upgrade' has no response schema. Returning 'any'.
warning | Resource action createAndAssociateIPFilter under path '/subscriptions/{subscriptionId}/resourceGroups/{resourceGroupName}/providers/Microsoft.Elastic/monitors/{monitorName}/createAndAssociateIPFilter' has no response schema. Returning 'any'.
warning | Resource action createAndAssociatePLFilter under path '/subscriptions/{subscriptionId}/resourceGroups/{resourceGroupName}/providers/Microsoft.Elastic/monitors/{monitorName}/createAndAssociatePLFilter' has no response schema. Returning 'any'.
warning | Resource action associateTrafficFilter under path '/subscriptions/{subscriptionId}/resourceGroups/{resourceGroupName}/providers/Microsoft.Elastic/monitors/{monitorName}/associateTrafficFilter' has no response schema. Returning 'any'.
warning | Resource action detachAndDeleteTrafficFilter under path '/subscriptions/{subscriptionId}/resourceGroups/{resourceGroupName}/providers/Microsoft.Elastic/monitors/{monitorName}/detachAndDeleteTrafficFilter' has no response schema. Returning 'any'.
warning | Resource action detachTrafficFilter under path '/subscriptions/{subscriptionId}/resourceGroups/{resourceGroupName}/providers/Microsoft.Elastic/monitors/{monitorName}/detachTrafficFilter' has no response schema. Returning 'any'.
warning | Resource action deleteTrafficFilter under path '/subscriptions/{subscriptionId}/resourceGroups/{resourceGroupName}/providers/Microsoft.Elastic/monitors/{monitorName}/deleteTrafficFilter' has no response schema. Returning 'any'.
warning | SkippedSemanticValidation | Semantic validation was skipped.
warning | PreCheck/CheckDuplicateSchemas | Checking for duplicate schemas, this could take a (long) while.  Run with --verbose for more detail.
warning | Skipping ElasticVersions_List due to required query parameter "region"
warning | Resource action associateTrafficFilter under path '/subscriptions/{subscriptionId}/resourceGroups/{resourceGroupName}/providers/Microsoft.Elastic/monitors/{monitorName}/associateTrafficFilter' has no response schema. Returning 'any'.
warning | Resource action createAndAssociateIPFilter under path '/subscriptions/{subscriptionId}/resourceGroups/{resourceGroupName}/providers/Microsoft.Elastic/monitors/{monitorName}/createAndAssociateIPFilter' has no response schema. Returning 'any'.
warning | Resource action createAndAssociatePLFilter under path '/subscriptions/{subscriptionId}/resourceGroups/{resourceGroupName}/providers/Microsoft.Elastic/monitors/{monitorName}/createAndAssociatePLFilter' has no response schema. Returning 'any'.
warning | Resource action deleteTrafficFilter under path '/subscriptions/{subscriptionId}/resourceGroups/{resourceGroupName}/providers/Microsoft.Elastic/monitors/{monitorName}/deleteTrafficFilter' has no response schema. Returning 'any'.
warning | Resource action detachAndDeleteTrafficFilter under path '/subscriptions/{subscriptionId}/resourceGroups/{resourceGroupName}/providers/Microsoft.Elastic/monitors/{monitorName}/detachAndDeleteTrafficFilter' has no response schema. Returning 'any'.
warning | Resource action detachTrafficFilter under path '/subscriptions/{subscriptionId}/resourceGroups/{resourceGroupName}/providers/Microsoft.Elastic/monitors/{monitorName}/detachTrafficFilter' has no response schema. Returning 'any'.
warning | Resource action upgrade under path '/subscriptions/{subscriptionId}/resourceGroups/{resourceGroupName}/providers/Microsoft.Elastic/monitors/{monitorName}/upgrade' has no response schema. Returning 'any'.
warning | Resource action vmCollectionUpdate under path '/subscriptions/{subscriptionId}/resourceGroups/{resourceGroupName}/providers/Microsoft.Elastic/monitors/{monitorName}/vmCollectionUpdate' has no response schema. Returning 'any'.
warning | SkippedSemanticValidation | Semantic validation was skipped.
warning | PreCheck/CheckDuplicateSchemas | Checking for duplicate schemas, this could take a (long) while.  Run with --verbose for more detail.
warning | Skipping ElasticVersions_List due to required query parameter "region"
warning | Resource action associateTrafficFilter under path '/subscriptions/{subscriptionId}/resourceGroups/{resourceGroupName}/providers/Microsoft.Elastic/monitors/{monitorName}/associateTrafficFilter' has no response schema. Returning 'any'.
warning | Resource action createAndAssociateIPFilter under path '/subscriptions/{subscriptionId}/resourceGroups/{resourceGroupName}/providers/Microsoft.Elastic/monitors/{monitorName}/createAndAssociateIPFilter' has no response schema. Returning 'any'.
warning | Resource action createAndAssociatePLFilter under path '/subscriptions/{subscriptionId}/resourceGroups/{resourceGroupName}/providers/Microsoft.Elastic/monitors/{monitorName}/createAndAssociatePLFilter' has no response schema. Returning 'any'.
warning | Resource action deleteTrafficFilter under path '/subscriptions/{subscriptionId}/resourceGroups/{resourceGroupName}/providers/Microsoft.Elastic/monitors/{monitorName}/deleteTrafficFilter' has no response schema. Returning 'any'.
warning | Resource action detachAndDeleteTrafficFilter under path '/subscriptions/{subscriptionId}/resourceGroups/{resourceGroupName}/providers/Microsoft.Elastic/monitors/{monitorName}/detachAndDeleteTrafficFilter' has no response schema. Returning 'any'.
warning | Resource action detachTrafficFilter under path '/subscriptions/{subscriptionId}/resourceGroups/{resourceGroupName}/providers/Microsoft.Elastic/monitors/{monitorName}/detachTrafficFilter' has no response schema. Returning 'any'.
warning | Resource action upgrade under path '/subscriptions/{subscriptionId}/resourceGroups/{resourceGroupName}/providers/Microsoft.Elastic/monitors/{monitorName}/upgrade' has no response schema. Returning 'any'.
warning | Resource action vmCollectionUpdate under path '/subscriptions/{subscriptionId}/resourceGroups/{resourceGroupName}/providers/Microsoft.Elastic/monitors/{monitorName}/vmCollectionUpdate' has no response schema. Returning 'any'.
