Generating types for 'specification/sqlvirtualmachine/resource-manager/Microsoft.SqlVirtualMachine/SqlVirtualMachine/readme.md'
AutoRest code generation utility [cli version: 3.8.0; node: v22.23.2]
(C) 2018 Microsoft Corporation.
https://aka.ms/autorest
⚠️ AutoRest is deprecated and will be retired on July 1, 2026. Please migrate to TypeSpec: https://typespec.io — details: https://github.com/Azure/autorest/issues/5175
warning | SkippedSemanticValidation | Semantic validation was skipped.
warning | PreCheck/CheckDuplicateSchemas | Checking for duplicate schemas, this could take a (long) while.  Run with --verbose for more detail.
warning | Resource action fetchDCAssessment under path '/subscriptions/{subscriptionId}/resourceGroups/{resourceGroupName}/providers/Microsoft.SqlVirtualMachine/sqlVirtualMachines/{sqlVirtualMachineName}/fetchDCAssessment' has no response schema. Returning 'any'.
warning | Resource action redeploy under path '/subscriptions/{subscriptionId}/resourceGroups/{resourceGroupName}/providers/Microsoft.SqlVirtualMachine/sqlVirtualMachines/{sqlVirtualMachineName}/redeploy' has no response schema. Returning 'any'.
warning | Resource action startAssessment under path '/subscriptions/{subscriptionId}/resourceGroups/{resourceGroupName}/providers/Microsoft.SqlVirtualMachine/sqlVirtualMachines/{sqlVirtualMachineName}/startAssessment' has no response schema. Returning 'any'.
warning | SkippedSemanticValidation | Semantic validation was skipped.
warning | PreCheck/CheckDuplicateSchemas | Checking for duplicate schemas, this could take a (long) while.  Run with --verbose for more detail.
warning | Resource action startAssessment under path '/subscriptions/{subscriptionId}/resourceGroups/{resourceGroupName}/providers/Microsoft.SqlVirtualMachine/sqlVirtualMachines/{sqlVirtualMachineName}/startAssessment' has no response schema. Returning 'any'.
warning | Resource action redeploy under path '/subscriptions/{subscriptionId}/resourceGroups/{resourceGroupName}/providers/Microsoft.SqlVirtualMachine/sqlVirtualMachines/{sqlVirtualMachineName}/redeploy' has no response schema. Returning 'any'.
warning | SkippedSemanticValidation | Semantic validation was skipped.
warning | PreCheck/CheckDuplicateSchemas | Checking for duplicate schemas, this could take a (long) while.  Run with --verbose for more detail.
warning | Resource action startAssessment under path '/subscriptions/{subscriptionId}/resourceGroups/{resourceGroupName}/providers/Microsoft.SqlVirtualMachine/sqlVirtualMachines/{sqlVirtualMachineName}/startAssessment' has no response schema. Returning 'any'.
warning | Resource action redeploy under path '/subscriptions/{subscriptionId}/resourceGroups/{resourceGroupName}/providers/Microsoft.SqlVirtualMachine/sqlVirtualMachines/{sqlVirtualMachineName}/redeploy' has no response schema. Returning 'any'.
warning | SkippedSemanticValidation | Semantic validation was skipped.
warning | PreCheck/CheckDuplicateSchemas | Checking for duplicate schemas, this could take a (long) while.  Run with --verbose for more detail.
warning | Resource action startAssessment under path '/subscriptions/{subscriptionId}/resourceGroups/{resourceGroupName}/providers/Microsoft.SqlVirtualMachine/sqlVirtualMachines/{sqlVirtualMachineName}/startAssessment' has no response schema. Returning 'any'.
warning | Resource action redeploy under path '/subscriptions/{subscriptionId}/resourceGroups/{resourceGroupName}/providers/Microsoft.SqlVirtualMachine/sqlVirtualMachines/{sqlVirtualMachineName}/redeploy' has no response schema. Returning 'any'.
warning | SkippedSemanticValidation | Semantic validation was skipped.
warning | PreCheck/CheckDuplicateSchemas | Checking for duplicate schemas, this could take a (long) while.  Run with --verbose for more detail.
warning | Resource action redeploy under path '/subscriptions/{subscriptionId}/resourceGroups/{resourceGroupName}/providers/Microsoft.SqlVirtualMachine/sqlVirtualMachines/{sqlVirtualMachineName}/redeploy' has no response schema. Returning 'any'.
warning | Resource action startAssessment under path '/subscriptions/{subscriptionId}/resourceGroups/{resourceGroupName}/providers/Microsoft.SqlVirtualMachine/sqlVirtualMachines/{sqlVirtualMachineName}/startAssessment' has no response schema. Returning 'any'.
warning | SkippedSemanticValidation | Semantic validation was skipped.
warning | PreCheck/CheckDuplicateSchemas | Checking for duplicate schemas, this could take a (long) while.  Run with --verbose for more detail.
warning | Resource action redeploy under path '/subscriptions/{subscriptionId}/resourceGroups/{resourceGroupName}/providers/Microsoft.SqlVirtualMachine/sqlVirtualMachines/{sqlVirtualMachineName}/redeploy' has no response schema. Returning 'any'.
warning | Resource action startAssessment under path '/subscriptions/{subscriptionId}/resourceGroups/{resourceGroupName}/providers/Microsoft.SqlVirtualMachine/sqlVirtualMachines/{sqlVirtualMachineName}/startAssessment' has no response schema. Returning 'any'.
warning | SkippedSemanticValidation | Semantic validation was skipped.
warning | PreCheck/CheckDuplicateSchemas | Checking for duplicate schemas, this could take a (long) while.  Run with --verbose for more detail.
warning | Resource action redeploy under path '/subscriptions/{subscriptionId}/resourceGroups/{resourceGroupName}/providers/Microsoft.SqlVirtualMachine/sqlVirtualMachines/{sqlVirtualMachineName}/redeploy' has no response schema. Returning 'any'.
warning | Resource action startAssessment under path '/subscriptions/{subscriptionId}/resourceGroups/{resourceGroupName}/providers/Microsoft.SqlVirtualMachine/sqlVirtualMachines/{sqlVirtualMachineName}/startAssessment' has no response schema. Returning 'any'.
warning | SkippedSemanticValidation | Semantic validation was skipped.
warning | PreCheck/CheckDuplicateSchemas | Checking for duplicate schemas, this could take a (long) while.  Run with --verbose for more detail.
