Generating types for 'specification/appplatform/resource-manager/readme.md'
AutoRest code generation utility [cli version: 3.8.0; node: v22.23.2]
(C) 2018 Microsoft Corporation.
https://aka.ms/autorest
⚠️ AutoRest is deprecated and will be retired on July 1, 2026. Please migrate to TypeSpec: https://typespec.io — details: https://github.com/Azure/autorest/issues/5175
warning | DeprecatedConfig | Using directive.0.suppress which is deprecated and will be removed in the future.
warning | DeprecatedConfig | Using directive.1.suppress which is deprecated and will be removed in the future.
warning | DeprecatedConfig | Using directive.2.suppress which is deprecated and will be removed in the future.
warning | DeprecatedConfig | Using directive.3.suppress which is deprecated and will be removed in the future.
warning | DeprecatedConfig | Using directive.4.suppress which is deprecated and will be removed in the future.
warning | DeprecatedConfig | Using directive.0.suppress which is deprecated and will be removed in the future.
warning | DeprecatedConfig | Using directive.1.suppress which is deprecated and will be removed in the future.
warning | DeprecatedConfig | Using directive.2.suppress which is deprecated and will be removed in the future.
warning | DeprecatedConfig | Using directive.3.suppress which is deprecated and will be removed in the future.
warning | DeprecatedConfig | Using directive.4.suppress which is deprecated and will be removed in the future.
warning | SkippedSemanticValidation | Semantic validation was skipped.
warning | PreCheck/CheckDuplicateSchemas | Checking for duplicate schemas, this could take a (long) while.  Run with --verbose for more detail.
warning | Modeler/MissingType | The schema 'ApplicationLiveViewComponent-name' has no type or format information whatsoever. Location:
   file:///home/runner/work/bicep-types-az/bicep-types-az/workflow-temp/azure-rest-api-specs/specification/appplatform/resource-manager/Microsoft.AppPlatform/preview/2024-05-01-preview/appplatform.json#/components/schemas/ApplicationLiveViewComponent-name
warning | Skipping resource POST action path '/subscriptions/{subscriptionId}/resourceGroups/{resourceGroupName}/providers/Microsoft.AppPlatform/Spring/{serviceName}/configServers/validate': Found mismatch between type segments (2) and name segments (1)
warning | Unrecognized property type: any-object. Returning 'any'.
warning | Unrecognized property type: any-object. Returning 'any'.
warning | Unrecognized property type: any-object. Returning 'any'.
warning | Resource action disableTestEndpoint under path '/subscriptions/{subscriptionId}/resourceGroups/{resourceGroupName}/providers/Microsoft.AppPlatform/Spring/{serviceName}/disableTestEndpoint' has no response schema. Returning 'any'.
warning | Resource action stop under path '/subscriptions/{subscriptionId}/resourceGroups/{resourceGroupName}/providers/Microsoft.AppPlatform/Spring/{serviceName}/stop' has no response schema. Returning 'any'.
warning | Resource action start under path '/subscriptions/{subscriptionId}/resourceGroups/{resourceGroupName}/providers/Microsoft.AppPlatform/Spring/{serviceName}/start' has no response schema. Returning 'any'.
warning | Resource action flushVirtualNetworkDnsSettings under path '/subscriptions/{subscriptionId}/resourceGroups/{resourceGroupName}/providers/Microsoft.AppPlatform/Spring/{serviceName}/flushVirtualNetworkDnsSettings' has no response schema. Returning 'any'.
warning | Resource action enableApmGlobally under path '/subscriptions/{subscriptionId}/resourceGroups/{resourceGroupName}/providers/Microsoft.AppPlatform/Spring/{serviceName}/enableApmGlobally' has no response schema. Returning 'any'.
warning | Resource action disableApmGlobally under path '/subscriptions/{subscriptionId}/resourceGroups/{resourceGroupName}/providers/Microsoft.AppPlatform/Spring/{serviceName}/disableApmGlobally' has no response schema. Returning 'any'.
warning | Resource action start under path '/subscriptions/{subscriptionId}/resourceGroups/{resourceGroupName}/providers/Microsoft.AppPlatform/Spring/{serviceName}/apps/{appName}/deployments/{deploymentName}/start' has no response schema. Returning 'any'.
warning | Resource action stop under path '/subscriptions/{subscriptionId}/resourceGroups/{resourceGroupName}/providers/Microsoft.AppPlatform/Spring/{serviceName}/apps/{appName}/deployments/{deploymentName}/stop' has no response schema. Returning 'any'.
warning | Resource action restart under path '/subscriptions/{subscriptionId}/resourceGroups/{resourceGroupName}/providers/Microsoft.AppPlatform/Spring/{serviceName}/apps/{appName}/deployments/{deploymentName}/restart' has no response schema. Returning 'any'.
warning | Resource action generateHeapDump under path '/subscriptions/{subscriptionId}/resourceGroups/{resourceGroupName}/providers/Microsoft.AppPlatform/Spring/{serviceName}/apps/{appName}/deployments/{deploymentName}/generateHeapDump' has no response schema. Returning 'any'.
warning | Resource action generateThreadDump under path '/subscriptions/{subscriptionId}/resourceGroups/{resourceGroupName}/providers/Microsoft.AppPlatform/Spring/{serviceName}/apps/{appName}/deployments/{deploymentName}/generateThreadDump' has no response schema. Returning 'any'.
warning | Resource action startJFR under path '/subscriptions/{subscriptionId}/resourceGroups/{resourceGroupName}/providers/Microsoft.AppPlatform/Spring/{serviceName}/apps/{appName}/deployments/{deploymentName}/startJFR' has no response schema. Returning 'any'.
warning | Resource action restart under path '/subscriptions/{subscriptionId}/resourceGroups/{resourceGroupName}/providers/Microsoft.AppPlatform/Spring/{serviceName}/gateways/{gatewayName}/restart' has no response schema. Returning 'any'.
warning | Resource action disable under path '/subscriptions/{subscriptionId}/resourceGroups/{resourceGroupName}/providers/Microsoft.AppPlatform/Spring/{serviceName}/applicationAccelerators/{applicationAcceleratorName}/predefinedAccelerators/{predefinedAcceleratorName}/disable' has no response schema. Returning 'any'.
warning | Resource action enable under path '/subscriptions/{subscriptionId}/resourceGroups/{resourceGroupName}/providers/Microsoft.AppPlatform/Spring/{serviceName}/applicationAccelerators/{applicationAcceleratorName}/predefinedAccelerators/{predefinedAcceleratorName}/enable' has no response schema. Returning 'any'.
warning | Resource action cancel under path '/subscriptions/{subscriptionId}/resourceGroups/{resourceGroupName}/providers/Microsoft.AppPlatform/Spring/{serviceName}/jobs/{jobName}/executions/{jobExecutionName}/cancel' has no response schema. Returning 'any'.
warning | DeprecatedConfig | Using directive.0.suppress which is deprecated and will be removed in the future.
warning | DeprecatedConfig | Using directive.1.suppress which is deprecated and will be removed in the future.
warning | DeprecatedConfig | Using directive.2.suppress which is deprecated and will be removed in the future.
warning | DeprecatedConfig | Using directive.3.suppress which is deprecated and will be removed in the future.
warning | DeprecatedConfig | Using directive.4.suppress which is deprecated and will be removed in the future.
warning | SkippedSemanticValidation | Semantic validation was skipped.
warning | PreCheck/CheckDuplicateSchemas | Checking for duplicate schemas, this could take a (long) while.  Run with --verbose for more detail.
warning | Modeler/MissingType | The schema 'ApplicationLiveViewComponent-name' has no type or format information whatsoever. Location:
   file:///home/runner/work/bicep-types-az/bicep-types-az/workflow-temp/azure-rest-api-specs/specification/appplatform/resource-manager/Microsoft.AppPlatform/preview/2024-01-01-preview/appplatform.json#/components/schemas/ApplicationLiveViewComponent-name
warning | Skipping resource POST action path '/subscriptions/{subscriptionId}/resourceGroups/{resourceGroupName}/providers/Microsoft.AppPlatform/Spring/{serviceName}/configServers/validate': Found mismatch between type segments (2) and name segments (1)
warning | Unrecognized property type: any-object. Returning 'any'.
warning | Unrecognized property type: any-object. Returning 'any'.
warning | Unrecognized property type: any-object. Returning 'any'.
warning | Resource action disableTestEndpoint under path '/subscriptions/{subscriptionId}/resourceGroups/{resourceGroupName}/providers/Microsoft.AppPlatform/Spring/{serviceName}/disableTestEndpoint' has no response schema. Returning 'any'.
warning | Resource action stop under path '/subscriptions/{subscriptionId}/resourceGroups/{resourceGroupName}/providers/Microsoft.AppPlatform/Spring/{serviceName}/stop' has no response schema. Returning 'any'.
warning | Resource action start under path '/subscriptions/{subscriptionId}/resourceGroups/{resourceGroupName}/providers/Microsoft.AppPlatform/Spring/{serviceName}/start' has no response schema. Returning 'any'.
warning | Resource action flushVirtualNetworkDnsSettings under path '/subscriptions/{subscriptionId}/resourceGroups/{resourceGroupName}/providers/Microsoft.AppPlatform/Spring/{serviceName}/flushVirtualNetworkDnsSettings' has no response schema. Returning 'any'.
warning | Resource action enableApmGlobally under path '/subscriptions/{subscriptionId}/resourceGroups/{resourceGroupName}/providers/Microsoft.AppPlatform/Spring/{serviceName}/enableApmGlobally' has no response schema. Returning 'any'.
warning | Resource action disableApmGlobally under path '/subscriptions/{subscriptionId}/resourceGroups/{resourceGroupName}/providers/Microsoft.AppPlatform/Spring/{serviceName}/disableApmGlobally' has no response schema. Returning 'any'.
warning | Resource action start under path '/subscriptions/{subscriptionId}/resourceGroups/{resourceGroupName}/providers/Microsoft.AppPlatform/Spring/{serviceName}/apps/{appName}/deployments/{deploymentName}/start' has no response schema. Returning 'any'.
warning | Resource action stop under path '/subscriptions/{subscriptionId}/resourceGroups/{resourceGroupName}/providers/Microsoft.AppPlatform/Spring/{serviceName}/apps/{appName}/deployments/{deploymentName}/stop' has no response schema. Returning 'any'.
warning | Resource action restart under path '/subscriptions/{subscriptionId}/resourceGroups/{resourceGroupName}/providers/Microsoft.AppPlatform/Spring/{serviceName}/apps/{appName}/deployments/{deploymentName}/restart' has no response schema. Returning 'any'.
warning | Resource action generateHeapDump under path '/subscriptions/{subscriptionId}/resourceGroups/{resourceGroupName}/providers/Microsoft.AppPlatform/Spring/{serviceName}/apps/{appName}/deployments/{deploymentName}/generateHeapDump' has no response schema. Returning 'any'.
warning | Resource action generateThreadDump under path '/subscriptions/{subscriptionId}/resourceGroups/{resourceGroupName}/providers/Microsoft.AppPlatform/Spring/{serviceName}/apps/{appName}/deployments/{deploymentName}/generateThreadDump' has no response schema. Returning 'any'.
warning | Resource action startJFR under path '/subscriptions/{subscriptionId}/resourceGroups/{resourceGroupName}/providers/Microsoft.AppPlatform/Spring/{serviceName}/apps/{appName}/deployments/{deploymentName}/startJFR' has no response schema. Returning 'any'.
warning | Resource action restart under path '/subscriptions/{subscriptionId}/resourceGroups/{resourceGroupName}/providers/Microsoft.AppPlatform/Spring/{serviceName}/gateways/{gatewayName}/restart' has no response schema. Returning 'any'.
warning | Resource action disable under path '/subscriptions/{subscriptionId}/resourceGroups/{resourceGroupName}/providers/Microsoft.AppPlatform/Spring/{serviceName}/applicationAccelerators/{applicationAcceleratorName}/predefinedAccelerators/{predefinedAcceleratorName}/disable' has no response schema. Returning 'any'.
warning | Resource action enable under path '/subscriptions/{subscriptionId}/resourceGroups/{resourceGroupName}/providers/Microsoft.AppPlatform/Spring/{serviceName}/applicationAccelerators/{applicationAcceleratorName}/predefinedAccelerators/{predefinedAcceleratorName}/enable' has no response schema. Returning 'any'.
warning | DeprecatedConfig | Using directive.0.suppress which is deprecated and will be removed in the future.
warning | DeprecatedConfig | Using directive.1.suppress which is deprecated and will be removed in the future.
warning | DeprecatedConfig | Using directive.2.suppress which is deprecated and will be removed in the future.
warning | DeprecatedConfig | Using directive.3.suppress which is deprecated and will be removed in the future.
warning | DeprecatedConfig | Using directive.4.suppress which is deprecated and will be removed in the future.
warning | SkippedSemanticValidation | Semantic validation was skipped.
warning | PreCheck/CheckDuplicateSchemas | Checking for duplicate schemas, this could take a (long) while.  Run with --verbose for more detail.
warning | Modeler/MissingType | The schema 'ApplicationLiveViewComponent-name' has no type or format information whatsoever. Location:
   file:///home/runner/work/bicep-types-az/bicep-types-az/workflow-temp/azure-rest-api-specs/specification/appplatform/resource-manager/Microsoft.AppPlatform/stable/2023-12-01/appplatform.json#/components/schemas/ApplicationLiveViewComponent-name
warning | Skipping resource POST action path '/subscriptions/{subscriptionId}/resourceGroups/{resourceGroupName}/providers/Microsoft.AppPlatform/Spring/{serviceName}/configServers/validate': Found mismatch between type segments (2) and name segments (1)
warning | Unrecognized property type: any-object. Returning 'any'.
warning | Unrecognized property type: any-object. Returning 'any'.
warning | Resource action disableTestEndpoint under path '/subscriptions/{subscriptionId}/resourceGroups/{resourceGroupName}/providers/Microsoft.AppPlatform/Spring/{serviceName}/disableTestEndpoint' has no response schema. Returning 'any'.
warning | Resource action stop under path '/subscriptions/{subscriptionId}/resourceGroups/{resourceGroupName}/providers/Microsoft.AppPlatform/Spring/{serviceName}/stop' has no response schema. Returning 'any'.
warning | Resource action start under path '/subscriptions/{subscriptionId}/resourceGroups/{resourceGroupName}/providers/Microsoft.AppPlatform/Spring/{serviceName}/start' has no response schema. Returning 'any'.
warning | Resource action flushVirtualNetworkDnsSettings under path '/subscriptions/{subscriptionId}/resourceGroups/{resourceGroupName}/providers/Microsoft.AppPlatform/Spring/{serviceName}/flushVirtualNetworkDnsSettings' has no response schema. Returning 'any'.
warning | Resource action enableApmGlobally under path '/subscriptions/{subscriptionId}/resourceGroups/{resourceGroupName}/providers/Microsoft.AppPlatform/Spring/{serviceName}/enableApmGlobally' has no response schema. Returning 'any'.
warning | Resource action disableApmGlobally under path '/subscriptions/{subscriptionId}/resourceGroups/{resourceGroupName}/providers/Microsoft.AppPlatform/Spring/{serviceName}/disableApmGlobally' has no response schema. Returning 'any'.
warning | Resource action start under path '/subscriptions/{subscriptionId}/resourceGroups/{resourceGroupName}/providers/Microsoft.AppPlatform/Spring/{serviceName}/apps/{appName}/deployments/{deploymentName}/start' has no response schema. Returning 'any'.
warning | Resource action stop under path '/subscriptions/{subscriptionId}/resourceGroups/{resourceGroupName}/providers/Microsoft.AppPlatform/Spring/{serviceName}/apps/{appName}/deployments/{deploymentName}/stop' has no response schema. Returning 'any'.
warning | Resource action restart under path '/subscriptions/{subscriptionId}/resourceGroups/{resourceGroupName}/providers/Microsoft.AppPlatform/Spring/{serviceName}/apps/{appName}/deployments/{deploymentName}/restart' has no response schema. Returning 'any'.
warning | Resource action generateHeapDump under path '/subscriptions/{subscriptionId}/resourceGroups/{resourceGroupName}/providers/Microsoft.AppPlatform/Spring/{serviceName}/apps/{appName}/deployments/{deploymentName}/generateHeapDump' has no response schema. Returning 'any'.
warning | Resource action generateThreadDump under path '/subscriptions/{subscriptionId}/resourceGroups/{resourceGroupName}/providers/Microsoft.AppPlatform/Spring/{serviceName}/apps/{appName}/deployments/{deploymentName}/generateThreadDump' has no response schema. Returning 'any'.
warning | Resource action startJFR under path '/subscriptions/{subscriptionId}/resourceGroups/{resourceGroupName}/providers/Microsoft.AppPlatform/Spring/{serviceName}/apps/{appName}/deployments/{deploymentName}/startJFR' has no response schema. Returning 'any'.
warning | Resource action restart under path '/subscriptions/{subscriptionId}/resourceGroups/{resourceGroupName}/providers/Microsoft.AppPlatform/Spring/{serviceName}/gateways/{gatewayName}/restart' has no response schema. Returning 'any'.
warning | Resource action disable under path '/subscriptions/{subscriptionId}/resourceGroups/{resourceGroupName}/providers/Microsoft.AppPlatform/Spring/{serviceName}/applicationAccelerators/{applicationAcceleratorName}/predefinedAccelerators/{predefinedAcceleratorName}/disable' has no response schema. Returning 'any'.
warning | Resource action enable under path '/subscriptions/{subscriptionId}/resourceGroups/{resourceGroupName}/providers/Microsoft.AppPlatform/Spring/{serviceName}/applicationAccelerators/{applicationAcceleratorName}/predefinedAccelerators/{predefinedAcceleratorName}/enable' has no response schema. Returning 'any'.
warning | DeprecatedConfig | Using directive.0.suppress which is deprecated and will be removed in the future.
warning | DeprecatedConfig | Using directive.1.suppress which is deprecated and will be removed in the future.
warning | DeprecatedConfig | Using directive.2.suppress which is deprecated and will be removed in the future.
warning | DeprecatedConfig | Using directive.3.suppress which is deprecated and will be removed in the future.
warning | DeprecatedConfig | Using directive.4.suppress which is deprecated and will be removed in the future.
warning | SkippedSemanticValidation | Semantic validation was skipped.
warning | PreCheck/CheckDuplicateSchemas | Checking for duplicate schemas, this could take a (long) while.  Run with --verbose for more detail.
warning | Modeler/MissingType | The schema 'ApplicationLiveViewComponent-name' has no type or format information whatsoever. Location:
   file:///home/runner/work/bicep-types-az/bicep-types-az/workflow-temp/azure-rest-api-specs/specification/appplatform/resource-manager/Microsoft.AppPlatform/preview/2023-11-01-preview/appplatform.json#/components/schemas/ApplicationLiveViewComponent-name
warning | Skipping resource POST action path '/subscriptions/{subscriptionId}/resourceGroups/{resourceGroupName}/providers/Microsoft.AppPlatform/Spring/{serviceName}/configServers/validate': Found mismatch between type segments (2) and name segments (1)
warning | Unrecognized property type: any-object. Returning 'any'.
warning | Unrecognized property type: any-object. Returning 'any'.
warning | Unrecognized property type: any-object. Returning 'any'.
warning | Resource action disableTestEndpoint under path '/subscriptions/{subscriptionId}/resourceGroups/{resourceGroupName}/providers/Microsoft.AppPlatform/Spring/{serviceName}/disableTestEndpoint' has no response schema. Returning 'any'.
warning | Resource action stop under path '/subscriptions/{subscriptionId}/resourceGroups/{resourceGroupName}/providers/Microsoft.AppPlatform/Spring/{serviceName}/stop' has no response schema. Returning 'any'.
warning | Resource action start under path '/subscriptions/{subscriptionId}/resourceGroups/{resourceGroupName}/providers/Microsoft.AppPlatform/Spring/{serviceName}/start' has no response schema. Returning 'any'.
warning | Resource action flushVirtualNetworkDnsSettings under path '/subscriptions/{subscriptionId}/resourceGroups/{resourceGroupName}/providers/Microsoft.AppPlatform/Spring/{serviceName}/flushVirtualNetworkDnsSettings' has no response schema. Returning 'any'.
warning | Resource action enableApmGlobally under path '/subscriptions/{subscriptionId}/resourceGroups/{resourceGroupName}/providers/Microsoft.AppPlatform/Spring/{serviceName}/enableApmGlobally' has no response schema. Returning 'any'.
warning | Resource action disableApmGlobally under path '/subscriptions/{subscriptionId}/resourceGroups/{resourceGroupName}/providers/Microsoft.AppPlatform/Spring/{serviceName}/disableApmGlobally' has no response schema. Returning 'any'.
warning | Resource action start under path '/subscriptions/{subscriptionId}/resourceGroups/{resourceGroupName}/providers/Microsoft.AppPlatform/Spring/{serviceName}/apps/{appName}/deployments/{deploymentName}/start' has no response schema. Returning 'any'.
warning | Resource action stop under path '/subscriptions/{subscriptionId}/resourceGroups/{resourceGroupName}/providers/Microsoft.AppPlatform/Spring/{serviceName}/apps/{appName}/deployments/{deploymentName}/stop' has no response schema. Returning 'any'.
warning | Resource action restart under path '/subscriptions/{subscriptionId}/resourceGroups/{resourceGroupName}/providers/Microsoft.AppPlatform/Spring/{serviceName}/apps/{appName}/deployments/{deploymentName}/restart' has no response schema. Returning 'any'.
warning | Resource action generateHeapDump under path '/subscriptions/{subscriptionId}/resourceGroups/{resourceGroupName}/providers/Microsoft.AppPlatform/Spring/{serviceName}/apps/{appName}/deployments/{deploymentName}/generateHeapDump' has no response schema. Returning 'any'.
warning | Resource action generateThreadDump under path '/subscriptions/{subscriptionId}/resourceGroups/{resourceGroupName}/providers/Microsoft.AppPlatform/Spring/{serviceName}/apps/{appName}/deployments/{deploymentName}/generateThreadDump' has no response schema. Returning 'any'.
warning | Resource action startJFR under path '/subscriptions/{subscriptionId}/resourceGroups/{resourceGroupName}/providers/Microsoft.AppPlatform/Spring/{serviceName}/apps/{appName}/deployments/{deploymentName}/startJFR' has no response schema. Returning 'any'.
warning | Resource action restart under path '/subscriptions/{subscriptionId}/resourceGroups/{resourceGroupName}/providers/Microsoft.AppPlatform/Spring/{serviceName}/gateways/{gatewayName}/restart' has no response schema. Returning 'any'.
warning | Resource action disable under path '/subscriptions/{subscriptionId}/resourceGroups/{resourceGroupName}/providers/Microsoft.AppPlatform/Spring/{serviceName}/applicationAccelerators/{applicationAcceleratorName}/predefinedAccelerators/{predefinedAcceleratorName}/disable' has no response schema. Returning 'any'.
warning | Resource action enable under path '/subscriptions/{subscriptionId}/resourceGroups/{resourceGroupName}/providers/Microsoft.AppPlatform/Spring/{serviceName}/applicationAccelerators/{applicationAcceleratorName}/predefinedAccelerators/{predefinedAcceleratorName}/enable' has no response schema. Returning 'any'.
warning | DeprecatedConfig | Using directive.0.suppress which is deprecated and will be removed in the future.
warning | DeprecatedConfig | Using directive.1.suppress which is deprecated and will be removed in the future.
warning | DeprecatedConfig | Using directive.2.suppress which is deprecated and will be removed in the future.
warning | DeprecatedConfig | Using directive.3.suppress which is deprecated and will be removed in the future.
warning | DeprecatedConfig | Using directive.4.suppress which is deprecated and will be removed in the future.
warning | SkippedSemanticValidation | Semantic validation was skipped.
warning | PreCheck/CheckDuplicateSchemas | Checking for duplicate schemas, this could take a (long) while.  Run with --verbose for more detail.
warning | Modeler/MissingType | The schema 'ApplicationLiveViewComponent-name' has no type or format information whatsoever. Location:
   file:///home/runner/work/bicep-types-az/bicep-types-az/workflow-temp/azure-rest-api-specs/specification/appplatform/resource-manager/Microsoft.AppPlatform/preview/2023-09-01-preview/appplatform.json#/components/schemas/ApplicationLiveViewComponent-name
warning | Skipping resource POST action path '/subscriptions/{subscriptionId}/resourceGroups/{resourceGroupName}/providers/Microsoft.AppPlatform/Spring/{serviceName}/configServers/validate': Found mismatch between type segments (2) and name segments (1)
warning | Unrecognized property type: any-object. Returning 'any'.
warning | Unrecognized property type: any-object. Returning 'any'.
warning | Unrecognized property type: any-object. Returning 'any'.
warning | Resource action disableTestEndpoint under path '/subscriptions/{subscriptionId}/resourceGroups/{resourceGroupName}/providers/Microsoft.AppPlatform/Spring/{serviceName}/disableTestEndpoint' has no response schema. Returning 'any'.
warning | Resource action stop under path '/subscriptions/{subscriptionId}/resourceGroups/{resourceGroupName}/providers/Microsoft.AppPlatform/Spring/{serviceName}/stop' has no response schema. Returning 'any'.
warning | Resource action start under path '/subscriptions/{subscriptionId}/resourceGroups/{resourceGroupName}/providers/Microsoft.AppPlatform/Spring/{serviceName}/start' has no response schema. Returning 'any'.
warning | Resource action flushVirtualNetworkDnsSettings under path '/subscriptions/{subscriptionId}/resourceGroups/{resourceGroupName}/providers/Microsoft.AppPlatform/Spring/{serviceName}/flushVirtualNetworkDnsSettings' has no response schema. Returning 'any'.
warning | Resource action enableApmGlobally under path '/subscriptions/{subscriptionId}/resourceGroups/{resourceGroupName}/providers/Microsoft.AppPlatform/Spring/{serviceName}/enableApmGlobally' has no response schema. Returning 'any'.
warning | Resource action disableApmGlobally under path '/subscriptions/{subscriptionId}/resourceGroups/{resourceGroupName}/providers/Microsoft.AppPlatform/Spring/{serviceName}/disableApmGlobally' has no response schema. Returning 'any'.
warning | Resource action start under path '/subscriptions/{subscriptionId}/resourceGroups/{resourceGroupName}/providers/Microsoft.AppPlatform/Spring/{serviceName}/apps/{appName}/deployments/{deploymentName}/start' has no response schema. Returning 'any'.
warning | Resource action stop under path '/subscriptions/{subscriptionId}/resourceGroups/{resourceGroupName}/providers/Microsoft.AppPlatform/Spring/{serviceName}/apps/{appName}/deployments/{deploymentName}/stop' has no response schema. Returning 'any'.
warning | Resource action restart under path '/subscriptions/{subscriptionId}/resourceGroups/{resourceGroupName}/providers/Microsoft.AppPlatform/Spring/{serviceName}/apps/{appName}/deployments/{deploymentName}/restart' has no response schema. Returning 'any'.
warning | Resource action generateHeapDump under path '/subscriptions/{subscriptionId}/resourceGroups/{resourceGroupName}/providers/Microsoft.AppPlatform/Spring/{serviceName}/apps/{appName}/deployments/{deploymentName}/generateHeapDump' has no response schema. Returning 'any'.
warning | Resource action generateThreadDump under path '/subscriptions/{subscriptionId}/resourceGroups/{resourceGroupName}/providers/Microsoft.AppPlatform/Spring/{serviceName}/apps/{appName}/deployments/{deploymentName}/generateThreadDump' has no response schema. Returning 'any'.
warning | Resource action startJFR under path '/subscriptions/{subscriptionId}/resourceGroups/{resourceGroupName}/providers/Microsoft.AppPlatform/Spring/{serviceName}/apps/{appName}/deployments/{deploymentName}/startJFR' has no response schema. Returning 'any'.
warning | Resource action restart under path '/subscriptions/{subscriptionId}/resourceGroups/{resourceGroupName}/providers/Microsoft.AppPlatform/Spring/{serviceName}/gateways/{gatewayName}/restart' has no response schema. Returning 'any'.
warning | Resource action disable under path '/subscriptions/{subscriptionId}/resourceGroups/{resourceGroupName}/providers/Microsoft.AppPlatform/Spring/{serviceName}/applicationAccelerators/{applicationAcceleratorName}/predefinedAccelerators/{predefinedAcceleratorName}/disable' has no response schema. Returning 'any'.
warning | Resource action enable under path '/subscriptions/{subscriptionId}/resourceGroups/{resourceGroupName}/providers/Microsoft.AppPlatform/Spring/{serviceName}/applicationAccelerators/{applicationAcceleratorName}/predefinedAccelerators/{predefinedAcceleratorName}/enable' has no response schema. Returning 'any'.
warning | DeprecatedConfig | Using directive.0.suppress which is deprecated and will be removed in the future.
warning | DeprecatedConfig | Using directive.1.suppress which is deprecated and will be removed in the future.
warning | DeprecatedConfig | Using directive.2.suppress which is deprecated and will be removed in the future.
warning | DeprecatedConfig | Using directive.3.suppress which is deprecated and will be removed in the future.
warning | DeprecatedConfig | Using directive.4.suppress which is deprecated and will be removed in the future.
warning | SkippedSemanticValidation | Semantic validation was skipped.
warning | PreCheck/CheckDuplicateSchemas | Checking for duplicate schemas, this could take a (long) while.  Run with --verbose for more detail.
warning | Modeler/MissingType | The schema 'ApplicationLiveViewComponent-name' has no type or format information whatsoever. Location:
   file:///home/runner/work/bicep-types-az/bicep-types-az/workflow-temp/azure-rest-api-specs/specification/appplatform/resource-manager/Microsoft.AppPlatform/preview/2023-07-01-preview/appplatform.json#/components/schemas/ApplicationLiveViewComponent-name
warning | Skipping resource POST action path '/subscriptions/{subscriptionId}/resourceGroups/{resourceGroupName}/providers/Microsoft.AppPlatform/Spring/{serviceName}/configServers/validate': Found mismatch between type segments (2) and name segments (1)
warning | Unrecognized property type: any-object. Returning 'any'.
warning | Unrecognized property type: any-object. Returning 'any'.
warning | Unrecognized property type: any-object. Returning 'any'.
warning | Resource action disableTestEndpoint under path '/subscriptions/{subscriptionId}/resourceGroups/{resourceGroupName}/providers/Microsoft.AppPlatform/Spring/{serviceName}/disableTestEndpoint' has no response schema. Returning 'any'.
warning | Resource action stop under path '/subscriptions/{subscriptionId}/resourceGroups/{resourceGroupName}/providers/Microsoft.AppPlatform/Spring/{serviceName}/stop' has no response schema. Returning 'any'.
warning | Resource action start under path '/subscriptions/{subscriptionId}/resourceGroups/{resourceGroupName}/providers/Microsoft.AppPlatform/Spring/{serviceName}/start' has no response schema. Returning 'any'.
warning | Resource action flushVirtualNetworkDnsSettings under path '/subscriptions/{subscriptionId}/resourceGroups/{resourceGroupName}/providers/Microsoft.AppPlatform/Spring/{serviceName}/flushVirtualNetworkDnsSettings' has no response schema. Returning 'any'.
warning | Resource action enableApmGlobally under path '/subscriptions/{subscriptionId}/resourceGroups/{resourceGroupName}/providers/Microsoft.AppPlatform/Spring/{serviceName}/enableApmGlobally' has no response schema. Returning 'any'.
warning | Resource action disableApmGlobally under path '/subscriptions/{subscriptionId}/resourceGroups/{resourceGroupName}/providers/Microsoft.AppPlatform/Spring/{serviceName}/disableApmGlobally' has no response schema. Returning 'any'.
warning | Resource action start under path '/subscriptions/{subscriptionId}/resourceGroups/{resourceGroupName}/providers/Microsoft.AppPlatform/Spring/{serviceName}/apps/{appName}/deployments/{deploymentName}/start' has no response schema. Returning 'any'.
warning | Resource action stop under path '/subscriptions/{subscriptionId}/resourceGroups/{resourceGroupName}/providers/Microsoft.AppPlatform/Spring/{serviceName}/apps/{appName}/deployments/{deploymentName}/stop' has no response schema. Returning 'any'.
warning | Resource action restart under path '/subscriptions/{subscriptionId}/resourceGroups/{resourceGroupName}/providers/Microsoft.AppPlatform/Spring/{serviceName}/apps/{appName}/deployments/{deploymentName}/restart' has no response schema. Returning 'any'.
warning | Resource action generateHeapDump under path '/subscriptions/{subscriptionId}/resourceGroups/{resourceGroupName}/providers/Microsoft.AppPlatform/Spring/{serviceName}/apps/{appName}/deployments/{deploymentName}/generateHeapDump' has no response schema. Returning 'any'.
warning | Resource action generateThreadDump under path '/subscriptions/{subscriptionId}/resourceGroups/{resourceGroupName}/providers/Microsoft.AppPlatform/Spring/{serviceName}/apps/{appName}/deployments/{deploymentName}/generateThreadDump' has no response schema. Returning 'any'.
warning | Resource action startJFR under path '/subscriptions/{subscriptionId}/resourceGroups/{resourceGroupName}/providers/Microsoft.AppPlatform/Spring/{serviceName}/apps/{appName}/deployments/{deploymentName}/startJFR' has no response schema. Returning 'any'.
warning | Resource action restart under path '/subscriptions/{subscriptionId}/resourceGroups/{resourceGroupName}/providers/Microsoft.AppPlatform/Spring/{serviceName}/gateways/{gatewayName}/restart' has no response schema. Returning 'any'.
warning | Resource action disable under path '/subscriptions/{subscriptionId}/resourceGroups/{resourceGroupName}/providers/Microsoft.AppPlatform/Spring/{serviceName}/applicationAccelerators/{applicationAcceleratorName}/predefinedAccelerators/{predefinedAcceleratorName}/disable' has no response schema. Returning 'any'.
warning | Resource action enable under path '/subscriptions/{subscriptionId}/resourceGroups/{resourceGroupName}/providers/Microsoft.AppPlatform/Spring/{serviceName}/applicationAccelerators/{applicationAcceleratorName}/predefinedAccelerators/{predefinedAcceleratorName}/enable' has no response schema. Returning 'any'.
warning | DeprecatedConfig | Using directive.0.suppress which is deprecated and will be removed in the future.
warning | DeprecatedConfig | Using directive.1.suppress which is deprecated and will be removed in the future.
warning | DeprecatedConfig | Using directive.2.suppress which is deprecated and will be removed in the future.
warning | DeprecatedConfig | Using directive.3.suppress which is deprecated and will be removed in the future.
warning | DeprecatedConfig | Using directive.4.suppress which is deprecated and will be removed in the future.
warning | SkippedSemanticValidation | Semantic validation was skipped.
warning | PreCheck/CheckDuplicateSchemas | Checking for duplicate schemas, this could take a (long) while.  Run with --verbose for more detail.
warning | Modeler/MissingType | The schema 'ApplicationLiveViewComponent-name' has no type or format information whatsoever. Location:
   file:///home/runner/work/bicep-types-az/bicep-types-az/workflow-temp/azure-rest-api-specs/specification/appplatform/resource-manager/Microsoft.AppPlatform/preview/2023-05-01-preview/appplatform.json#/components/schemas/ApplicationLiveViewComponent-name
warning | Skipping resource POST action path '/subscriptions/{subscriptionId}/resourceGroups/{resourceGroupName}/providers/Microsoft.AppPlatform/Spring/{serviceName}/configServers/validate': Found mismatch between type segments (2) and name segments (1)
warning | Unrecognized property type: any-object. Returning 'any'.
warning | Unrecognized property type: any-object. Returning 'any'.
warning | Unrecognized property type: any-object. Returning 'any'.
warning | Resource action disableTestEndpoint under path '/subscriptions/{subscriptionId}/resourceGroups/{resourceGroupName}/providers/Microsoft.AppPlatform/Spring/{serviceName}/disableTestEndpoint' has no response schema. Returning 'any'.
warning | Resource action stop under path '/subscriptions/{subscriptionId}/resourceGroups/{resourceGroupName}/providers/Microsoft.AppPlatform/Spring/{serviceName}/stop' has no response schema. Returning 'any'.
warning | Resource action start under path '/subscriptions/{subscriptionId}/resourceGroups/{resourceGroupName}/providers/Microsoft.AppPlatform/Spring/{serviceName}/start' has no response schema. Returning 'any'.
warning | Resource action enableApmGlobally under path '/subscriptions/{subscriptionId}/resourceGroups/{resourceGroupName}/providers/Microsoft.AppPlatform/Spring/{serviceName}/enableApmGlobally' has no response schema. Returning 'any'.
warning | Resource action disableApmGlobally under path '/subscriptions/{subscriptionId}/resourceGroups/{resourceGroupName}/providers/Microsoft.AppPlatform/Spring/{serviceName}/disableApmGlobally' has no response schema. Returning 'any'.
warning | Resource action start under path '/subscriptions/{subscriptionId}/resourceGroups/{resourceGroupName}/providers/Microsoft.AppPlatform/Spring/{serviceName}/apps/{appName}/deployments/{deploymentName}/start' has no response schema. Returning 'any'.
warning | Resource action stop under path '/subscriptions/{subscriptionId}/resourceGroups/{resourceGroupName}/providers/Microsoft.AppPlatform/Spring/{serviceName}/apps/{appName}/deployments/{deploymentName}/stop' has no response schema. Returning 'any'.
warning | Resource action restart under path '/subscriptions/{subscriptionId}/resourceGroups/{resourceGroupName}/providers/Microsoft.AppPlatform/Spring/{serviceName}/apps/{appName}/deployments/{deploymentName}/restart' has no response schema. Returning 'any'.
warning | Resource action generateHeapDump under path '/subscriptions/{subscriptionId}/resourceGroups/{resourceGroupName}/providers/Microsoft.AppPlatform/Spring/{serviceName}/apps/{appName}/deployments/{deploymentName}/generateHeapDump' has no response schema. Returning 'any'.
warning | Resource action generateThreadDump under path '/subscriptions/{subscriptionId}/resourceGroups/{resourceGroupName}/providers/Microsoft.AppPlatform/Spring/{serviceName}/apps/{appName}/deployments/{deploymentName}/generateThreadDump' has no response schema. Returning 'any'.
warning | Resource action startJFR under path '/subscriptions/{subscriptionId}/resourceGroups/{resourceGroupName}/providers/Microsoft.AppPlatform/Spring/{serviceName}/apps/{appName}/deployments/{deploymentName}/startJFR' has no response schema. Returning 'any'.
warning | Resource action restart under path '/subscriptions/{subscriptionId}/resourceGroups/{resourceGroupName}/providers/Microsoft.AppPlatform/Spring/{serviceName}/gateways/{gatewayName}/restart' has no response schema. Returning 'any'.
warning | Resource action disable under path '/subscriptions/{subscriptionId}/resourceGroups/{resourceGroupName}/providers/Microsoft.AppPlatform/Spring/{serviceName}/applicationAccelerators/{applicationAcceleratorName}/predefinedAccelerators/{predefinedAcceleratorName}/disable' has no response schema. Returning 'any'.
warning | Resource action enable under path '/subscriptions/{subscriptionId}/resourceGroups/{resourceGroupName}/providers/Microsoft.AppPlatform/Spring/{serviceName}/applicationAccelerators/{applicationAcceleratorName}/predefinedAccelerators/{predefinedAcceleratorName}/enable' has no response schema. Returning 'any'.
warning | DeprecatedConfig | Using directive.0.suppress which is deprecated and will be removed in the future.
warning | DeprecatedConfig | Using directive.1.suppress which is deprecated and will be removed in the future.
warning | DeprecatedConfig | Using directive.2.suppress which is deprecated and will be removed in the future.
warning | DeprecatedConfig | Using directive.3.suppress which is deprecated and will be removed in the future.
warning | DeprecatedConfig | Using directive.4.suppress which is deprecated and will be removed in the future.
warning | SkippedSemanticValidation | Semantic validation was skipped.
warning | PreCheck/CheckDuplicateSchemas | Checking for duplicate schemas, this could take a (long) while.  Run with --verbose for more detail.
warning | Modeler/MissingType | The schema 'ApplicationLiveViewComponent-name' has no type or format information whatsoever. Location:
   file:///home/runner/work/bicep-types-az/bicep-types-az/workflow-temp/azure-rest-api-specs/specification/appplatform/resource-manager/Microsoft.AppPlatform/preview/2023-03-01-preview/appplatform.json#/components/schemas/ApplicationLiveViewComponent-name
warning | Skipping resource POST action path '/subscriptions/{subscriptionId}/resourceGroups/{resourceGroupName}/providers/Microsoft.AppPlatform/Spring/{serviceName}/configServers/validate': Found mismatch between type segments (2) and name segments (1)
warning | Unrecognized property type: any-object. Returning 'any'.
warning | Unrecognized property type: any-object. Returning 'any'.
warning | Resource action disableTestEndpoint under path '/subscriptions/{subscriptionId}/resourceGroups/{resourceGroupName}/providers/Microsoft.AppPlatform/Spring/{serviceName}/disableTestEndpoint' has no response schema. Returning 'any'.
warning | Resource action stop under path '/subscriptions/{subscriptionId}/resourceGroups/{resourceGroupName}/providers/Microsoft.AppPlatform/Spring/{serviceName}/stop' has no response schema. Returning 'any'.
warning | Resource action start under path '/subscriptions/{subscriptionId}/resourceGroups/{resourceGroupName}/providers/Microsoft.AppPlatform/Spring/{serviceName}/start' has no response schema. Returning 'any'.
warning | Resource action start under path '/subscriptions/{subscriptionId}/resourceGroups/{resourceGroupName}/providers/Microsoft.AppPlatform/Spring/{serviceName}/apps/{appName}/deployments/{deploymentName}/start' has no response schema. Returning 'any'.
warning | Resource action stop under path '/subscriptions/{subscriptionId}/resourceGroups/{resourceGroupName}/providers/Microsoft.AppPlatform/Spring/{serviceName}/apps/{appName}/deployments/{deploymentName}/stop' has no response schema. Returning 'any'.
warning | Resource action restart under path '/subscriptions/{subscriptionId}/resourceGroups/{resourceGroupName}/providers/Microsoft.AppPlatform/Spring/{serviceName}/apps/{appName}/deployments/{deploymentName}/restart' has no response schema. Returning 'any'.
warning | Resource action generateHeapDump under path '/subscriptions/{subscriptionId}/resourceGroups/{resourceGroupName}/providers/Microsoft.AppPlatform/Spring/{serviceName}/apps/{appName}/deployments/{deploymentName}/generateHeapDump' has no response schema. Returning 'any'.
warning | Resource action generateThreadDump under path '/subscriptions/{subscriptionId}/resourceGroups/{resourceGroupName}/providers/Microsoft.AppPlatform/Spring/{serviceName}/apps/{appName}/deployments/{deploymentName}/generateThreadDump' has no response schema. Returning 'any'.
warning | Resource action startJFR under path '/subscriptions/{subscriptionId}/resourceGroups/{resourceGroupName}/providers/Microsoft.AppPlatform/Spring/{serviceName}/apps/{appName}/deployments/{deploymentName}/startJFR' has no response schema. Returning 'any'.
warning | Resource action restart under path '/subscriptions/{subscriptionId}/resourceGroups/{resourceGroupName}/providers/Microsoft.AppPlatform/Spring/{serviceName}/gateways/{gatewayName}/restart' has no response schema. Returning 'any'.
warning | Resource action disable under path '/subscriptions/{subscriptionId}/resourceGroups/{resourceGroupName}/providers/Microsoft.AppPlatform/Spring/{serviceName}/applicationAccelerators/{applicationAcceleratorName}/predefinedAccelerators/{predefinedAcceleratorName}/disable' has no response schema. Returning 'any'.
warning | Resource action enable under path '/subscriptions/{subscriptionId}/resourceGroups/{resourceGroupName}/providers/Microsoft.AppPlatform/Spring/{serviceName}/applicationAccelerators/{applicationAcceleratorName}/predefinedAccelerators/{predefinedAcceleratorName}/enable' has no response schema. Returning 'any'.
warning | DeprecatedConfig | Using directive.0.suppress which is deprecated and will be removed in the future.
warning | DeprecatedConfig | Using directive.1.suppress which is deprecated and will be removed in the future.
warning | DeprecatedConfig | Using directive.2.suppress which is deprecated and will be removed in the future.
warning | DeprecatedConfig | Using directive.3.suppress which is deprecated and will be removed in the future.
warning | DeprecatedConfig | Using directive.4.suppress which is deprecated and will be removed in the future.
warning | SkippedSemanticValidation | Semantic validation was skipped.
warning | PreCheck/CheckDuplicateSchemas | Checking for duplicate schemas, this could take a (long) while.  Run with --verbose for more detail.
warning | Modeler/MissingType | The schema 'ApplicationLiveViewComponent-name' has no type or format information whatsoever. Location:
   file:///home/runner/work/bicep-types-az/bicep-types-az/workflow-temp/azure-rest-api-specs/specification/appplatform/resource-manager/Microsoft.AppPlatform/preview/2023-01-01-preview/appplatform.json#/components/schemas/ApplicationLiveViewComponent-name
warning | Skipping resource POST action path '/subscriptions/{subscriptionId}/resourceGroups/{resourceGroupName}/providers/Microsoft.AppPlatform/Spring/{serviceName}/configServers/validate': Found mismatch between type segments (2) and name segments (1)
warning | Unrecognized property type: any-object. Returning 'any'.
warning | Unrecognized property type: any-object. Returning 'any'.
warning | Resource action disableTestEndpoint under path '/subscriptions/{subscriptionId}/resourceGroups/{resourceGroupName}/providers/Microsoft.AppPlatform/Spring/{serviceName}/disableTestEndpoint' has no response schema. Returning 'any'.
warning | Resource action stop under path '/subscriptions/{subscriptionId}/resourceGroups/{resourceGroupName}/providers/Microsoft.AppPlatform/Spring/{serviceName}/stop' has no response schema. Returning 'any'.
warning | Resource action start under path '/subscriptions/{subscriptionId}/resourceGroups/{resourceGroupName}/providers/Microsoft.AppPlatform/Spring/{serviceName}/start' has no response schema. Returning 'any'.
warning | Resource action start under path '/subscriptions/{subscriptionId}/resourceGroups/{resourceGroupName}/providers/Microsoft.AppPlatform/Spring/{serviceName}/apps/{appName}/deployments/{deploymentName}/start' has no response schema. Returning 'any'.
warning | Resource action stop under path '/subscriptions/{subscriptionId}/resourceGroups/{resourceGroupName}/providers/Microsoft.AppPlatform/Spring/{serviceName}/apps/{appName}/deployments/{deploymentName}/stop' has no response schema. Returning 'any'.
warning | Resource action restart under path '/subscriptions/{subscriptionId}/resourceGroups/{resourceGroupName}/providers/Microsoft.AppPlatform/Spring/{serviceName}/apps/{appName}/deployments/{deploymentName}/restart' has no response schema. Returning 'any'.
warning | Resource action generateHeapDump under path '/subscriptions/{subscriptionId}/resourceGroups/{resourceGroupName}/providers/Microsoft.AppPlatform/Spring/{serviceName}/apps/{appName}/deployments/{deploymentName}/generateHeapDump' has no response schema. Returning 'any'.
warning | Resource action generateThreadDump under path '/subscriptions/{subscriptionId}/resourceGroups/{resourceGroupName}/providers/Microsoft.AppPlatform/Spring/{serviceName}/apps/{appName}/deployments/{deploymentName}/generateThreadDump' has no response schema. Returning 'any'.
warning | Resource action startJFR under path '/subscriptions/{subscriptionId}/resourceGroups/{resourceGroupName}/providers/Microsoft.AppPlatform/Spring/{serviceName}/apps/{appName}/deployments/{deploymentName}/startJFR' has no response schema. Returning 'any'.
warning | Resource action disable under path '/subscriptions/{subscriptionId}/resourceGroups/{resourceGroupName}/providers/Microsoft.AppPlatform/Spring/{serviceName}/applicationAccelerators/{applicationAcceleratorName}/predefinedAccelerators/{predefinedAcceleratorName}/disable' has no response schema. Returning 'any'.
warning | Resource action enable under path '/subscriptions/{subscriptionId}/resourceGroups/{resourceGroupName}/providers/Microsoft.AppPlatform/Spring/{serviceName}/applicationAccelerators/{applicationAcceleratorName}/predefinedAccelerators/{predefinedAcceleratorName}/enable' has no response schema. Returning 'any'.
warning | DeprecatedConfig | Using directive.0.suppress which is deprecated and will be removed in the future.
warning | DeprecatedConfig | Using directive.1.suppress which is deprecated and will be removed in the future.
warning | DeprecatedConfig | Using directive.2.suppress which is deprecated and will be removed in the future.
warning | DeprecatedConfig | Using directive.3.suppress which is deprecated and will be removed in the future.
warning | DeprecatedConfig | Using directive.4.suppress which is deprecated and will be removed in the future.
warning | SkippedSemanticValidation | Semantic validation was skipped.
warning | PreCheck/CheckDuplicateSchemas | Checking for duplicate schemas, this could take a (long) while.  Run with --verbose for more detail.
warning | Skipping resource POST action path '/subscriptions/{subscriptionId}/resourceGroups/{resourceGroupName}/providers/Microsoft.AppPlatform/Spring/{serviceName}/configServers/validate': Found mismatch between type segments (2) and name segments (1)
warning | Unrecognized property type: any-object. Returning 'any'.
warning | Unrecognized property type: any-object. Returning 'any'.
warning | Resource action disableTestEndpoint under path '/subscriptions/{subscriptionId}/resourceGroups/{resourceGroupName}/providers/Microsoft.AppPlatform/Spring/{serviceName}/disableTestEndpoint' has no response schema. Returning 'any'.
warning | Resource action stop under path '/subscriptions/{subscriptionId}/resourceGroups/{resourceGroupName}/providers/Microsoft.AppPlatform/Spring/{serviceName}/stop' has no response schema. Returning 'any'.
warning | Resource action start under path '/subscriptions/{subscriptionId}/resourceGroups/{resourceGroupName}/providers/Microsoft.AppPlatform/Spring/{serviceName}/start' has no response schema. Returning 'any'.
warning | Resource action start under path '/subscriptions/{subscriptionId}/resourceGroups/{resourceGroupName}/providers/Microsoft.AppPlatform/Spring/{serviceName}/apps/{appName}/deployments/{deploymentName}/start' has no response schema. Returning 'any'.
warning | Resource action stop under path '/subscriptions/{subscriptionId}/resourceGroups/{resourceGroupName}/providers/Microsoft.AppPlatform/Spring/{serviceName}/apps/{appName}/deployments/{deploymentName}/stop' has no response schema. Returning 'any'.
warning | Resource action restart under path '/subscriptions/{subscriptionId}/resourceGroups/{resourceGroupName}/providers/Microsoft.AppPlatform/Spring/{serviceName}/apps/{appName}/deployments/{deploymentName}/restart' has no response schema. Returning 'any'.
warning | Resource action generateHeapDump under path '/subscriptions/{subscriptionId}/resourceGroups/{resourceGroupName}/providers/Microsoft.AppPlatform/Spring/{serviceName}/apps/{appName}/deployments/{deploymentName}/generateHeapDump' has no response schema. Returning 'any'.
warning | Resource action generateThreadDump under path '/subscriptions/{subscriptionId}/resourceGroups/{resourceGroupName}/providers/Microsoft.AppPlatform/Spring/{serviceName}/apps/{appName}/deployments/{deploymentName}/generateThreadDump' has no response schema. Returning 'any'.
warning | Resource action startJFR under path '/subscriptions/{subscriptionId}/resourceGroups/{resourceGroupName}/providers/Microsoft.AppPlatform/Spring/{serviceName}/apps/{appName}/deployments/{deploymentName}/startJFR' has no response schema. Returning 'any'.
warning | DeprecatedConfig | Using directive.0.suppress which is deprecated and will be removed in the future.
warning | DeprecatedConfig | Using directive.1.suppress which is deprecated and will be removed in the future.
warning | DeprecatedConfig | Using directive.2.suppress which is deprecated and will be removed in the future.
warning | DeprecatedConfig | Using directive.3.suppress which is deprecated and will be removed in the future.
warning | DeprecatedConfig | Using directive.4.suppress which is deprecated and will be removed in the future.
warning | SkippedSemanticValidation | Semantic validation was skipped.
warning | PreCheck/CheckDuplicateSchemas | Checking for duplicate schemas, this could take a (long) while.  Run with --verbose for more detail.
warning | Modeler/MissingType | The schema 'ApplicationLiveViewComponent-name' has no type or format information whatsoever. Location:
   file:///home/runner/work/bicep-types-az/bicep-types-az/workflow-temp/azure-rest-api-specs/specification/appplatform/resource-manager/Microsoft.AppPlatform/preview/2022-11-01-preview/appplatform.json#/components/schemas/ApplicationLiveViewComponent-name
warning | Skipping resource POST action path '/subscriptions/{subscriptionId}/resourceGroups/{resourceGroupName}/providers/Microsoft.AppPlatform/Spring/{serviceName}/configServers/validate': Found mismatch between type segments (2) and name segments (1)
warning | Unrecognized property type: any-object. Returning 'any'.
warning | Unrecognized property type: any-object. Returning 'any'.
warning | Unrecognized property type: any-object. Returning 'any'.
warning | Resource action disableTestEndpoint under path '/subscriptions/{subscriptionId}/resourceGroups/{resourceGroupName}/providers/Microsoft.AppPlatform/Spring/{serviceName}/disableTestEndpoint' has no response schema. Returning 'any'.
warning | Resource action stop under path '/subscriptions/{subscriptionId}/resourceGroups/{resourceGroupName}/providers/Microsoft.AppPlatform/Spring/{serviceName}/stop' has no response schema. Returning 'any'.
warning | Resource action start under path '/subscriptions/{subscriptionId}/resourceGroups/{resourceGroupName}/providers/Microsoft.AppPlatform/Spring/{serviceName}/start' has no response schema. Returning 'any'.
warning | Resource action start under path '/subscriptions/{subscriptionId}/resourceGroups/{resourceGroupName}/providers/Microsoft.AppPlatform/Spring/{serviceName}/apps/{appName}/deployments/{deploymentName}/start' has no response schema. Returning 'any'.
warning | Resource action stop under path '/subscriptions/{subscriptionId}/resourceGroups/{resourceGroupName}/providers/Microsoft.AppPlatform/Spring/{serviceName}/apps/{appName}/deployments/{deploymentName}/stop' has no response schema. Returning 'any'.
warning | Resource action restart under path '/subscriptions/{subscriptionId}/resourceGroups/{resourceGroupName}/providers/Microsoft.AppPlatform/Spring/{serviceName}/apps/{appName}/deployments/{deploymentName}/restart' has no response schema. Returning 'any'.
warning | Resource action generateHeapDump under path '/subscriptions/{subscriptionId}/resourceGroups/{resourceGroupName}/providers/Microsoft.AppPlatform/Spring/{serviceName}/apps/{appName}/deployments/{deploymentName}/generateHeapDump' has no response schema. Returning 'any'.
warning | Resource action generateThreadDump under path '/subscriptions/{subscriptionId}/resourceGroups/{resourceGroupName}/providers/Microsoft.AppPlatform/Spring/{serviceName}/apps/{appName}/deployments/{deploymentName}/generateThreadDump' has no response schema. Returning 'any'.
warning | Resource action startJFR under path '/subscriptions/{subscriptionId}/resourceGroups/{resourceGroupName}/providers/Microsoft.AppPlatform/Spring/{serviceName}/apps/{appName}/deployments/{deploymentName}/startJFR' has no response schema. Returning 'any'.
warning | Resource action disable under path '/subscriptions/{subscriptionId}/resourceGroups/{resourceGroupName}/providers/Microsoft.AppPlatform/Spring/{serviceName}/applicationAccelerators/{applicationAcceleratorName}/predefinedAccelerators/{predefinedAcceleratorName}/disable' has no response schema. Returning 'any'.
warning | Resource action enable under path '/subscriptions/{subscriptionId}/resourceGroups/{resourceGroupName}/providers/Microsoft.AppPlatform/Spring/{serviceName}/applicationAccelerators/{applicationAcceleratorName}/predefinedAccelerators/{predefinedAcceleratorName}/enable' has no response schema. Returning 'any'.
warning | DeprecatedConfig | Using directive.0.suppress which is deprecated and will be removed in the future.
warning | DeprecatedConfig | Using directive.1.suppress which is deprecated and will be removed in the future.
warning | DeprecatedConfig | Using directive.2.suppress which is deprecated and will be removed in the future.
warning | DeprecatedConfig | Using directive.3.suppress which is deprecated and will be removed in the future.
warning | DeprecatedConfig | Using directive.4.suppress which is deprecated and will be removed in the future.
warning | SkippedSemanticValidation | Semantic validation was skipped.
warning | PreCheck/CheckDuplicateSchemas | Checking for duplicate schemas, this could take a (long) while.  Run with --verbose for more detail.
warning | Skipping resource POST action path '/subscriptions/{subscriptionId}/resourceGroups/{resourceGroupName}/providers/Microsoft.AppPlatform/Spring/{serviceName}/configServers/validate': Found mismatch between type segments (2) and name segments (1)
warning | Unrecognized property type: any-object. Returning 'any'.
warning | Unrecognized property type: any-object. Returning 'any'.
warning | Unrecognized property type: any-object. Returning 'any'.
warning | Resource action disableTestEndpoint under path '/subscriptions/{subscriptionId}/resourceGroups/{resourceGroupName}/providers/Microsoft.AppPlatform/Spring/{serviceName}/disableTestEndpoint' has no response schema. Returning 'any'.
warning | Resource action stop under path '/subscriptions/{subscriptionId}/resourceGroups/{resourceGroupName}/providers/Microsoft.AppPlatform/Spring/{serviceName}/stop' has no response schema. Returning 'any'.
warning | Resource action start under path '/subscriptions/{subscriptionId}/resourceGroups/{resourceGroupName}/providers/Microsoft.AppPlatform/Spring/{serviceName}/start' has no response schema. Returning 'any'.
warning | Resource action start under path '/subscriptions/{subscriptionId}/resourceGroups/{resourceGroupName}/providers/Microsoft.AppPlatform/Spring/{serviceName}/apps/{appName}/deployments/{deploymentName}/start' has no response schema. Returning 'any'.
warning | Resource action stop under path '/subscriptions/{subscriptionId}/resourceGroups/{resourceGroupName}/providers/Microsoft.AppPlatform/Spring/{serviceName}/apps/{appName}/deployments/{deploymentName}/stop' has no response schema. Returning 'any'.
warning | Resource action restart under path '/subscriptions/{subscriptionId}/resourceGroups/{resourceGroupName}/providers/Microsoft.AppPlatform/Spring/{serviceName}/apps/{appName}/deployments/{deploymentName}/restart' has no response schema. Returning 'any'.
warning | Resource action generateHeapDump under path '/subscriptions/{subscriptionId}/resourceGroups/{resourceGroupName}/providers/Microsoft.AppPlatform/Spring/{serviceName}/apps/{appName}/deployments/{deploymentName}/generateHeapDump' has no response schema. Returning 'any'.
warning | Resource action generateThreadDump under path '/subscriptions/{subscriptionId}/resourceGroups/{resourceGroupName}/providers/Microsoft.AppPlatform/Spring/{serviceName}/apps/{appName}/deployments/{deploymentName}/generateThreadDump' has no response schema. Returning 'any'.
warning | Resource action startJFR under path '/subscriptions/{subscriptionId}/resourceGroups/{resourceGroupName}/providers/Microsoft.AppPlatform/Spring/{serviceName}/apps/{appName}/deployments/{deploymentName}/startJFR' has no response schema. Returning 'any'.
warning | DeprecatedConfig | Using directive.0.suppress which is deprecated and will be removed in the future.
warning | DeprecatedConfig | Using directive.1.suppress which is deprecated and will be removed in the future.
warning | DeprecatedConfig | Using directive.2.suppress which is deprecated and will be removed in the future.
warning | DeprecatedConfig | Using directive.3.suppress which is deprecated and will be removed in the future.
warning | DeprecatedConfig | Using directive.4.suppress which is deprecated and will be removed in the future.
warning | SkippedSemanticValidation | Semantic validation was skipped.
warning | PreCheck/CheckDuplicateSchemas | Checking for duplicate schemas, this could take a (long) while.  Run with --verbose for more detail.
warning | Skipping resource POST action path '/subscriptions/{subscriptionId}/resourceGroups/{resourceGroupName}/providers/Microsoft.AppPlatform/Spring/{serviceName}/configServers/validate': Found mismatch between type segments (2) and name segments (1)
warning | Unrecognized property type: any-object. Returning 'any'.
warning | Unrecognized property type: any-object. Returning 'any'.
warning | Unrecognized property type: any-object. Returning 'any'.
warning | Resource action disableTestEndpoint under path '/subscriptions/{subscriptionId}/resourceGroups/{resourceGroupName}/providers/Microsoft.AppPlatform/Spring/{serviceName}/disableTestEndpoint' has no response schema. Returning 'any'.
warning | Resource action stop under path '/subscriptions/{subscriptionId}/resourceGroups/{resourceGroupName}/providers/Microsoft.AppPlatform/Spring/{serviceName}/stop' has no response schema. Returning 'any'.
warning | Resource action start under path '/subscriptions/{subscriptionId}/resourceGroups/{resourceGroupName}/providers/Microsoft.AppPlatform/Spring/{serviceName}/start' has no response schema. Returning 'any'.
warning | Resource action start under path '/subscriptions/{subscriptionId}/resourceGroups/{resourceGroupName}/providers/Microsoft.AppPlatform/Spring/{serviceName}/apps/{appName}/deployments/{deploymentName}/start' has no response schema. Returning 'any'.
warning | Resource action stop under path '/subscriptions/{subscriptionId}/resourceGroups/{resourceGroupName}/providers/Microsoft.AppPlatform/Spring/{serviceName}/apps/{appName}/deployments/{deploymentName}/stop' has no response schema. Returning 'any'.
warning | Resource action restart under path '/subscriptions/{subscriptionId}/resourceGroups/{resourceGroupName}/providers/Microsoft.AppPlatform/Spring/{serviceName}/apps/{appName}/deployments/{deploymentName}/restart' has no response schema. Returning 'any'.
warning | Resource action generateHeapDump under path '/subscriptions/{subscriptionId}/resourceGroups/{resourceGroupName}/providers/Microsoft.AppPlatform/Spring/{serviceName}/apps/{appName}/deployments/{deploymentName}/generateHeapDump' has no response schema. Returning 'any'.
warning | Resource action generateThreadDump under path '/subscriptions/{subscriptionId}/resourceGroups/{resourceGroupName}/providers/Microsoft.AppPlatform/Spring/{serviceName}/apps/{appName}/deployments/{deploymentName}/generateThreadDump' has no response schema. Returning 'any'.
warning | Resource action startJFR under path '/subscriptions/{subscriptionId}/resourceGroups/{resourceGroupName}/providers/Microsoft.AppPlatform/Spring/{serviceName}/apps/{appName}/deployments/{deploymentName}/startJFR' has no response schema. Returning 'any'.
warning | DeprecatedConfig | Using directive.0.suppress which is deprecated and will be removed in the future.
warning | DeprecatedConfig | Using directive.1.suppress which is deprecated and will be removed in the future.
warning | DeprecatedConfig | Using directive.2.suppress which is deprecated and will be removed in the future.
warning | DeprecatedConfig | Using directive.3.suppress which is deprecated and will be removed in the future.
warning | DeprecatedConfig | Using directive.4.suppress which is deprecated and will be removed in the future.
warning | SkippedSemanticValidation | Semantic validation was skipped.
warning | PreCheck/CheckDuplicateSchemas | Checking for duplicate schemas, this could take a (long) while.  Run with --verbose for more detail.
warning | Skipping resource POST action path '/subscriptions/{subscriptionId}/resourceGroups/{resourceGroupName}/providers/Microsoft.AppPlatform/Spring/{serviceName}/configServers/validate': Found mismatch between type segments (2) and name segments (1)
warning | Unrecognized property type: any-object. Returning 'any'.
warning | Unrecognized property type: any-object. Returning 'any'.
warning | Unrecognized property type: any-object. Returning 'any'.
warning | Resource action disableTestEndpoint under path '/subscriptions/{subscriptionId}/resourceGroups/{resourceGroupName}/providers/Microsoft.AppPlatform/Spring/{serviceName}/disableTestEndpoint' has no response schema. Returning 'any'.
warning | Resource action start under path '/subscriptions/{subscriptionId}/resourceGroups/{resourceGroupName}/providers/Microsoft.AppPlatform/Spring/{serviceName}/apps/{appName}/deployments/{deploymentName}/start' has no response schema. Returning 'any'.
warning | Resource action stop under path '/subscriptions/{subscriptionId}/resourceGroups/{resourceGroupName}/providers/Microsoft.AppPlatform/Spring/{serviceName}/apps/{appName}/deployments/{deploymentName}/stop' has no response schema. Returning 'any'.
warning | Resource action restart under path '/subscriptions/{subscriptionId}/resourceGroups/{resourceGroupName}/providers/Microsoft.AppPlatform/Spring/{serviceName}/apps/{appName}/deployments/{deploymentName}/restart' has no response schema. Returning 'any'.
warning | Resource action generateHeapDump under path '/subscriptions/{subscriptionId}/resourceGroups/{resourceGroupName}/providers/Microsoft.AppPlatform/Spring/{serviceName}/apps/{appName}/deployments/{deploymentName}/generateHeapDump' has no response schema. Returning 'any'.
warning | Resource action generateThreadDump under path '/subscriptions/{subscriptionId}/resourceGroups/{resourceGroupName}/providers/Microsoft.AppPlatform/Spring/{serviceName}/apps/{appName}/deployments/{deploymentName}/generateThreadDump' has no response schema. Returning 'any'.
warning | Resource action startJFR under path '/subscriptions/{subscriptionId}/resourceGroups/{resourceGroupName}/providers/Microsoft.AppPlatform/Spring/{serviceName}/apps/{appName}/deployments/{deploymentName}/startJFR' has no response schema. Returning 'any'.
warning | DeprecatedConfig | Using directive.0.suppress which is deprecated and will be removed in the future.
warning | DeprecatedConfig | Using directive.1.suppress which is deprecated and will be removed in the future.
warning | DeprecatedConfig | Using directive.2.suppress which is deprecated and will be removed in the future.
warning | DeprecatedConfig | Using directive.3.suppress which is deprecated and will be removed in the future.
warning | DeprecatedConfig | Using directive.4.suppress which is deprecated and will be removed in the future.
warning | SkippedSemanticValidation | Semantic validation was skipped.
warning | PreCheck/CheckDuplicateSchemas | Checking for duplicate schemas, this could take a (long) while.  Run with --verbose for more detail.
warning | Skipping resource POST action path '/subscriptions/{subscriptionId}/resourceGroups/{resourceGroupName}/providers/Microsoft.AppPlatform/Spring/{serviceName}/configServers/validate': Found mismatch between type segments (2) and name segments (1)
warning | Unrecognized property type: any-object. Returning 'any'.
warning | Unrecognized property type: any-object. Returning 'any'.
warning | Unrecognized property type: any-object. Returning 'any'.
warning | Resource action disableTestEndpoint under path '/subscriptions/{subscriptionId}/resourceGroups/{resourceGroupName}/providers/Microsoft.AppPlatform/Spring/{serviceName}/disableTestEndpoint' has no response schema. Returning 'any'.
warning | Resource action stop under path '/subscriptions/{subscriptionId}/resourceGroups/{resourceGroupName}/providers/Microsoft.AppPlatform/Spring/{serviceName}/stop' has no response schema. Returning 'any'.
warning | Resource action start under path '/subscriptions/{subscriptionId}/resourceGroups/{resourceGroupName}/providers/Microsoft.AppPlatform/Spring/{serviceName}/start' has no response schema. Returning 'any'.
warning | Resource action start under path '/subscriptions/{subscriptionId}/resourceGroups/{resourceGroupName}/providers/Microsoft.AppPlatform/Spring/{serviceName}/apps/{appName}/deployments/{deploymentName}/start' has no response schema. Returning 'any'.
warning | Resource action stop under path '/subscriptions/{subscriptionId}/resourceGroups/{resourceGroupName}/providers/Microsoft.AppPlatform/Spring/{serviceName}/apps/{appName}/deployments/{deploymentName}/stop' has no response schema. Returning 'any'.
warning | Resource action restart under path '/subscriptions/{subscriptionId}/resourceGroups/{resourceGroupName}/providers/Microsoft.AppPlatform/Spring/{serviceName}/apps/{appName}/deployments/{deploymentName}/restart' has no response schema. Returning 'any'.
warning | Resource action generateHeapDump under path '/subscriptions/{subscriptionId}/resourceGroups/{resourceGroupName}/providers/Microsoft.AppPlatform/Spring/{serviceName}/apps/{appName}/deployments/{deploymentName}/generateHeapDump' has no response schema. Returning 'any'.
warning | Resource action generateThreadDump under path '/subscriptions/{subscriptionId}/resourceGroups/{resourceGroupName}/providers/Microsoft.AppPlatform/Spring/{serviceName}/apps/{appName}/deployments/{deploymentName}/generateThreadDump' has no response schema. Returning 'any'.
warning | Resource action startJFR under path '/subscriptions/{subscriptionId}/resourceGroups/{resourceGroupName}/providers/Microsoft.AppPlatform/Spring/{serviceName}/apps/{appName}/deployments/{deploymentName}/startJFR' has no response schema. Returning 'any'.
warning | DeprecatedConfig | Using directive.0.suppress which is deprecated and will be removed in the future.
warning | DeprecatedConfig | Using directive.1.suppress which is deprecated and will be removed in the future.
warning | DeprecatedConfig | Using directive.2.suppress which is deprecated and will be removed in the future.
warning | DeprecatedConfig | Using directive.3.suppress which is deprecated and will be removed in the future.
warning | DeprecatedConfig | Using directive.4.suppress which is deprecated and will be removed in the future.
warning | SkippedSemanticValidation | Semantic validation was skipped.
warning | PreCheck/CheckDuplicateSchemas | Checking for duplicate schemas, this could take a (long) while.  Run with --verbose for more detail.
warning | Skipping resource POST action path '/subscriptions/{subscriptionId}/resourceGroups/{resourceGroupName}/providers/Microsoft.AppPlatform/Spring/{serviceName}/configServers/validate': Found mismatch between type segments (2) and name segments (1)
warning | Unrecognized property type: any-object. Returning 'any'.
warning | Unrecognized property type: any-object. Returning 'any'.
warning | Unrecognized property type: any-object. Returning 'any'.
warning | Resource action disableTestEndpoint under path '/subscriptions/{subscriptionId}/resourceGroups/{resourceGroupName}/providers/Microsoft.AppPlatform/Spring/{serviceName}/disableTestEndpoint' has no response schema. Returning 'any'.
warning | Resource action stop under path '/subscriptions/{subscriptionId}/resourceGroups/{resourceGroupName}/providers/Microsoft.AppPlatform/Spring/{serviceName}/stop' has no response schema. Returning 'any'.
warning | Resource action start under path '/subscriptions/{subscriptionId}/resourceGroups/{resourceGroupName}/providers/Microsoft.AppPlatform/Spring/{serviceName}/start' has no response schema. Returning 'any'.
warning | Resource action start under path '/subscriptions/{subscriptionId}/resourceGroups/{resourceGroupName}/providers/Microsoft.AppPlatform/Spring/{serviceName}/apps/{appName}/deployments/{deploymentName}/start' has no response schema. Returning 'any'.
warning | Resource action stop under path '/subscriptions/{subscriptionId}/resourceGroups/{resourceGroupName}/providers/Microsoft.AppPlatform/Spring/{serviceName}/apps/{appName}/deployments/{deploymentName}/stop' has no response schema. Returning 'any'.
warning | Resource action restart under path '/subscriptions/{subscriptionId}/resourceGroups/{resourceGroupName}/providers/Microsoft.AppPlatform/Spring/{serviceName}/apps/{appName}/deployments/{deploymentName}/restart' has no response schema. Returning 'any'.
warning | Resource action generateHeapDump under path '/subscriptions/{subscriptionId}/resourceGroups/{resourceGroupName}/providers/Microsoft.AppPlatform/Spring/{serviceName}/apps/{appName}/deployments/{deploymentName}/generateHeapDump' has no response schema. Returning 'any'.
warning | Resource action generateThreadDump under path '/subscriptions/{subscriptionId}/resourceGroups/{resourceGroupName}/providers/Microsoft.AppPlatform/Spring/{serviceName}/apps/{appName}/deployments/{deploymentName}/generateThreadDump' has no response schema. Returning 'any'.
warning | Resource action startJFR under path '/subscriptions/{subscriptionId}/resourceGroups/{resourceGroupName}/providers/Microsoft.AppPlatform/Spring/{serviceName}/apps/{appName}/deployments/{deploymentName}/startJFR' has no response schema. Returning 'any'.
warning | DeprecatedConfig | Using directive.0.suppress which is deprecated and will be removed in the future.
warning | DeprecatedConfig | Using directive.1.suppress which is deprecated and will be removed in the future.
warning | DeprecatedConfig | Using directive.2.suppress which is deprecated and will be removed in the future.
warning | DeprecatedConfig | Using directive.3.suppress which is deprecated and will be removed in the future.
warning | DeprecatedConfig | Using directive.4.suppress which is deprecated and will be removed in the future.
warning | SkippedSemanticValidation | Semantic validation was skipped.
warning | PreCheck/SchemaMissingType | The schema 'CloudError' with an undefined type and declared properties is a bit ambiguous. This has been auto-corrected to 'type:object'
    - file:///home/runner/work/bicep-types-az/bicep-types-az/workflow-temp/azure-rest-api-specs/specification/appplatform/resource-manager/Microsoft.AppPlatform/preview/2021-09-01-preview/appplatform.json:5385:5
warning | PreCheck/SchemaMissingType | The schema 'CloudErrorBody' with an undefined type and declared properties is a bit ambiguous. This has been auto-corrected to 'type:object'
    - file:///home/runner/work/bicep-types-az/bicep-types-az/workflow-temp/azure-rest-api-specs/specification/appplatform/resource-manager/Microsoft.AppPlatform/preview/2021-09-01-preview/appplatform.json:5395:5
warning | PreCheck/CheckDuplicateSchemas | Checking for duplicate schemas, this could take a (long) while.  Run with --verbose for more detail.
warning | Skipping resource POST action path '/subscriptions/{subscriptionId}/resourceGroups/{resourceGroupName}/providers/Microsoft.AppPlatform/Spring/{serviceName}/configServers/validate': Found mismatch between type segments (2) and name segments (1)
warning | Unrecognized property type: any-object. Returning 'any'.
warning | Resource action disableTestEndpoint under path '/subscriptions/{subscriptionId}/resourceGroups/{resourceGroupName}/providers/Microsoft.AppPlatform/Spring/{serviceName}/disableTestEndpoint' has no response schema. Returning 'any'.
warning | Resource action stop under path '/subscriptions/{subscriptionId}/resourceGroups/{resourceGroupName}/providers/Microsoft.AppPlatform/Spring/{serviceName}/stop' has no response schema. Returning 'any'.
warning | Resource action start under path '/subscriptions/{subscriptionId}/resourceGroups/{resourceGroupName}/providers/Microsoft.AppPlatform/Spring/{serviceName}/start' has no response schema. Returning 'any'.
warning | Resource action start under path '/subscriptions/{subscriptionId}/resourceGroups/{resourceGroupName}/providers/Microsoft.AppPlatform/Spring/{serviceName}/apps/{appName}/deployments/{deploymentName}/start' has no response schema. Returning 'any'.
warning | Resource action stop under path '/subscriptions/{subscriptionId}/resourceGroups/{resourceGroupName}/providers/Microsoft.AppPlatform/Spring/{serviceName}/apps/{appName}/deployments/{deploymentName}/stop' has no response schema. Returning 'any'.
warning | Resource action restart under path '/subscriptions/{subscriptionId}/resourceGroups/{resourceGroupName}/providers/Microsoft.AppPlatform/Spring/{serviceName}/apps/{appName}/deployments/{deploymentName}/restart' has no response schema. Returning 'any'.
warning | Resource action generateHeapDump under path '/subscriptions/{subscriptionId}/resourceGroups/{resourceGroupName}/providers/Microsoft.AppPlatform/Spring/{serviceName}/apps/{appName}/deployments/{deploymentName}/generateHeapDump' has no response schema. Returning 'any'.
warning | Resource action generateThreadDump under path '/subscriptions/{subscriptionId}/resourceGroups/{resourceGroupName}/providers/Microsoft.AppPlatform/Spring/{serviceName}/apps/{appName}/deployments/{deploymentName}/generateThreadDump' has no response schema. Returning 'any'.
warning | Resource action StartJFR under path '/subscriptions/{subscriptionId}/resourceGroups/{resourceGroupName}/providers/Microsoft.AppPlatform/Spring/{serviceName}/apps/{appName}/deployments/{deploymentName}/StartJFR' has no response schema. Returning 'any'.
warning | DeprecatedConfig | Using directive.0.suppress which is deprecated and will be removed in the future.
warning | DeprecatedConfig | Using directive.1.suppress which is deprecated and will be removed in the future.
warning | DeprecatedConfig | Using directive.2.suppress which is deprecated and will be removed in the future.
warning | DeprecatedConfig | Using directive.3.suppress which is deprecated and will be removed in the future.
warning | DeprecatedConfig | Using directive.4.suppress which is deprecated and will be removed in the future.
warning | SkippedSemanticValidation | Semantic validation was skipped.
warning | PreCheck/SchemaMissingType | The schema 'CloudError' with an undefined type and declared properties is a bit ambiguous. This has been auto-corrected to 'type:object'
    - file:///home/runner/work/bicep-types-az/bicep-types-az/workflow-temp/azure-rest-api-specs/specification/appplatform/resource-manager/Microsoft.AppPlatform/preview/2021-06-01-preview/appplatform.json:4590:5
warning | PreCheck/SchemaMissingType | The schema 'CloudErrorBody' with an undefined type and declared properties is a bit ambiguous. This has been auto-corrected to 'type:object'
    - file:///home/runner/work/bicep-types-az/bicep-types-az/workflow-temp/azure-rest-api-specs/specification/appplatform/resource-manager/Microsoft.AppPlatform/preview/2021-06-01-preview/appplatform.json:4600:5
warning | PreCheck/CheckDuplicateSchemas | Checking for duplicate schemas, this could take a (long) while.  Run with --verbose for more detail.
warning | Skipping resource POST action path '/subscriptions/{subscriptionId}/resourceGroups/{resourceGroupName}/providers/Microsoft.AppPlatform/Spring/{serviceName}/configServers/validate': Found mismatch between type segments (2) and name segments (1)
warning | Unrecognized property type: any-object. Returning 'any'.
warning | Resource action disableTestEndpoint under path '/subscriptions/{subscriptionId}/resourceGroups/{resourceGroupName}/providers/Microsoft.AppPlatform/Spring/{serviceName}/disableTestEndpoint' has no response schema. Returning 'any'.
warning | Resource action start under path '/subscriptions/{subscriptionId}/resourceGroups/{resourceGroupName}/providers/Microsoft.AppPlatform/Spring/{serviceName}/apps/{appName}/deployments/{deploymentName}/start' has no response schema. Returning 'any'.
warning | Resource action stop under path '/subscriptions/{subscriptionId}/resourceGroups/{resourceGroupName}/providers/Microsoft.AppPlatform/Spring/{serviceName}/apps/{appName}/deployments/{deploymentName}/stop' has no response schema. Returning 'any'.
warning | Resource action restart under path '/subscriptions/{subscriptionId}/resourceGroups/{resourceGroupName}/providers/Microsoft.AppPlatform/Spring/{serviceName}/apps/{appName}/deployments/{deploymentName}/restart' has no response schema. Returning 'any'.
warning | DeprecatedConfig | Using directive.0.suppress which is deprecated and will be removed in the future.
warning | DeprecatedConfig | Using directive.1.suppress which is deprecated and will be removed in the future.
warning | DeprecatedConfig | Using directive.2.suppress which is deprecated and will be removed in the future.
warning | DeprecatedConfig | Using directive.3.suppress which is deprecated and will be removed in the future.
warning | DeprecatedConfig | Using directive.4.suppress which is deprecated and will be removed in the future.
warning | SkippedSemanticValidation | Semantic validation was skipped.
warning | PreCheck/SchemaMissingType | The schema 'CloudError' with an undefined type and declared properties is a bit ambiguous. This has been auto-corrected to 'type:object'
    - file:///home/runner/work/bicep-types-az/bicep-types-az/workflow-temp/azure-rest-api-specs/specification/appplatform/resource-manager/Microsoft.AppPlatform/preview/2020-11-01-preview/appplatform.json:4510:5
warning | PreCheck/SchemaMissingType | The schema 'CloudErrorBody' with an undefined type and declared properties is a bit ambiguous. This has been auto-corrected to 'type:object'
    - file:///home/runner/work/bicep-types-az/bicep-types-az/workflow-temp/azure-rest-api-specs/specification/appplatform/resource-manager/Microsoft.AppPlatform/preview/2020-11-01-preview/appplatform.json:4520:5
warning | PreCheck/CheckDuplicateSchemas | Checking for duplicate schemas, this could take a (long) while.  Run with --verbose for more detail.
warning | Skipping resource POST action path '/subscriptions/{subscriptionId}/resourceGroups/{resourceGroupName}/providers/Microsoft.AppPlatform/Spring/{serviceName}/configServers/validate': Found mismatch between type segments (2) and name segments (1)
warning | Unrecognized property type: any-object. Returning 'any'.
warning | Resource action disableTestEndpoint under path '/subscriptions/{subscriptionId}/resourceGroups/{resourceGroupName}/providers/Microsoft.AppPlatform/Spring/{serviceName}/disableTestEndpoint' has no response schema. Returning 'any'.
warning | Resource action start under path '/subscriptions/{subscriptionId}/resourceGroups/{resourceGroupName}/providers/Microsoft.AppPlatform/Spring/{serviceName}/apps/{appName}/deployments/{deploymentName}/start' has no response schema. Returning 'any'.
warning | Resource action stop under path '/subscriptions/{subscriptionId}/resourceGroups/{resourceGroupName}/providers/Microsoft.AppPlatform/Spring/{serviceName}/apps/{appName}/deployments/{deploymentName}/stop' has no response schema. Returning 'any'.
warning | Resource action restart under path '/subscriptions/{subscriptionId}/resourceGroups/{resourceGroupName}/providers/Microsoft.AppPlatform/Spring/{serviceName}/apps/{appName}/deployments/{deploymentName}/restart' has no response schema. Returning 'any'.
warning | DeprecatedConfig | Using directive.0.suppress which is deprecated and will be removed in the future.
warning | DeprecatedConfig | Using directive.1.suppress which is deprecated and will be removed in the future.
warning | DeprecatedConfig | Using directive.2.suppress which is deprecated and will be removed in the future.
warning | DeprecatedConfig | Using directive.3.suppress which is deprecated and will be removed in the future.
warning | DeprecatedConfig | Using directive.4.suppress which is deprecated and will be removed in the future.
warning | SkippedSemanticValidation | Semantic validation was skipped.
warning | PreCheck/SchemaMissingType | The schema 'CloudError' with an undefined type and declared properties is a bit ambiguous. This has been auto-corrected to 'type:object'
    - file:///home/runner/work/bicep-types-az/bicep-types-az/workflow-temp/azure-rest-api-specs/specification/appplatform/resource-manager/Microsoft.AppPlatform/stable/2020-07-01/appplatform.json:4519:5
warning | PreCheck/SchemaMissingType | The schema 'CloudErrorBody' with an undefined type and declared properties is a bit ambiguous. This has been auto-corrected to 'type:object'
    - file:///home/runner/work/bicep-types-az/bicep-types-az/workflow-temp/azure-rest-api-specs/specification/appplatform/resource-manager/Microsoft.AppPlatform/stable/2020-07-01/appplatform.json:4529:5
warning | PreCheck/CheckDuplicateSchemas | Checking for duplicate schemas, this could take a (long) while.  Run with --verbose for more detail.
warning | Skipping resource POST action path '/subscriptions/{subscriptionId}/resourceGroups/{resourceGroupName}/providers/Microsoft.AppPlatform/Spring/{serviceName}/configServers/validate': Found mismatch between type segments (2) and name segments (1)
warning | Unrecognized property type: any-object. Returning 'any'.
warning | Resource action disableTestEndpoint under path '/subscriptions/{subscriptionId}/resourceGroups/{resourceGroupName}/providers/Microsoft.AppPlatform/Spring/{serviceName}/disableTestEndpoint' has no response schema. Returning 'any'.
warning | Resource action start under path '/subscriptions/{subscriptionId}/resourceGroups/{resourceGroupName}/providers/Microsoft.AppPlatform/Spring/{serviceName}/apps/{appName}/deployments/{deploymentName}/start' has no response schema. Returning 'any'.
warning | Resource action stop under path '/subscriptions/{subscriptionId}/resourceGroups/{resourceGroupName}/providers/Microsoft.AppPlatform/Spring/{serviceName}/apps/{appName}/deployments/{deploymentName}/stop' has no response schema. Returning 'any'.
warning | Resource action restart under path '/subscriptions/{subscriptionId}/resourceGroups/{resourceGroupName}/providers/Microsoft.AppPlatform/Spring/{serviceName}/apps/{appName}/deployments/{deploymentName}/restart' has no response schema. Returning 'any'.
