Generating types for 'specification/purestorage/resource-manager/PureStorage.Block/PureStorageBlock/readme.md'
AutoRest code generation utility [cli version: 3.8.0; node: v22.23.2]
(C) 2018 Microsoft Corporation.
https://aka.ms/autorest
⚠️ AutoRest is deprecated and will be retired on July 1, 2026. Please migrate to TypeSpec: https://typespec.io — details: https://github.com/Azure/autorest/issues/5175
warning | SkippedSemanticValidation | Semantic validation was skipped.
warning | PreCheck/CheckDuplicateSchemas | Checking for duplicate schemas, this could take a (long) while.  Run with --verbose for more detail.
warning | Skipping resource POST action path '/subscriptions/{subscriptionId}/providers/PureStorage.Block/activateSaaS': Unable to find type segments
warning | Resource action disableAvsConnection under path '/subscriptions/{subscriptionId}/resourceGroups/{resourceGroupName}/providers/PureStorage.Block/storagePools/{storagePoolName}/disableAvsConnection' has no response schema. Returning 'any'.
warning | Resource action enableAvsConnection under path '/subscriptions/{subscriptionId}/resourceGroups/{resourceGroupName}/providers/PureStorage.Block/storagePools/{storagePoolName}/enableAvsConnection' has no response schema. Returning 'any'.
warning | Resource action finalizeAvsConnection under path '/subscriptions/{subscriptionId}/resourceGroups/{resourceGroupName}/providers/PureStorage.Block/storagePools/{storagePoolName}/finalizeAvsConnection' has no response schema. Returning 'any'.
warning | Resource action repairAvsConnection under path '/subscriptions/{subscriptionId}/resourceGroups/{resourceGroupName}/providers/PureStorage.Block/storagePools/{storagePoolName}/repairAvsConnection' has no response schema. Returning 'any'.
warning | Resource action overwrite under path '/subscriptions/{subscriptionId}/resourceGroups/{resourceGroupName}/providers/PureStorage.Block/storagePools/{storagePoolName}/volumeGroups/{volumeGroupName}/overwrite' has no response schema. Returning 'any'.
warning | Resource action overwrite under path '/subscriptions/{subscriptionId}/resourceGroups/{resourceGroupName}/providers/PureStorage.Block/storagePools/{storagePoolName}/volumeGroups/{volumeGroupName}/volumes/{volumeName}/overwrite' has no response schema. Returning 'any'.
warning | SkippedSemanticValidation | Semantic validation was skipped.
warning | PreCheck/CheckDuplicateSchemas | Checking for duplicate schemas, this could take a (long) while.  Run with --verbose for more detail.
warning | Skipping resource POST action path '/subscriptions/{subscriptionId}/providers/PureStorage.Block/activateSaaS': Unable to find type segments
warning | Resource action disableAvsConnection under path '/subscriptions/{subscriptionId}/resourceGroups/{resourceGroupName}/providers/PureStorage.Block/storagePools/{storagePoolName}/disableAvsConnection' has no response schema. Returning 'any'.
warning | Resource action enableAvsConnection under path '/subscriptions/{subscriptionId}/resourceGroups/{resourceGroupName}/providers/PureStorage.Block/storagePools/{storagePoolName}/enableAvsConnection' has no response schema. Returning 'any'.
warning | Resource action finalizeAvsConnection under path '/subscriptions/{subscriptionId}/resourceGroups/{resourceGroupName}/providers/PureStorage.Block/storagePools/{storagePoolName}/finalizeAvsConnection' has no response schema. Returning 'any'.
warning | Resource action repairAvsConnection under path '/subscriptions/{subscriptionId}/resourceGroups/{resourceGroupName}/providers/PureStorage.Block/storagePools/{storagePoolName}/repairAvsConnection' has no response schema. Returning 'any'.
warning | SkippedSemanticValidation | Semantic validation was skipped.
warning | PreCheck/CheckDuplicateSchemas | Checking for duplicate schemas, this could take a (long) while.  Run with --verbose for more detail.
warning | Resource action disableAvsConnection under path '/subscriptions/{subscriptionId}/resourceGroups/{resourceGroupName}/providers/PureStorage.Block/storagePools/{storagePoolName}/disableAvsConnection' has no response schema. Returning 'any'.
warning | Resource action enableAvsConnection under path '/subscriptions/{subscriptionId}/resourceGroups/{resourceGroupName}/providers/PureStorage.Block/storagePools/{storagePoolName}/enableAvsConnection' has no response schema. Returning 'any'.
warning | Resource action finalizeAvsConnection under path '/subscriptions/{subscriptionId}/resourceGroups/{resourceGroupName}/providers/PureStorage.Block/storagePools/{storagePoolName}/finalizeAvsConnection' has no response schema. Returning 'any'.
warning | Resource action repairAvsConnection under path '/subscriptions/{subscriptionId}/resourceGroups/{resourceGroupName}/providers/PureStorage.Block/storagePools/{storagePoolName}/repairAvsConnection' has no response schema. Returning 'any'.
warning | SkippedSemanticValidation | Semantic validation was skipped.
warning | PreCheck/CheckDuplicateSchemas | Checking for duplicate schemas, this could take a (long) while.  Run with --verbose for more detail.
warning | Resource action disableAvsConnection under path '/subscriptions/{subscriptionId}/resourceGroups/{resourceGroupName}/providers/PureStorage.Block/storagePools/{storagePoolName}/disableAvsConnection' has no response schema. Returning 'any'.
warning | Resource action enableAvsConnection under path '/subscriptions/{subscriptionId}/resourceGroups/{resourceGroupName}/providers/PureStorage.Block/storagePools/{storagePoolName}/enableAvsConnection' has no response schema. Returning 'any'.
warning | Resource action finalizeAvsConnection under path '/subscriptions/{subscriptionId}/resourceGroups/{resourceGroupName}/providers/PureStorage.Block/storagePools/{storagePoolName}/finalizeAvsConnection' has no response schema. Returning 'any'.
warning | Resource action repairAvsConnection under path '/subscriptions/{subscriptionId}/resourceGroups/{resourceGroupName}/providers/PureStorage.Block/storagePools/{storagePoolName}/repairAvsConnection' has no response schema. Returning 'any'.
warning | SkippedSemanticValidation | Semantic validation was skipped.
warning | PreCheck/CheckDuplicateSchemas | Checking for duplicate schemas, this could take a (long) while.  Run with --verbose for more detail.
warning | Resource action disableAvsConnection under path '/subscriptions/{subscriptionId}/resourceGroups/{resourceGroupName}/providers/PureStorage.Block/storagePools/{storagePoolName}/disableAvsConnection' has no response schema. Returning 'any'.
warning | Resource action enableAvsConnection under path '/subscriptions/{subscriptionId}/resourceGroups/{resourceGroupName}/providers/PureStorage.Block/storagePools/{storagePoolName}/enableAvsConnection' has no response schema. Returning 'any'.
warning | Resource action finalizeAvsConnection under path '/subscriptions/{subscriptionId}/resourceGroups/{resourceGroupName}/providers/PureStorage.Block/storagePools/{storagePoolName}/finalizeAvsConnection' has no response schema. Returning 'any'.
warning | Resource action repairAvsConnection under path '/subscriptions/{subscriptionId}/resourceGroups/{resourceGroupName}/providers/PureStorage.Block/storagePools/{storagePoolName}/repairAvsConnection' has no response schema. Returning 'any'.
warning | SkippedSemanticValidation | Semantic validation was skipped.
warning | PreCheck/CheckDuplicateSchemas | Checking for duplicate schemas, this could take a (long) while.  Run with --verbose for more detail.
warning | Resource action disableAvsConnection under path '/subscriptions/{subscriptionId}/resourceGroups/{resourceGroupName}/providers/PureStorage.Block/storagePools/{storagePoolName}/disableAvsConnection' has no response schema. Returning 'any'.
warning | Resource action enableAvsConnection under path '/subscriptions/{subscriptionId}/resourceGroups/{resourceGroupName}/providers/PureStorage.Block/storagePools/{storagePoolName}/enableAvsConnection' has no response schema. Returning 'any'.
warning | Resource action finalizeAvsConnection under path '/subscriptions/{subscriptionId}/resourceGroups/{resourceGroupName}/providers/PureStorage.Block/storagePools/{storagePoolName}/finalizeAvsConnection' has no response schema. Returning 'any'.
warning | Resource action repairAvsConnection under path '/subscriptions/{subscriptionId}/resourceGroups/{resourceGroupName}/providers/PureStorage.Block/storagePools/{storagePoolName}/repairAvsConnection' has no response schema. Returning 'any'.
