Generating types for 'specification/scvmm/resource-manager/Microsoft.ScVmm/ScVmm/readme.md'
AutoRest code generation utility [cli version: 3.8.0; node: v22.23.2]
(C) 2018 Microsoft Corporation.
https://aka.ms/autorest
⚠️ AutoRest is deprecated and will be retired on July 1, 2026. Please migrate to TypeSpec: https://typespec.io — details: https://github.com/Azure/autorest/issues/5175
warning | SkippedSemanticValidation | Semantic validation was skipped.
warning | PreCheck/CheckDuplicateSchemas | Checking for duplicate schemas, this could take a (long) while.  Run with --verbose for more detail.
warning | Resource action createCheckpoint under path '/{resourceUri}/providers/Microsoft.ScVmm/virtualMachineInstances/default/createCheckpoint' has no response schema. Returning 'any'.
warning | Resource action deleteCheckpoint under path '/{resourceUri}/providers/Microsoft.ScVmm/virtualMachineInstances/default/deleteCheckpoint' has no response schema. Returning 'any'.
warning | Resource action restart under path '/{resourceUri}/providers/Microsoft.ScVmm/virtualMachineInstances/default/restart' has no response schema. Returning 'any'.
warning | Resource action restoreCheckpoint under path '/{resourceUri}/providers/Microsoft.ScVmm/virtualMachineInstances/default/restoreCheckpoint' has no response schema. Returning 'any'.
warning | Resource action start under path '/{resourceUri}/providers/Microsoft.ScVmm/virtualMachineInstances/default/start' has no response schema. Returning 'any'.
warning | Resource action stop under path '/{resourceUri}/providers/Microsoft.ScVmm/virtualMachineInstances/default/stop' has no response schema. Returning 'any'.
warning | SkippedSemanticValidation | Semantic validation was skipped.
warning | PreCheck/CheckDuplicateSchemas | Checking for duplicate schemas, this could take a (long) while.  Run with --verbose for more detail.
warning | Resource action createCheckpoint under path '/{resourceUri}/providers/Microsoft.ScVmm/virtualMachineInstances/default/createCheckpoint' has no response schema. Returning 'any'.
warning | Resource action deleteCheckpoint under path '/{resourceUri}/providers/Microsoft.ScVmm/virtualMachineInstances/default/deleteCheckpoint' has no response schema. Returning 'any'.
warning | Resource action restart under path '/{resourceUri}/providers/Microsoft.ScVmm/virtualMachineInstances/default/restart' has no response schema. Returning 'any'.
warning | Resource action restoreCheckpoint under path '/{resourceUri}/providers/Microsoft.ScVmm/virtualMachineInstances/default/restoreCheckpoint' has no response schema. Returning 'any'.
warning | Resource action start under path '/{resourceUri}/providers/Microsoft.ScVmm/virtualMachineInstances/default/start' has no response schema. Returning 'any'.
warning | Resource action stop under path '/{resourceUri}/providers/Microsoft.ScVmm/virtualMachineInstances/default/stop' has no response schema. Returning 'any'.
warning | SkippedSemanticValidation | Semantic validation was skipped.
warning | PreCheck/CheckDuplicateSchemas | Checking for duplicate schemas, this could take a (long) while.  Run with --verbose for more detail.
warning | Resource action createCheckpoint under path '/{resourceUri}/providers/Microsoft.ScVmm/virtualMachineInstances/default/createCheckpoint' has no response schema. Returning 'any'.
warning | Resource action deleteCheckpoint under path '/{resourceUri}/providers/Microsoft.ScVmm/virtualMachineInstances/default/deleteCheckpoint' has no response schema. Returning 'any'.
warning | Resource action restart under path '/{resourceUri}/providers/Microsoft.ScVmm/virtualMachineInstances/default/restart' has no response schema. Returning 'any'.
warning | Resource action restoreCheckpoint under path '/{resourceUri}/providers/Microsoft.ScVmm/virtualMachineInstances/default/restoreCheckpoint' has no response schema. Returning 'any'.
warning | Resource action start under path '/{resourceUri}/providers/Microsoft.ScVmm/virtualMachineInstances/default/start' has no response schema. Returning 'any'.
warning | Resource action stop under path '/{resourceUri}/providers/Microsoft.ScVmm/virtualMachineInstances/default/stop' has no response schema. Returning 'any'.
warning | SkippedSemanticValidation | Semantic validation was skipped.
warning | PreCheck/SchemaMissingType | The schema 'MachineExtensionProperties-instanceView' with an undefined type and 'allOf'/'anyOf'/'oneOf' is a bit ambiguous. This has been auto-corrected to 'type:object'
    - file:///home/runner/work/bicep-types-az/bicep-types-az/workflow-temp/azure-rest-api-specs/specification/scvmm/resource-manager/Microsoft.ScVmm/ScVmm/preview/2023-04-01-preview/scvmm.json:6318:9
warning | PreCheck/CheckDuplicateSchemas | Checking for duplicate schemas, this could take a (long) while.  Run with --verbose for more detail.
warning | Unrecognized property type: any-object. Returning 'any'.
warning | Unrecognized property type: any-object. Returning 'any'.
warning | Unrecognized property type: any-object. Returning 'any'.
warning | Resource action stop under path '/subscriptions/{subscriptionId}/resourceGroups/{resourceGroupName}/providers/Microsoft.ScVmm/virtualMachines/{virtualMachineName}/stop' has no response schema. Returning 'any'.
warning | Resource action start under path '/subscriptions/{subscriptionId}/resourceGroups/{resourceGroupName}/providers/Microsoft.ScVmm/virtualMachines/{virtualMachineName}/start' has no response schema. Returning 'any'.
warning | Resource action restart under path '/subscriptions/{subscriptionId}/resourceGroups/{resourceGroupName}/providers/Microsoft.ScVmm/virtualMachines/{virtualMachineName}/restart' has no response schema. Returning 'any'.
warning | Resource action createCheckpoint under path '/subscriptions/{subscriptionId}/resourceGroups/{resourceGroupName}/providers/Microsoft.ScVmm/virtualMachines/{virtualMachineName}/createCheckpoint' has no response schema. Returning 'any'.
warning | Resource action deleteCheckpoint under path '/subscriptions/{subscriptionId}/resourceGroups/{resourceGroupName}/providers/Microsoft.ScVmm/virtualMachines/{virtualMachineName}/deleteCheckpoint' has no response schema. Returning 'any'.
warning | Resource action restoreCheckpoint under path '/subscriptions/{subscriptionId}/resourceGroups/{resourceGroupName}/providers/Microsoft.ScVmm/virtualMachines/{virtualMachineName}/restoreCheckpoint' has no response schema. Returning 'any'.
warning | Resource action stop under path '/{resourceUri}/providers/Microsoft.ScVmm/virtualMachineInstances/default/stop' has no response schema. Returning 'any'.
warning | Resource action start under path '/{resourceUri}/providers/Microsoft.ScVmm/virtualMachineInstances/default/start' has no response schema. Returning 'any'.
warning | Resource action restart under path '/{resourceUri}/providers/Microsoft.ScVmm/virtualMachineInstances/default/restart' has no response schema. Returning 'any'.
warning | Resource action createCheckpoint under path '/{resourceUri}/providers/Microsoft.ScVmm/virtualMachineInstances/default/createCheckpoint' has no response schema. Returning 'any'.
warning | Resource action deleteCheckpoint under path '/{resourceUri}/providers/Microsoft.ScVmm/virtualMachineInstances/default/deleteCheckpoint' has no response schema. Returning 'any'.
warning | Resource action restoreCheckpoint under path '/{resourceUri}/providers/Microsoft.ScVmm/virtualMachineInstances/default/restoreCheckpoint' has no response schema. Returning 'any'.
warning | SkippedSemanticValidation | Semantic validation was skipped.
warning | PreCheck/CheckDuplicateSchemas | Checking for duplicate schemas, this could take a (long) while.  Run with --verbose for more detail.
warning | Resource action stop under path '/subscriptions/{subscriptionId}/resourceGroups/{resourceGroupName}/providers/Microsoft.ScVmm/virtualMachines/{virtualMachineName}/stop' has no response schema. Returning 'any'.
warning | Resource action start under path '/subscriptions/{subscriptionId}/resourceGroups/{resourceGroupName}/providers/Microsoft.ScVmm/virtualMachines/{virtualMachineName}/start' has no response schema. Returning 'any'.
warning | Resource action restart under path '/subscriptions/{subscriptionId}/resourceGroups/{resourceGroupName}/providers/Microsoft.ScVmm/virtualMachines/{virtualMachineName}/restart' has no response schema. Returning 'any'.
warning | Resource action createCheckpoint under path '/subscriptions/{subscriptionId}/resourceGroups/{resourceGroupName}/providers/Microsoft.ScVmm/virtualMachines/{virtualMachineName}/createCheckpoint' has no response schema. Returning 'any'.
warning | Resource action deleteCheckpoint under path '/subscriptions/{subscriptionId}/resourceGroups/{resourceGroupName}/providers/Microsoft.ScVmm/virtualMachines/{virtualMachineName}/deleteCheckpoint' has no response schema. Returning 'any'.
warning | Resource action restoreCheckpoint under path '/subscriptions/{subscriptionId}/resourceGroups/{resourceGroupName}/providers/Microsoft.ScVmm/virtualMachines/{virtualMachineName}/restoreCheckpoint' has no response schema. Returning 'any'.
warning | SkippedSemanticValidation | Semantic validation was skipped.
warning | PreCheck/SchemaMissingType | The schema 'MachineExtensionProperties-instanceView' with an undefined type and 'allOf'/'anyOf'/'oneOf' is a bit ambiguous. This has been auto-corrected to 'type:object'
    - file:///home/runner/work/bicep-types-az/bicep-types-az/workflow-temp/azure-rest-api-specs/specification/scvmm/resource-manager/Microsoft.ScVmm/ScVmm/preview/2022-05-21-preview/scvmm.json:5230:9
warning | PreCheck/CheckDuplicateSchemas | Checking for duplicate schemas, this could take a (long) while.  Run with --verbose for more detail.
warning | Unrecognized property type: any-object. Returning 'any'.
warning | Unrecognized property type: any-object. Returning 'any'.
warning | Unrecognized property type: any-object. Returning 'any'.
warning | Resource action stop under path '/subscriptions/{subscriptionId}/resourceGroups/{resourceGroupName}/providers/Microsoft.ScVmm/virtualMachines/{virtualMachineName}/stop' has no response schema. Returning 'any'.
warning | Resource action start under path '/subscriptions/{subscriptionId}/resourceGroups/{resourceGroupName}/providers/Microsoft.ScVmm/virtualMachines/{virtualMachineName}/start' has no response schema. Returning 'any'.
warning | Resource action restart under path '/subscriptions/{subscriptionId}/resourceGroups/{resourceGroupName}/providers/Microsoft.ScVmm/virtualMachines/{virtualMachineName}/restart' has no response schema. Returning 'any'.
warning | Resource action createCheckpoint under path '/subscriptions/{subscriptionId}/resourceGroups/{resourceGroupName}/providers/Microsoft.ScVmm/virtualMachines/{virtualMachineName}/createCheckpoint' has no response schema. Returning 'any'.
warning | Resource action deleteCheckpoint under path '/subscriptions/{subscriptionId}/resourceGroups/{resourceGroupName}/providers/Microsoft.ScVmm/virtualMachines/{virtualMachineName}/deleteCheckpoint' has no response schema. Returning 'any'.
warning | Resource action restoreCheckpoint under path '/subscriptions/{subscriptionId}/resourceGroups/{resourceGroupName}/providers/Microsoft.ScVmm/virtualMachines/{virtualMachineName}/restoreCheckpoint' has no response schema. Returning 'any'.
